★ eas-cli@20.0.0 is now available.
To upgrade, run:
npm install -g eas-cli
Proceeding with outdated version.

Resolved "production" environment for the build. Learn more: https://docs.expo.dev/eas/environment-variables/#setting-the-environment-for-your-builds
No environment variables with visibility "Plain text" and "Sensitive" found for the "production" environment on EAS.

⠋ Incrementing buildNumber from 4 to 5.⠙ Incrementing buildNumber from 4 to 5.⠹ Incrementing buildNumber from 4 to 5.⠸ Incrementing buildNumber from 4 to 5.⠼ Incrementing buildNumber from 4 to 5.⠴ Incrementing buildNumber from 4 to 5.✔ Incremented buildNumber from 4 to 5.
✔ Using remote iOS credentials (Expo server)

If you provide your Apple account credentials we will be able to generate all necessary build credentials and fully validate them.
This is optional, but without Apple account access you will need to provide all the missing values manually and we can only run minimal validation on them.
[?25l[2K[1G[36m?[39m [1mDo you want to log in to your Apple account?[22m [90m›[39m [90m(Y/n)[39m[2K[1G[2K[1G[32m✔[39m [1mDo you want to log in to your Apple account?[22m [90m…[39m yes
[?25h
› Log in to your Apple Developer account to continue
[2K[1G[36m?[39m [1mApple ID:[22m [90m›[39m [90malbertfullard@yahoo.com[39m78[2K[1G[2K[1G[32m✔[39m [1mApple ID:[22m [90m…[39m albertfullard@yahoo.com78
[?25h› Restoring session /Users/hamzabinamin/.app-store/auth/albertfullard@yahoo.com/cookie
› Team Albertus Fullard (RMEHNGJ9PR)
› Provider Albert Fullard (890623)
✔ Logged in Local session
⠋ Linking bundle identifier com.fanscores.app⠙ Linking bundle identifier com.fanscores.app⠹ Linking bundle identifier com.fanscores.app⠸ Linking bundle identifier com.fanscores.app⠼ Linking bundle identifier com.fanscores.app⠴ Linking bundle identifier com.fanscores.app⠦ Linking bundle identifier com.fanscores.app⠧ Linking bundle identifier com.fanscores.app⠇ Linking bundle identifier com.fanscores.app✔ Bundle identifier registered com.fanscores.app
⠋ Syncing capabilities⠙ Syncing capabilities⠹ Syncing capabilities⠸ Syncing capabilities⠼ Syncing capabilities⠴ Syncing capabilities⠦ Syncing capabilities✔ Synced capabilities: No updates
⠋ Syncing capabilities identifiers⠙ Syncing capabilities identifiers⠹ Syncing capabilities identifiers⠸ Syncing capabilities identifiers⠼ Syncing capabilities identifiers⠴ Syncing capabilities identifiers⠦ Syncing capabilities identifiers⠧ Syncing capabilities identifiers✔ Synced capability identifiers: No updates
⠋ Fetching Apple distribution certificates⠙ Fetching Apple distribution certificates⠹ Fetching Apple distribution certificates⠸ Fetching Apple distribution certificates⠼ Fetching Apple distribution certificates⠴ Fetching Apple distribution certificates⠦ Fetching Apple distribution certificates✔ Fetched Apple distribution certificates
⠋ Fetching Apple provisioning profiles⠙ Fetching Apple provisioning profiles⠹ Fetching Apple provisioning profiles⠸ Fetching Apple provisioning profiles⠼ Fetching Apple provisioning profiles⠴ Fetching Apple provisioning profiles⠦ Fetching Apple provisioning profiles⠧ Fetching Apple provisioning profiles⠇ Fetching Apple provisioning profiles⠏ Fetching Apple provisioning profiles⠋ Fetching Apple provisioning profiles⠙ Fetching Apple provisioning profiles⠹ Fetching Apple provisioning profiles⠸ Fetching Apple provisioning profiles⠼ Fetching Apple provisioning profiles⠴ Fetching Apple provisioning profiles⠦ Fetching Apple provisioning profiles⠧ Fetching Apple provisioning profiles⠇ Fetching Apple provisioning profiles⠏ Fetching Apple provisioning profiles⠋ Fetching Apple provisioning profiles⠙ Fetching Apple provisioning profiles⠹ Fetching Apple provisioning profiles⠸ Fetching Apple provisioning profiles⠼ Fetching Apple provisioning profiles⠴ Fetching Apple provisioning profiles⠦ Fetching Apple provisioning profiles⠧ Fetching Apple provisioning profiles⠇ Fetching Apple provisioning profiles⠏ Fetching Apple provisioning profiles⠋ Fetching Apple provisioning profiles⠙ Fetching Apple provisioning profiles⠹ Fetching Apple provisioning profiles⠸ Fetching Apple provisioning profiles⠼ Fetching Apple provisioning profiles⠴ Fetching Apple provisioning profiles⠦ Fetching Apple provisioning profiles✔ Fetched Apple provisioning profiles

Project Credentials Configuration

Project                   @hamzabinamin/FanScores
Bundle Identifier         com.fanscores.app
                          
App Store Configuration   
                          
Distribution Certificate  
Serial Number             4896AAFA949487F406CBE6D9ACE4F83A
Expiration Date           Wed, 14 Apr 2027 18:44:43 GMT+0500
Apple Team                RMEHNGJ9PR (Albertus Fullard (Individual))
Updated                   1 month ago
                          
Provisioning Profile      
Developer Portal ID       Q5BCSA2MTC
Status                    active
Expiration                Wed, 14 Apr 2027 18:44:43 GMT+0500
Apple Team                RMEHNGJ9PR (Albertus Fullard (Individual))
Updated                   5 hours ago
                          
All credentials are ready to build @hamzabinamin/FanScores (com.fanscores.app)

⠋ Computing project fingerprint⠙ Computing project fingerprint⠹ Computing project fingerprint⠸ Computing project fingerprint⠼ Computing project fingerprint⠴ Computing project fingerprint⠦ Computing project fingerprint⠧ Computing project fingerprint⠇ Computing project fingerprint⠏ Computing project fingerprint⠋ Computing project fingerprint⠙ Computing project fingerprint⠹ Computing project fingerprint⠸ Computing project fingerprint⠼ Computing project fingerprint⠴ Computing project fingerprint⠦ Computing project fingerprint⠧ Computing project fingerprint⠇ Computing project fingerprint⠏ Computing project fingerprint⠋ Computing project fingerprint⠙ Computing project fingerprint⠹ Computing project fingerprint✔ Computed project fingerprint
[SETUP_WORKINGDIR] Preparing workingdir /var/folders/q1/2sbmtgjx5bn59y9rn8g4q8q40000gn/T/eas-build-local-nodejs/f8856988-254a-4d92-a109-a73ab29a9e40
[START_BUILD] Starting build
  "job": {
    "type": "managed",
    "platform": "ios",
    "projectArchive": {
      "type": "PATH",
      "path": "/var/folders/q1/2sbmtgjx5bn59y9rn8g4q8q40000gn/T/eas-cli-nodejs/d6bc206c-53fa-47de-a6fb-316a5d2d2667.tar.gz"
    },
    "projectRootDirectory": ".",
    "builderEnvironment": {
      "env": {}
    },
    "cache": {
      "disabled": false,
      "paths": [],
      "clear": false
    },
    "updates": {},
    "scheme": "FanScores",
    "username": "hamzabinamin",
    "version": {
      "buildNumber": "5"
    },
    "experimental": {},
    "mode": "build",
    "triggeredBy": "EAS_CLI",
    "appId": "82167ab4-a239-4b46-b28d-7cc7e9e7aec3",
    "initiatingUserId": "195e3f4e-078f-48d4-b7e0-1f51c653eaaa"
  }
Local build, skipping project archive refresh
[READ_EAS_JSON] Using eas.json:
[READ_EAS_JSON] {
  "cli": {
    "version": ">= 16.13.2",
    "appVersionSource": "remote"
  },
  "build": {
    "development": {
      "developmentClient": true,
      "distribution": "internal"
    },
    "preview": {
      "distribution": "internal"
    },
    "production": {
      "autoIncrement": true
    }
  },
  "submit": {
    "production": {}
  }
}

[READ_PACKAGE_JSON] Using package.json:
[READ_PACKAGE_JSON] {
  "name": "fanscores",
  "main": "expo-router/entry",
  "version": "1.0.0",
  "scripts": {
    "start": "expo start",
    "reset-project": "node ./scripts/reset-project.js",
    "android": "expo run:android",
    "ios": "expo run:ios",
    "web": "expo start --web",
    "lint": "expo lint"
  },
  "dependencies": {
    "@expo/vector-icons": "^15.0.2",
    "@react-native-async-storage/async-storage": "2.2.0",
    "@react-native-firebase/app": "^24.0.0",
    "@react-native-firebase/auth": "^24.0.0",
    "@react-native-firebase/firestore": "^24.0.0",
    "@react-navigation/bottom-tabs": "^7.4.0",
    "@react-navigation/elements": "^2.9.10",
    "@react-navigation/native": "^7.1.8",
    "expo": "~56.0.0",
    "expo-build-properties": "~56.0.15",
    "expo-constants": "~56.0.16",
    "expo-dev-client": "~56.0.16",
    "expo-device": "~56.0.4",
    "expo-font": "~56.0.5",
    "expo-image": "~56.0.9",
    "expo-linking": "~56.0.12",
    "expo-router": "~56.2.7",
    "expo-splash-screen": "~56.0.10",
    "expo-status-bar": "~56.0.4",
    "expo-symbols": "~56.0.5",
    "expo-system-ui": "~56.0.5",
    "expo-web-browser": "~56.0.5",
    "react": "19.2.3",
    "react-dom": "19.2.3",
    "react-native": "0.85.3",
    "react-native-gesture-handler": "~2.31.1",
    "react-native-reanimated": "4.3.1",
    "react-native-safe-area-context": "~5.7.0",
    "react-native-screens": "4.25.2",
    "react-native-web": "~0.21.0"
  },
  "devDependencies": {
    "@types/react": "~19.2.14",
    "typescript": "~6.0.3"
  },
  "private": true
}
[INSTALL_DEPENDENCIES] Running "npm ci --include=dev" in /var/folders/q1/2sbmtgjx5bn59y9rn8g4q8q40000gn/T/eas-build-local-nodejs/f8856988-254a-4d92-a109-a73ab29a9e40/build directory
[INSTALL_DEPENDENCIES] npm warn deprecated uuid@7.0.3: uuid@10 and below is no longer supported.  For ESM codebases, update to uuid@latest.  For CommonJS codebases, use uuid@11 (but be aware this version will likely be deprecated in 2028).
[INSTALL_DEPENDENCIES] added 693 packages, and audited 694 packages in 11s
[INSTALL_DEPENDENCIES] 
[INSTALL_DEPENDENCIES] 46 packages are looking for funding
[INSTALL_DEPENDENCIES]   run `npm fund` for details
[INSTALL_DEPENDENCIES] 14 moderate severity vulnerabilities
[INSTALL_DEPENDENCIES] 
[INSTALL_DEPENDENCIES] To address issues that do not require attention, run:
[INSTALL_DEPENDENCIES]   npm audit fix
[INSTALL_DEPENDENCIES] 
[INSTALL_DEPENDENCIES] To address all issues (including breaking changes), run:
[INSTALL_DEPENDENCIES]   npm audit fix --force
[INSTALL_DEPENDENCIES] 
[INSTALL_DEPENDENCIES] Run `npm audit` for details.
The NODE_ENV environment variable is required but was not specified. Ensure the project is bundled with Expo CLI or NODE_ENV is set.
Proceeding without mode-specific .env
[READ_APP_CONFIG] Using app configuration:
[READ_APP_CONFIG] {
  "name": "FanScores",
  "slug": "FanScores",
  "version": "1.0.0",
  "orientation": "portrait",
  "icon": "./assets/images/icon.png",
  "scheme": "fanscores",
  "userInterfaceStyle": "automatic",
  "ios": {
    "bundleIdentifier": "com.fanscores.app",
    "googleServicesFile": "./GoogleService-Info.plist",
    "newArchEnabled": true,
    "deploymentTarget": "16.4",
    "icon": "./assets/expo.icon",
    "infoPlist": {
      "ITSAppUsesNonExemptEncryption": false
    }
  },
  "android": {
    "package": "com.fanscores.app",
    "googleServicesFile": "./google-services.json",
    "adaptiveIcon": {
      "backgroundColor": "#E6F4FE",
      "foregroundImage": "./assets/images/android-icon-foreground.png",
      "backgroundImage": "./assets/images/android-icon-background.png",
      "monochromeImage": "./assets/images/android-icon-monochrome.png"
    },
    "predictiveBackGestureEnabled": false
  },
  "web": {
    "output": "static",
    "favicon": "./assets/images/favicon.png"
  },
  "plugins": [
    "expo-router",
    [
      "expo-splash-screen",
      {
        "backgroundColor": "#208AEF",
        "android": {
          "image": "./assets/images/splash-icon.png",
          "imageWidth": 76
        }
      }
    ],
    "expo-font",
    "expo-web-browser",
    "@react-native-firebase/app",
    "@react-native-firebase/auth",
    [
      "expo-build-properties",
      {
        "ios": {
          "useFrameworks": "static"
        }
      }
    ]
  ],
  "experiments": {
    "typedRoutes": true,
    "reactCompiler": true
  },
  "extra": {
    "router": {},
    "eas": {
      "projectId": "82167ab4-a239-4b46-b28d-7cc7e9e7aec3"
    }
  },
  "sdkVersion": "56.0.0",
  "platforms": [
    "ios",
    "android",
    "web"
  ]
}
[RUN_EXPO_DOCTOR] Running "expo doctor"
[RUN_EXPO_DOCTOR] Running 21 checks on your project...
[RUN_EXPO_DOCTOR] 17/21 checks passed. 4 checks failed. Possible issues detected:
[RUN_EXPO_DOCTOR] Use the --verbose flag to see more details about passed checks.
[RUN_EXPO_DOCTOR] 
[RUN_EXPO_DOCTOR] ✖ Check Expo config (app.json/ app.config.js) schema
[RUN_EXPO_DOCTOR] Error validating fields in /private/var/folders/q1/2sbmtgjx5bn59y9rn8g4q8q40000gn/T/eas-build-local-nodejs/f8856988-254a-4d92-a109-a73ab29a9e40/build/app.json:
[RUN_EXPO_DOCTOR]  Field: ios - should NOT have additional property 'newArchEnabled'.
[RUN_EXPO_DOCTOR] Advice:
[RUN_EXPO_DOCTOR] Resolve schema errors in your app config. Learn more: https://docs.expo.dev/workflow/configuration/
[RUN_EXPO_DOCTOR] 
[RUN_EXPO_DOCTOR] ✖ Check that required peer dependencies are installed
[RUN_EXPO_DOCTOR] Missing peer dependency: react-native-worklets
[RUN_EXPO_DOCTOR] Required by: react-native-reanimated
[RUN_EXPO_DOCTOR] Advice:
[RUN_EXPO_DOCTOR] Install missing required peer dependency with "npx expo install react-native-worklets"
[RUN_EXPO_DOCTOR] Your app may crash outside of Expo Go without this dependency. Native module peer dependencies must be installed directly.
[RUN_EXPO_DOCTOR] ✖ Check that @react-navigation packages are not installed alongside expo-router
[RUN_EXPO_DOCTOR] As of SDK 56, expo-router is no longer compatible with react-navigation. The following @react-navigation packages are installed as direct dependencies and should be removed: "@react-navigation/bottom-tabs", "@react-navigation/elements", "@react-navigation/native".
[RUN_EXPO_DOCTOR] Advice:
[RUN_EXPO_DOCTOR] Remove these packages from your package.json and replace any direct `@react-navigation/*` imports in your code with their expo-router equivalents. See https://docs.expo.dev/router/migrate/sdk-55-to-56/ for more information.
[RUN_EXPO_DOCTOR] 
[RUN_EXPO_DOCTOR] ✖ Check that packages match versions required by installed Expo SDK
[RUN_EXPO_DOCTOR] 
[RUN_EXPO_DOCTOR] 🔧 Patch version mismatches
[RUN_EXPO_DOCTOR] package                expected  found    
[RUN_EXPO_DOCTOR] expo                   ~56.0.8   56.0.7   
[RUN_EXPO_DOCTOR] expo-build-properties  ~56.0.16  56.0.15  
[RUN_EXPO_DOCTOR] 
[RUN_EXPO_DOCTOR] Changelogs:
[RUN_EXPO_DOCTOR] - expo-build-properties → https://github.com/expo/expo/blob/sdk-56/packages/expo-build-properties/CHANGELOG.md
[RUN_EXPO_DOCTOR] 
[RUN_EXPO_DOCTOR] 2 packages out of date.
[RUN_EXPO_DOCTOR] Advice:
[RUN_EXPO_DOCTOR] Use 'npx expo install --check' to review and upgrade your dependencies.
[RUN_EXPO_DOCTOR] To ignore specific packages, add them to "expo.install.exclude" in package.json. Learn more: https://expo.fyi/dependency-validation
[RUN_EXPO_DOCTOR] 4 checks failed, indicating possible issues with the project.
[RUN_EXPO_DOCTOR] Command "expo doctor" failed.
Error: npx -y expo-doctor exited with non-zero code: 1
    at ChildProcess.completionListener (/Users/hamzabinamin/.npm/_npx/cea154a2e66d8cb7/node_modules/@expo/spawn-async/build/spawnAsync.js:113:23)
    at Object.onceWrapper (node:events:639:26)
    at ChildProcess.emit (node:events:524:28)
    at ChildProcess.emit (node:domain:489:12)
    at maybeClose (node:internal/child_process:1104:16)
    at ChildProcess._handle.onexit (node:internal/child_process:304:5)
    ...
    at spawnAsync (/Users/hamzabinamin/.npm/_npx/cea154a2e66d8cb7/node_modules/@expo/spawn-async/build/spawnAsync.js:9:23)
    at spawn (/Users/hamzabinamin/.npm/_npx/cea154a2e66d8cb7/node_modules/@expo/turtle-spawn/dist/index.js:16:47)
    at runExpoDoctor (/Users/hamzabinamin/.npm/_npx/cea154a2e66d8cb7/node_modules/@expo/build-tools/dist/common/setup.js:139:52)
    at process.processTicksAndRejections (node:internal/process/task_queues:95:5)
    at async /Users/hamzabinamin/.npm/_npx/cea154a2e66d8cb7/node_modules/@expo/build-tools/dist/common/setup.js:118:17
    at async BuildContext.runBuildPhase (/Users/hamzabinamin/.npm/_npx/cea154a2e66d8cb7/node_modules/@expo/build-tools/dist/context.js:126:28)
    at async setupAsync (/Users/hamzabinamin/.npm/_npx/cea154a2e66d8cb7/node_modules/@expo/build-tools/dist/common/setup.js:116:9)
    at async buildAsync (/Users/hamzabinamin/.npm/_npx/cea154a2e66d8cb7/node_modules/@expo/build-tools/dist/builders/ios.js:52:5)
    at async runBuilderWithHooksAsync (/Users/hamzabinamin/.npm/_npx/cea154a2e66d8cb7/node_modules/@expo/build-tools/dist/builders/common.js:12:13)
    at async Object.iosBuilder (/Users/hamzabinamin/.npm/_npx/cea154a2e66d8cb7/node_modules/@expo/build-tools/dist/builders/ios.js:39:16)
[PREPARE_CREDENTIALS] Preparing credentials
[PREPARE_CREDENTIALS] Creating keychain
[PREPARE_CREDENTIALS] Preparing credentials for target 'FanScores'
[PREPARE_CREDENTIALS] Getting distribution certificate fingerprint and common name
[PREPARE_CREDENTIALS] Fingerprint = "402962E8E1864948C1AE5848879D7521235A4585", common name = iPhone Distribution: Albertus Fullard (RMEHNGJ9PR)
[PREPARE_CREDENTIALS] Writing distribution certificate to /var/folders/q1/2sbmtgjx5bn59y9rn8g4q8q40000gn/T/f40c41a1-bd83-49cc-92c2-48cf7ae3f679.p12
[PREPARE_CREDENTIALS] Importing distribution certificate into the keychain
[PREPARE_CREDENTIALS] Initializing provisioning profile
[PREPARE_CREDENTIALS] Validating whether the distribution certificate has been imported successfully
[PREPARE_CREDENTIALS] Verifying whether the distribution certificate and provisioning profile match
[PREBUILD] - Creating native directory (./ios)
[PREBUILD] ✔ Created native directory
[PREBUILD] - Updating package.json
[PREBUILD] ✔ Updated package.json | no changes
[PREBUILD] - Running prebuild
[PREBUILD] [@react-native-firebase/auth] REVERSED_CLIENT_ID not found in GoogleService-Info.plist. This is required for Google Sign-In — if you need it, enable Google Sign-In in the Firebase console and re-download your plist. Phone auth reCAPTCHA will still work via the Encoded App ID scheme.
[PREBUILD] - Running prebuild
[PREBUILD] » ios: @react-native-firebase/auth: modifying iOS AppDelegate openURL method to ignore firebaseauth reCAPTCHA redirect URLs
[PREBUILD] - Running prebuild
[PREBUILD] ✔ Finished prebuild
[PREBUILD] Running "npm install --include=dev" in /var/folders/q1/2sbmtgjx5bn59y9rn8g4q8q40000gn/T/eas-build-local-nodejs/f8856988-254a-4d92-a109-a73ab29a9e40/build directory
[PREBUILD] up to date, audited 694 packages in 1s
[PREBUILD] 46 packages are looking for funding
[PREBUILD]   run `npm fund` for details
[PREBUILD] 14 moderate severity vulnerabilities
[PREBUILD] 
[PREBUILD] To address issues that do not require attention, run:
[PREBUILD]   npm audit fix
[PREBUILD] 
[PREBUILD] To address all issues (including breaking changes), run:
[PREBUILD]   npm audit fix --force
[PREBUILD] 
[PREBUILD] Run `npm audit` for details.
[RESTORE_CACHE] Local builds do not support restoring cache
[INSTALL_PODS] Using Expo modules
[INSTALL_PODS] [Expo] Enabling modular headers for pod ExpoModulesCore
[INSTALL_PODS] [Expo] Enabling modular headers for pod ExpoModulesWorklets
[INSTALL_PODS] [Expo] Enabling modular headers for pod React-RCTFabric
[INSTALL_PODS] [Expo] Enabling modular headers for pod ExpoModulesJSI
[INSTALL_PODS] [Expo] Enabling modular headers for pod React-RCTAppDelegate
[INSTALL_PODS] [Expo] Enabling modular headers for pod ReactAppDependencyProvider
[INSTALL_PODS] [Expo] Enabling modular headers for pod React-Core
[INSTALL_PODS] [Expo] Enabling modular headers for pod ReactCodegen
[INSTALL_PODS] [Expo] Enabling modular headers for pod RCTRequired
[INSTALL_PODS] [Expo] Enabling modular headers for pod RCTTypeSafety
[INSTALL_PODS] [Expo] Enabling modular headers for pod ReactCommon
[INSTALL_PODS] [Expo] Enabling modular headers for pod React-NativeModulesApple
[INSTALL_PODS] [Expo] Enabling modular headers for pod Yoga
[INSTALL_PODS] [Expo] Enabling modular headers for pod React-Fabric
[INSTALL_PODS] [Expo] Enabling modular headers for pod React-graphics
[INSTALL_PODS] [Expo] Enabling modular headers for pod React-utils
[INSTALL_PODS] [Expo] Enabling modular headers for pod React-featureflags
[INSTALL_PODS] [Expo] Enabling modular headers for pod React-debug
[INSTALL_PODS] [Expo] Enabling modular headers for pod React-ImageManager
[INSTALL_PODS] [Expo] Enabling modular headers for pod React-rendererdebug
[INSTALL_PODS] [Expo] Enabling modular headers for pod React-jsi
[INSTALL_PODS] [Expo] Enabling modular headers for pod React-renderercss
[INSTALL_PODS] [Expo] Enabling modular headers for pod hermes-engine
[INSTALL_PODS] [Expo] Enabling modular headers for pod glog
[INSTALL_PODS] [Expo] Enabling modular headers for pod boost
[INSTALL_PODS] [Expo] Enabling modular headers for pod DoubleConversion
[INSTALL_PODS] [Expo] Enabling modular headers for pod fast_float
[INSTALL_PODS] [Expo] Enabling modular headers for pod fmt
[INSTALL_PODS] [Expo] Enabling modular headers for pod RCT-Folly
[INSTALL_PODS] [Expo] Enabling modular headers for pod SocketRocket
[INSTALL_PODS] [Expo] Enabling modular headers for pod expo-dev-menu-interface
[INSTALL_PODS] [Expo] Enabling modular headers for pod EXManifests
[INSTALL_PODS] [Expo] Enabling modular headers for pod EXUpdatesInterface
[INSTALL_PODS] [Expo] Enabling modular headers for pod expo-dev-menu
[INSTALL_PODS] [Expo] Enabling modular headers for pod React-jsinspector
[INSTALL_PODS] [Expo] Enabling modular headers for pod expo-dev-launcher
[INSTALL_PODS] [Expo] Enabling modular headers for pod SDWebImage
[INSTALL_PODS] [Expo] Enabling modular headers for pod SDWebImageAVIFCoder
[INSTALL_PODS] [Expo] Enabling modular headers for pod SDWebImageSVGCoder
[INSTALL_PODS] [Expo] Enabling modular headers for pod SDWebImageWebPCoder
[INSTALL_PODS] [Expo] Enabling modular headers for pod libavif
[INSTALL_PODS] [Expo] Enabling modular headers for pod RNScreens
[INSTALL_PODS] [RNScreens] Gamma project enabled. Including source files.
[INSTALL_PODS] Found 11 modules for target `FanScores`
[INSTALL_PODS] link_native_modules! {:ios_packages=>[{:configurations=>[], :name=>"@react-native-async-storage/async-storage", :root=>"/private/var/folders/q1/2sbmtgjx5bn59y9rn8g4q8q40000gn/T/eas-build-local-nodejs/f8856988-254a-4d92-a109-a73ab29a9e40/build/node_modules/@react-native-async-storage/async-storage", :path=>"../node_modules/@react-native-async-storage/async-storage", :podspec_path=>"/private/var/folders/q1/2sbmtgjx5bn59y9rn8g4q8q40000gn/T/eas-build-local-nodejs/f8856988-254a-4d92-a109-a73ab29a9e40/build/node_modules/@react-native-async-storage/async-storage/RNCAsyncStorage.podspec", :script_phases=>[]}, {:configurations=>[], :name=>"@react-native-firebase/app", :root=>"/private/var/folders/q1/2sbmtgjx5bn59y9rn8g4q8q40000gn/T/eas-build-local-nodejs/f8856988-254a-4d92-a109-a73ab29a9e40/build/node_modules/@react-native-firebase/app", :path=>"../node_modules/@react-native-firebase/app", :podspec_path=>"/private/var/folders/q1/2sbmtgjx5bn59y9rn8g4q8q40000gn/T/eas-build-local-nodejs/f8856988-254a-4d92-a109-a73ab29a9e40/build/node_modules/@react-native-firebase/app/RNFBApp.podspec", :script_phases=>[{"name"=>"[RNFB] Core Configuration", "path"=>"./ios_config.sh", "execution_position"=>"after_compile", "input_files"=>["$(BUILT_PRODUCTS_DIR)/$(INFOPLIST_PATH)"]}]}, {:configurations=>[], :name=>"@react-native-firebase/auth", :root=>"/private/var/folders/q1/2sbmtgjx5bn59y9rn8g4q8q40000gn/T/eas-build-local-nodejs/f8856988-254a-4d92-a109-a73ab29a9e40/build/node_modules/@react-native-firebase/auth", :path=>"../node_modules/@react-native-firebase/auth", :podspec_path=>"/private/var/folders/q1/2sbmtgjx5bn59y9rn8g4q8q40000gn/T/eas-build-local-nodejs/f8856988-254a-4d92-a109-a73ab29a9e40/build/node_modules/@react-native-firebase/auth/RNFBAuth.podspec", :script_phases=>[]}, {:configurations=>[], :name=>"@react-native-firebase/firestore", :root=>"/private/var/folders/q1/2sbmtgjx5bn59y9rn8g4q8q40000gn/T/eas-build-local-nodejs/f8856988-254a-4d92-a109-a73ab29a9e40/build/node_modules/@react-native-firebase/firestore", :path=>"../node_modules/@react-native-firebase/firestore", :podspec_path=>"/private/var/folders/q1/2sbmtgjx5bn59y9rn8g4q8q40000gn/T/eas-build-local-nodejs/f8856988-254a-4d92-a109-a73ab29a9e40/build/node_modules/@react-native-firebase/firestore/RNFBFirestore.podspec", :script_phases=>[]}, {:configurations=>[], :name=>"expo", :root=>"/private/var/folders/q1/2sbmtgjx5bn59y9rn8g4q8q40000gn/T/eas-build-local-nodejs/f8856988-254a-4d92-a109-a73ab29a9e40/build/node_modules/expo", :path=>"../node_modules/expo", :podspec_path=>"/private/var/folders/q1/2sbmtgjx5bn59y9rn8g4q8q40000gn/T/eas-build-local-nodejs/f8856988-254a-4d92-a109-a73ab29a9e40/build/node_modules/expo/Expo.podspec", :script_phases=>[]}, {:configurations=>[], :name=>"react-native-gesture-handler", :root=>"/private/var/folders/q1/2sbmtgjx5bn59y9rn8g4q8q40000gn/T/eas-build-local-nodejs/f8856988-254a-4d92-a109-a73ab29a9e40/build/node_modules/react-native-gesture-handler", :path=>"../node_modules/react-native-gesture-handler", :podspec_path=>"/private/var/folders/q1/2sbmtgjx5bn59y9rn8g4q8q40000gn/T/eas-build-local-nodejs/f8856988-254a-4d92-a109-a73ab29a9e40/build/node_modules/react-native-gesture-handler/RNGestureHandler.podspec", :script_phases=>[]}, {:configurations=>[], :name=>"react-native-reanimated", :root=>"/private/var/folders/q1/2sbmtgjx5bn59y9rn8g4q8q40000gn/T/eas-build-local-nodejs/f8856988-254a-4d92-a109-a73ab29a9e40/build/node_modules/react-native-reanimated", :path=>"../node_modules/react-native-reanimated", :podspec_path=>"/private/var/folders/q1/2sbmtgjx5bn59y9rn8g4q8q40000gn/T/eas-build-local-nodejs/f8856988-254a-4d92-a109-a73ab29a9e40/build/node_modules/react-native-reanimated/RNReanimated.podspec", :script_phases=>[]}, {:configurations=>[], :name=>"react-native-safe-area-context", :root=>"/private/var/folders/q1/2sbmtgjx5bn59y9rn8g4q8q40000gn/T/eas-build-local-nodejs/f8856988-254a-4d92-a109-a73ab29a9e40/build/node_modules/react-native-safe-area-context", :path=>"../node_modules/react-native-safe-area-context", :podspec_path=>"/private/var/folders/q1/2sbmtgjx5bn59y9rn8g4q8q40000gn/T/eas-build-local-nodejs/f8856988-254a-4d92-a109-a73ab29a9e40/build/node_modules/react-native-safe-area-context/react-native-safe-area-context.podspec", :script_phases=>[]}, {:configurations=>[], :name=>"react-native-screens", :root=>"/private/var/folders/q1/2sbmtgjx5bn59y9rn8g4q8q40000gn/T/eas-build-local-nodejs/f8856988-254a-4d92-a109-a73ab29a9e40/build/node_modules/react-native-screens", :path=>"../node_modules/react-native-screens", :podspec_path=>"/private/var/folders/q1/2sbmtgjx5bn59y9rn8g4q8q40000gn/T/eas-build-local-nodejs/f8856988-254a-4d92-a109-a73ab29a9e40/build/node_modules/react-native-screens/RNScreens.podspec", :script_phases=>[]}, {:configurations=>[], :name=>"@react-native-masked-view/masked-view", :root=>"/private/var/folders/q1/2sbmtgjx5bn59y9rn8g4q8q40000gn/T/eas-build-local-nodejs/f8856988-254a-4d92-a109-a73ab29a9e40/build/node_modules/@react-native-masked-view/masked-view", :path=>"../node_modules/@react-native-masked-view/masked-view", :podspec_path=>"/private/var/folders/q1/2sbmtgjx5bn59y9rn8g4q8q40000gn/T/eas-build-local-nodejs/f8856988-254a-4d92-a109-a73ab29a9e40/build/node_modules/@react-native-masked-view/masked-view/RNCMaskedView.podspec", :script_phases=>[]}, {:configurations=>[], :name=>"react-native-worklets", :root=>"/private/var/folders/q1/2sbmtgjx5bn59y9rn8g4q8q40000gn/T/eas-build-local-nodejs/f8856988-254a-4d92-a109-a73ab29a9e40/build/node_modules/react-native-worklets", :path=>"../node_modules/react-native-worklets", :podspec_path=>"/private/var/folders/q1/2sbmtgjx5bn59y9rn8g4q8q40000gn/T/eas-build-local-nodejs/f8856988-254a-4d92-a109-a73ab29a9e40/build/node_modules/react-native-worklets/RNWorklets.podspec", :script_phases=>[]}], :ios_project_root_path=>"/private/var/folders/q1/2sbmtgjx5bn59y9rn8g4q8q40000gn/T/eas-build-local-nodejs/f8856988-254a-4d92-a109-a73ab29a9e40/build/ios", :react_native_path=>"../node_modules/react-native"}
[INSTALL_PODS] Adding a custom script phase for Pod RNFBApp: [RNFB] Core Configuration
[INSTALL_PODS] [RNScreens] Gamma project enabled. Including source files.
[INSTALL_PODS] Auto-linking React Native modules for target `FanScores`: RNCAsyncStorage, RNCMaskedView, RNFBApp, RNFBAuth, RNFBFirestore, RNGestureHandler, RNReanimated, RNScreens, RNWorklets, and react-native-safe-area-context
[INSTALL_PODS] Framework build type is static framework
[INSTALL_PODS] [ReactNativeDependencies] Setting up ReactNativeDependencies...
[INSTALL_PODS] [ReactNativeDependencies] Building from source: false
[INSTALL_PODS] [ReactNativeDependencies] Using tarball from URL: https://repo1.maven.org/maven2/com/facebook/react/react-native-artifacts/0.85.3/react-native-artifacts-0.85.3-reactnative-dependencies-debug.tar.gz
[INSTALL_PODS] % Total    % Received % Xferd  Average Speed   Time    Time     Time  Current
[INSTALL_PODS] Dload  Upload   Total   Spent    Left  Speed
[INSTALL_PODS]   0     0    0     0    0     0      0      0 --:--:-- --:--:-- --:--:--     0
[INSTALL_PODS] 25 17.8M   25 4623k    0     0  10.7M      0  0:00:01 --:--:--  0:00:01 10.7M
[INSTALL_PODS] 100 17.8M  100 17.8M    0     0  17.4M      0  0:00:01  0:00:0
[INSTALL_PODS] 1 --:--:-- 17.4M
[INSTALL_PODS] % Total    % Received % Xferd  Average Speed   Time    Ti
[INSTALL_PODS] me     Time  Current
[INSTALL_PODS]                                  Dload  Upload   Total   Spent    Left  Speed
[INSTALL_PODS]   0     0    0     0    0     0      0      0 --:--:-- --:--:-- --:--:--     0
[INSTALL_PODS] 31  9.9M   31 3220k    0     0  9108k      0  0:00:0
[INSTALL_PODS] 1 --:--:--  0:00:01 9098k
[INSTALL_PODS] 100  9.9M  100  9.9M    0     0  12.0M      0
[INSTALL_PODS] --:--:-- --:--:-- --:--:-- 12.0M
[INSTALL_PODS] [ReactNativeDependencies] Source: {:http=>"file:///private/var/folders/q1/2sbmtgjx5bn59y9rn8g4q8q40000gn/T/eas-build-local-nodejs/f8856988-254a-4d92-a109-a73ab29a9e40/build/ios/Pods/ReactNativeDependencies-artifacts/reactnative-dependencies-0.85.3-debug.tar.gz"}
[INSTALL_PODS] [ReactNativeCore] Setting up ReactNativeCore...
[INSTALL_PODS] [ReactNativeCore] Building from source: false
[INSTALL_PODS] Configuring the target with the New Architecture
[INSTALL_PODS] [ReactNativeCore] Using React Native Core and React Native Dependencies prebuilt versions.
[INSTALL_PODS] [36m[1m[Codegen][0m Analyzing /private/var/folders/q1/2sbmtgjx5bn59y9rn8g4q8q40000gn/T/eas-build-local-nodejs/f8856988-254a-4d92-a109-a73ab29a9e40/build/package.json[0m
[INSTALL_PODS] [36m[1m[Codegen][0m [33mSearching for codegen-enabled libraries in the app.[0m
[INSTALL_PODS] [36m[1m[Codegen][0m [33mThe "codegenConfig" field is not defined in package.json. Assuming there is nothing to generate at the app level.[0m
[INSTALL_PODS] [36m[1m[Codegen][0m [33mSearching for codegen-enabled libraries in react-native.config.js[0m
[INSTALL_PODS] [36m[1m[Codegen][0m Found @react-native-async-storage/async-storage[0m
[INSTALL_PODS] [36m[1m[Codegen][0m Found react-native-gesture-handler[0m
[INSTALL_PODS] [36m[1m[Codegen][0m Found react-native-reanimated[0m
[INSTALL_PODS] [36m[1m[Codegen][0m Found react-native-safe-area-context[0m
[INSTALL_PODS] [36m[1m[Codegen][0m Found react-native-screens[0m
[INSTALL_PODS] [36m[1m[Codegen][0m Found react-native-worklets[0m
[INSTALL_PODS] [36m[1m[Codegen][0m Processing rnasyncstorage[0m
[INSTALL_PODS] [36m[1m[Codegen][0m [33mSearching for podspec in the project dependencies.[0m
[INSTALL_PODS] [36m[1m[Codegen][0m Supported Apple platforms: ios, macos, tvos, visionos for rnasyncstorage[0m
[INSTALL_PODS] [36m[1m[Codegen][0m Processing rngesturehandler_codegen[0m
[INSTALL_PODS] [36m[1m[Codegen][0m [33mSearching for podspec in the project dependencies.[0m
[INSTALL_PODS] [36m[1m[Codegen][0m Supported Apple platforms: ios, macos, tvos, visionos for rngesturehandler_codegen[0m
[INSTALL_PODS] [36m[1m[Codegen][0m Processing rnreanimated[0m
[INSTALL_PODS] [36m[1m[Codegen][0m [33mSearching for podspec in the project dependencies.[0m
[INSTALL_PODS] [36m[1m[Codegen][0m Supported Apple platforms: ios, macos, tvos, visionos for rnreanimated[0m
[INSTALL_PODS] [36m[1m[Codegen][0m Processing safeareacontext[0m
[INSTALL_PODS] [36m[1m[Codegen][0m [33mSearching for podspec in the project dependencies.[0m
[INSTALL_PODS] [36m[1m[Codegen][0m Supported Apple platforms: ios, macos, tvos, visionos for safeareacontext[0m
[INSTALL_PODS] [36m[1m[Codegen][0m Processing rnscreens[0m
[INSTALL_PODS] [36m[1m[Codegen][0m [33mSearching for podspec in the project dependencies.[0m
[INSTALL_PODS] [36m[1m[Codegen][0m Supported Apple platforms: ios, tvos, visionos for rnscreens[0m
[INSTALL_PODS] [36m[1m[Codegen][0m Processing rnworklets[0m
[INSTALL_PODS] [36m[1m[Codegen][0m [33mSearching for podspec in the project dependencies.[0m
[INSTALL_PODS] [36m[1m[Codegen][0m Supported Apple platforms: ios, macos, tvos, visionos for rnworklets[0m
[INSTALL_PODS] [36m[1m[Codegen][0m Generating Native Code for rnasyncstorage - ios[0m
[INSTALL_PODS] [36m[1m[Codegen][0m Generated artifacts: /private/var/folders/q1/2sbmtgjx5bn59y9rn8g4q8q40000gn/T/eas-build-local-nodejs/f8856988-254a-4d92-a109-a73ab29a9e40/build/ios/build/generated/ios/ReactCodegen[0m
[INSTALL_PODS] [36m[1m[Codegen][0m Generating Native Code for rngesturehandler_codegen - ios[0m
[INSTALL_PODS] [36m[1m[Codegen][0m Generated artifacts: /private/var/folders/q1/2sbmtgjx5bn59y9rn8g4q8q40000gn/T/eas-build-local-nodejs/f8856988-254a-4d92-a109-a73ab29a9e40/build/ios/build/generated/ios/ReactCodegen[0m
[INSTALL_PODS] [36m[1m[Codegen][0m Generating Native Code for rnreanimated - ios[0m
[INSTALL_PODS] [36m[1m[Codegen][0m Generated artifacts: /private/var/folders/q1/2sbmtgjx5bn59y9rn8g4q8q40000gn/T/eas-build-local-nodejs/f8856988-254a-4d92-a109-a73ab29a9e40/build/ios/build/generated/ios/ReactCodegen[0m
[INSTALL_PODS] [36m[1m[Codegen][0m Generating Native Code for safeareacontext - ios[0m
[INSTALL_PODS] [36m[1m[Codegen][0m Generated artifacts: /private/var/folders/q1/2sbmtgjx5bn59y9rn8g4q8q40000gn/T/eas-build-local-nodejs/f8856988-254a-4d92-a109-a73ab29a9e40/build/ios/build/generated/ios/ReactCodegen[0m
[INSTALL_PODS] [36m[1m[Codegen][0m Generating Native Code for rnscreens - ios[0m
[INSTALL_PODS] [36m[1m[Codegen][0m Generated artifacts: /private/var/folders/q1/2sbmtgjx5bn59y9rn8g4q8q40000gn/T/eas-build-local-nodejs/f8856988-254a-4d92-a109-a73ab29a9e40/build/ios/build/generated/ios/ReactCodegen[0m
[INSTALL_PODS] [36m[1m[Codegen][0m Generating Native Code for rnworklets - ios[0m
[INSTALL_PODS] [36m[1m[Codegen][0m Generated artifacts: /private/var/folders/q1/2sbmtgjx5bn59y9rn8g4q8q40000gn/T/eas-build-local-nodejs/f8856988-254a-4d92-a109-a73ab29a9e40/build/ios/build/generated/ios/ReactCodegen[0m
[INSTALL_PODS] [36m[1m[Codegen][0m Generating RCTThirdPartyComponentsProvider.h[0m
[INSTALL_PODS] [36m[1m[Codegen][0m Generated artifact: /private/var/folders/q1/2sbmtgjx5bn59y9rn8g4q8q40000gn/T/eas-build-local-nodejs/f8856988-254a-4d92-a109-a73ab29a9e40/build/ios/build/generated/ios/ReactCodegen/RCTThirdPartyComponentsProvider.h[0m
[INSTALL_PODS] [36m[1m[Codegen][0m Generating RCTThirdPartyComponentsProvider.mm[0m
[INSTALL_PODS] [36m[1m[Codegen][0m Generated artifact: /private/var/folders/q1/2sbmtgjx5bn59y9rn8g4q8q40000gn/T/eas-build-local-nodejs/f8856988-254a-4d92-a109-a73ab29a9e40/build/ios/build/generated/ios/ReactCodegen/RCTThirdPartyComponentsProvider.mm[0m
[INSTALL_PODS] [36m[1m[Codegen][0m Generating RCTModulesProvider.h[0m
[INSTALL_PODS] [36m[1m[Codegen][0m Generated artifact: /private/var/folders/q1/2sbmtgjx5bn59y9rn8g4q8q40000gn/T/eas-build-local-nodejs/f8856988-254a-4d92-a109-a73ab29a9e40/build/ios/build/generated/ios/ReactCodegen/RCTModuleProviders.h[0m
[INSTALL_PODS] [36m[1m[Codegen][0m Generating RCTModuleProviders.mm[0m
[INSTALL_PODS] [36m[1m[Codegen][0m Generated artifact: /private/var/folders/q1/2sbmtgjx5bn59y9rn8g4q8q40000gn/T/eas-build-local-nodejs/f8856988-254a-4d92-a109-a73ab29a9e40/build/ios/build/generated/ios/ReactCodegen/RCTModuleProviders.mm[0m
[INSTALL_PODS] [36m[1m[Codegen][0m Generating RCTAppDependencyProvider[0m
[INSTALL_PODS] [36m[1m[Codegen][0m Generated artifact: /private/var/folders/q1/2sbmtgjx5bn59y9rn8g4q8q40000gn/T/eas-build-local-nodejs/f8856988-254a-4d92-a109-a73ab29a9e40/build/ios/build/generated/ios/ReactAppDependencyProvider/RCTAppDependencyProvider.h[0m
[INSTALL_PODS] [36m[1m[Codegen][0m Generated artifact: /private/var/folders/q1/2sbmtgjx5bn59y9rn8g4q8q40000gn/T/eas-build-local-nodejs/f8856988-254a-4d92-a109-a73ab29a9e40/build/ios/build/generated/ios/ReactAppDependencyProvider/RCTAppDependencyProvider.mm[0m
[INSTALL_PODS] [36m[1m[Codegen][0m Generated podspec: /private/var/folders/q1/2sbmtgjx5bn59y9rn8g4q8q40000gn/T/eas-build-local-nodejs/f8856988-254a-4d92-a109-a73ab29a9e40/build/ios/build/generated/ios/ReactAppDependencyProvider/ReactAppDependencyProvider.podspec[0m
[INSTALL_PODS] [36m[1m[Codegen][0m Generated podspec: /private/var/folders/q1/2sbmtgjx5bn59y9rn8g4q8q40000gn/T/eas-build-local-nodejs/f8856988-254a-4d92-a109-a73ab29a9e40/build/ios/build/generated/ios/ReactCodegen/ReactCodegen.podspec[0m
[INSTALL_PODS] [36m[1m[Codegen][0m Generating Package.swift[0m
[INSTALL_PODS] [36m[1m[Codegen][0m Generated artifact: /private/var/folders/q1/2sbmtgjx5bn59y9rn8g4q8q40000gn/T/eas-build-local-nodejs/f8856988-254a-4d92-a109-a73ab29a9e40/build/ios/build/generated/ios/Package.swift[0m
[INSTALL_PODS] [36m[1m[Codegen][0m [33mDone.[0m
[INSTALL_PODS] Analyzing dependencies
[INSTALL_PODS] [RNScreens] Gamma project enabled. Including source files.
[INSTALL_PODS] Fetching podspec for `React-Core-prebuilt` from `../node_modules/react-native/React-Core-prebuilt.podspec`
[INSTALL_PODS] [ReactNativeCore] Downloading ReactNativeCore-prebuilt debug tarball from https://repo1.maven.org/maven2/com/facebook/react/react-native-artifacts/0.85.3/react-native-artifacts-0.85.3-reactnative-core-debug.tar.gz to ../../ios/Pods/ReactNativeCore-artifacts/reactnative-core-0.85.3-debug.tar.gz
[INSTALL_PODS] % Total    % Received % Xferd  Average Speed   Time    Time     Time  Current
[INSTALL_PODS] Dload  Upload   Total   Spent    Left  Speed
[INSTALL_PODS]   0     0    0     0    0     0      0      0 --:--:-- --:--:-- --:--:--     0
[INSTALL_PODS] 14 91.3M   14 12.9M    0     0  19.1M      0  0:00:04 --:--:-
[INSTALL_PODS] -  0:00:04 19.1M
[INSTALL_PODS] 25 91.3M   25 22.9M
[INSTALL_PODS] 0     0  13.8M      0  0:00:06  0:00:01  0:00:05 13.8M
[INSTALL_PODS] 35 91.3M   35 32.1M    0     0  12.0M      0
[INSTALL_PODS] 0:00:07  0:00:02  0:00:05 12.0M
[INSTALL_PODS] 45 91.3M   45 41.4M    0     0  11.3M      0  0:00:08  0:00:0
[INSTALL_PODS] 3  0:00:05 11.3M
[INSTALL_PODS] 55 91.3M   55 50.9M    0     0  10.
[INSTALL_PODS] 9M      0
[INSTALL_PODS] 0:00:08  0:00:04  0:00:04 10.9M
[INSTALL_PODS] 66 91.3M   66 60.5M    0
[INSTALL_PODS] 0  10.6M      0  0:00:08  0:00:05  0:00:03 9760k
[INSTALL_PODS] 76 91.3M   76 70.1M    0     0  10.5M      0  0:00:08  0
[INSTALL_PODS] :00:06  0:00:02 9677k
[INSTALL_PODS] 87 91.3M   87 79.5M    0     0  10.3M      0  0:00:08  0:00:07  0:00:01
[INSTALL_PODS] 9737k
[INSTALL_PODS] 97 91.3M   97 88.9M    0     0  10.2M      0
[INSTALL_PODS] 0:00:08  0:00:08 --:--:-- 9700k
[INSTALL_PODS] 100 91.3M  100 91.3M    0     0  10.2M      0  0:00:08  0:00:08 --:--:-- 9766k
[INSTALL_PODS] [ReactNativeCore] Downloading ReactNativeCore-prebuilt release tarball from https://repo1.maven.org/maven2/com/facebook/react/react-native-artifacts/0.85.3/react-native-artifacts-0.85.3-reactnative-core-release.tar.gz to ../../ios/Pods/ReactNativeCore-artifacts/reactnative-core-0.85.3-release.tar.gz
[INSTALL_PODS] % Total    % Received % Xferd  Ave
[INSTALL_PODS] rage Speed   Time    Time     Time  Current
[INSTALL_PODS]                                  Dload  Upload   Total   Spent    Left  Speed
[INSTALL_PODS]   0     0    0     0    0     0      0      0 --:--:-- --:--:-- --:--:--     0
[INSTALL_PODS] 24 28.8M   24 7197k    0     0  9844k      0  0:00:
[INSTALL_PODS] 03 --:--:--  0:00:03 9832k
[INSTALL_PODS] 57 28.8M   57 16.7M    0     0  9918k      0  0:00:02  0:00:01  0:00:01
[INSTALL_PODS] 9913k
[INSTALL_PODS] 90 28.8M   90 26.2M    0     0  9857k      0  0:00:03  0:00:02  0:00:01 9855k
[INSTALL_PODS] 100 28.8M  100 28.8M    0     0  9779k      0  0:00:03  0:00:03
[INSTALL_PODS] --:--:-- 9781k
[INSTALL_PODS] [ReactNativeCore] Resolved stable ReactNativeCore-prebuilt version:
[INSTALL_PODS] [ReactNativeCore]   ../../ios/Pods/ReactNativeCore-artifacts/reactnative-core-0.85.3-debug.tar.gz
[INSTALL_PODS] [ReactNativeCore]   ../../ios/Pods/ReactNativeCore-artifacts/reactnative-core-0.85.3-release.tar.gz
[INSTALL_PODS] Fetching podspec for `ReactNativeDependencies` from `../node_modules/react-native/third-party-podspecs/ReactNativeDependencies.podspec`
[INSTALL_PODS] [ReactNativeDependencies] Using tarball from URL: https://repo1.maven.org/maven2/com/facebook/react/react-native-artifacts/0.85.3/react-native-artifacts-0.85.3-reactnative-dependencies-debug.tar.gz
[INSTALL_PODS] Fetching podspec for `hermes-engine` from `../node_modules/react-native/sdks/hermes-engine/hermes-engine.podspec`
[INSTALL_PODS] [Hermes] Using release tarball from URL: https://repo1.maven.org/maven2/com/facebook/hermes/hermes-ios/250829098.0.10/hermes-ios-250829098.0.10-hermes-ios-debug.tar.gz
[INSTALL_PODS] % Total    % Received % Xferd  Average Speed   Time    Time
[INSTALL_PODS] Time  Current
[INSTALL_PODS]                                  Dload  Upload   Total   Spent    Left  Speed
[INSTALL_PODS]   0     0    0     0    0     0      0      0 --:--:-- --:--:-- --:--:--     0
[INSTALL_PODS] 4 28.4M    4 1221k    0     0  4984k
[INSTALL_PODS] 0  0:00:05 --:--:--  0:00:05 4985k
[INSTALL_PODS] 56 28.4M   56 15.9M    0     0  12.7M      0  0:00:02  0:00:01
[INSTALL_PODS] 0:00:01 12.7M
[INSTALL_PODS] 89 28.4M   89 25.5M    0     0  11.3M      0  0:00:02  0:00:02 --:--:-- 11.3M
[INSTALL_PODS] 100 28.4M  100 28.4M    0     0  11.0M      0  0:00:02  0:00:02 --:
[INSTALL_PODS] --:-- 11.0M
[INSTALL_PODS] % Total    % Received % Xferd  Average Speed   Time    Time     Time  Current
[INSTALL_PODS] Dload  Upload   Total   Spent    Left  Speed
[INSTALL_PODS]   0     0    0     0    0     0      0      0 --:--:-- --:--:-- --:--:--     0
[INSTALL_PODS] 20 22.3M   20 4613k    0     0  7350k      0  0:00:03 --:--:--  0:00:03 7346k
[INSTALL_PODS] 72 22.3M   72 16.1M    0     0   9.9M      0  0:00:02  0:00:01  0:00:01  9.9M
[INSTALL_PODS] 100 22.3M  100 22.3M    0     0   9.7M
[INSTALL_PODS] 0  0:00:02  0:00:02 --:--:--  9.7M
[INSTALL_PODS] Downloading dependencies
[INSTALL_PODS] Installing BoringSSL-GRPC (0.0.37)
[INSTALL_PODS] Installing EXConstants (56.0.16)
[INSTALL_PODS] Installing EXJSONUtils (56.0.0)
[INSTALL_PODS] Installing EXManifests (56.0.4)
[INSTALL_PODS] Installing EXUpdatesInterface (56.0.2)
[INSTALL_PODS] Installing Expo (56.0.7)
[INSTALL_PODS] Installing ExpoAsset (56.0.15)
[INSTALL_PODS] Installing ExpoDevice (56.0.4)
[INSTALL_PODS] Installing ExpoDomWebView (56.0.5)
[INSTALL_PODS] Installing ExpoFileSystem (56.0.7)
[INSTALL_PODS] Installing ExpoFont (56.0.5)
[INSTALL_PODS] Installing ExpoGlassEffect (56.0.4)
[INSTALL_PODS] Installing ExpoImage (56.0.9)
[INSTALL_PODS] Installing ExpoKeepAwake (56.0.3)
[INSTALL_PODS] Installing ExpoLinking (56.0.13)
[INSTALL_PODS] Installing ExpoLogBox (56.0.12)
[INSTALL_PODS] Installing ExpoModulesCore (56.0.14)
[INSTALL_PODS] Installing ExpoModulesJSI (56.0.7)
[INSTALL_PODS] Installing ExpoModulesWorklets (56.0.14)
[INSTALL_PODS] Installing ExpoRouter (56.2.8)
[INSTALL_PODS] Installing ExpoSplashScreen (56.0.10)
[INSTALL_PODS] Installing ExpoSymbols (56.0.5)
[INSTALL_PODS] Installing ExpoSystemUI (56.0.5)
[INSTALL_PODS] Installing ExpoUI (56.0.15)
[INSTALL_PODS] Installing ExpoWebBrowser (56.0.5)
[INSTALL_PODS] Installing FBLazyVector (0.85.3)
[INSTALL_PODS] Installing Firebase (12.10.0)
[INSTALL_PODS] Installing FirebaseAppCheckInterop (12.10.0)
[INSTALL_PODS] Installing FirebaseAuth (12.10.0)
[INSTALL_PODS] Installing FirebaseAuthInterop (12.10.0)
[INSTALL_PODS] Installing FirebaseCore (12.10.0)
[INSTALL_PODS] Installing FirebaseCoreExtension (12.10.0)
[INSTALL_PODS] Installing FirebaseCoreInternal (12.10.0)
[INSTALL_PODS] Installing FirebaseFirestore (12.10.0)
[INSTALL_PODS] Installing FirebaseFirestoreInternal (12.10.0)
[INSTALL_PODS] Installing FirebaseSharedSwift (12.10.0)
[INSTALL_PODS] Installing GTMSessionFetcher (5.3.0)
[INSTALL_PODS] Installing GoogleUtilities (8.1.0)
[INSTALL_PODS] Installing RCTDeprecation (0.85.3)
[INSTALL_PODS] Installing RCTRequired (0.85.3)
[INSTALL_PODS] Installing RCTSwiftUI (0.85.3)
[INSTALL_PODS] Installing RCTSwiftUIWrapper (0.85.3)
[INSTALL_PODS] Installing RCTTypeSafety (0.85.3)
[INSTALL_PODS] Installing RNCAsyncStorage (2.2.0)
[INSTALL_PODS] Installing RNCMaskedView (0.3.2)
[INSTALL_PODS] Installing RNFBApp (24.0.0)
[INSTALL_PODS] Installing RNFBAuth (24.0.0)
[INSTALL_PODS] Installing RNFBFirestore (24.0.0)
[INSTALL_PODS] Installing RNGestureHandler (2.31.2)
[INSTALL_PODS] Installing RNReanimated (4.3.1)
[INSTALL_PODS] Installing RNScreens (4.25.2)
[INSTALL_PODS] Installing RNWorklets (0.8.3)
[INSTALL_PODS] Installing React (0.85.3)
[INSTALL_PODS] Installing React-Core (0.85.3)
[INSTALL_PODS] Installing React-Core-prebuilt (0.85.3)
[INSTALL_PODS] Installing React-CoreModules (0.85.3)
[INSTALL_PODS] Installing React-Fabric (0.85.3)
[INSTALL_PODS] Installing React-FabricComponents (0.85.3)
[INSTALL_PODS] Installing React-FabricImage (0.85.3)
[INSTALL_PODS] Installing React-ImageManager (0.85.3)
[INSTALL_PODS] Installing React-Mapbuffer (0.85.3)
[INSTALL_PODS] Installing React-NativeModulesApple (0.85.3)
[INSTALL_PODS] Installing React-RCTActionSheet (0.85.3)
[INSTALL_PODS] Installing React-RCTAnimation (0.85.3)
[INSTALL_PODS] Installing React-RCTAppDelegate (0.85.3)
[INSTALL_PODS] Installing React-RCTBlob (0.85.3)
[INSTALL_PODS] Installing React-RCTFBReactNativeSpec (0.85.3)
[INSTALL_PODS] Installing React-RCTFabric (0.85.3)
[INSTALL_PODS] Installing React-RCTImage (0.85.3)
[INSTALL_PODS] Installing React-RCTLinking (0.85.3)
[INSTALL_PODS] Installing React-RCTNetwork (0.85.3)
[INSTALL_PODS] Installing React-RCTRuntime (0.85.3)
[INSTALL_PODS] Installing React-RCTSettings (0.85.3)
[INSTALL_PODS] Installing React-RCTText (0.85.3)
[INSTALL_PODS] Installing React-RCTVibration (0.85.3)
[INSTALL_PODS] Installing React-RuntimeApple (0.85.3)
[INSTALL_PODS] Installing React-RuntimeCore (0.85.3)
[INSTALL_PODS] Installing React-RuntimeHermes (0.85.3)
[INSTALL_PODS] Installing React-callinvoker (0.85.3)
[INSTALL_PODS] Installing React-cxxreact (0.85.3)
[INSTALL_PODS] Installing React-debug (0.85.3)
[INSTALL_PODS] Installing React-defaultsnativemodule (0.85.3)
[INSTALL_PODS] Installing React-domnativemodule (0.85.3)
[INSTALL_PODS] Installing React-featureflags (0.85.3)
[INSTALL_PODS] Installing React-featureflagsnativemodule (0.85.3)
[INSTALL_PODS] Installing React-graphics (0.85.3)
[INSTALL_PODS] Installing React-hermes (0.85.3)
[INSTALL_PODS] Installing React-idlecallbacksnativemodule (0.85.3)
[INSTALL_PODS] Installing React-intersectionobservernativemodule (0.85.3)
[INSTALL_PODS] Installing React-jserrorhandler (0.85.3)
[INSTALL_PODS] Installing React-jsi (0.85.3)
[INSTALL_PODS] Installing React-jsiexecutor (0.85.3)
[INSTALL_PODS] Installing React-jsinspector (0.85.3)
[INSTALL_PODS] Installing React-jsinspectorcdp (0.85.3)
[INSTALL_PODS] Installing React-jsinspectornetwork (0.85.3)
[INSTALL_PODS] Installing React-jsinspectortracing (0.85.3)
[INSTALL_PODS] Installing React-jsitooling (0.85.3)
[INSTALL_PODS] Installing React-jsitracing (0.85.3)
[INSTALL_PODS] Installing React-logger (0.85.3)
[INSTALL_PODS] Installing React-microtasksnativemodule (0.85.3)
[INSTALL_PODS] Installing React-mutationobservernativemodule (0.85.3)
[INSTALL_PODS] Installing React-networking (0.85.3)
[INSTALL_PODS] Installing React-oscompat (0.85.3)
[INSTALL_PODS] Installing React-perflogger (0.85.3)
[INSTALL_PODS] Installing React-performancecdpmetrics (0.85.3)
[INSTALL_PODS] Installing React-performancetimeline (0.85.3)
[INSTALL_PODS] Installing React-rendererconsistency (0.85.3)
[INSTALL_PODS] Installing React-renderercss (0.85.3)
[INSTALL_PODS] Installing React-rendererdebug (0.85.3)
[INSTALL_PODS] Installing React-runtimeexecutor (0.85.3)
[INSTALL_PODS] Installing React-runtimescheduler (0.85.3)
[INSTALL_PODS] Installing React-timing (0.85.3)
[INSTALL_PODS] Installing React-utils (0.85.3)
[INSTALL_PODS] Installing React-webperformancenativemodule (0.85.3)
[INSTALL_PODS] Installing ReactAppDependencyProvider (0.85.3)
[INSTALL_PODS] Installing ReactCodegen (0.85.3)
[INSTALL_PODS] Installing ReactCommon (0.85.3)
[INSTALL_PODS] Installing ReactNativeDependencies (0.85.3)
[INSTALL_PODS] Installing RecaptchaInterop (101.0.0)
[INSTALL_PODS] Installing SDWebImage (5.21.7)
[INSTALL_PODS] Installing SDWebImageAVIFCoder (0.11.1)
[INSTALL_PODS] Installing SDWebImageSVGCoder (1.7.0)
[INSTALL_PODS] Installing SDWebImageWebPCoder (0.14.6)
[INSTALL_PODS] Installing Yoga (0.0.0)
[INSTALL_PODS] Installing abseil (1.20240722.0)
[INSTALL_PODS] Installing expo-dev-client (56.0.18)
[INSTALL_PODS] Installing expo-dev-launcher (56.0.18)
[INSTALL_PODS] Installing expo-dev-menu (56.0.16)
[INSTALL_PODS] Installing expo-dev-menu-interface (56.0.1)
[INSTALL_PODS] Installing gRPC-C++ (1.69.0)
[INSTALL_PODS] Installing gRPC-Core (1.69.0)
[INSTALL_PODS] Installing hermes-engine (250829098.0.10)
[INSTALL_PODS] Installing leveldb-library (1.22.6)
[INSTALL_PODS] Installing libavif (1.0.0)
[INSTALL_PODS] Installing libdav1d (1.2.0)
[INSTALL_PODS] Installing libwebp (1.5.0)
[INSTALL_PODS] Installing nanopb (3.30910.0)
[INSTALL_PODS] Installing react-native-safe-area-context (5.7.0)
[INSTALL_PODS] [Expo] Ensuring required slices in ExpoModulesJSI.xcframework
[INSTALL_PODS] [Expo] Disabling USE_FRAMEWORKS for 76 pods (ExpoModulesCore, ExpoModulesJSI, Expo, ReactAppDependencyProvider, expo-dev-menu, ExpoLogBox, RCTTypeSafety, RNCAsyncStorage, RNCMaskedView, RNFBApp, RNFBAuth, RNFBFirestore, RNGestureHandler, RNReanimated, RNScreens, RNWorklets, React, React-Core, React-Core-prebuilt, React-CoreModules, React-Fabric, React-FabricComponents, React-FabricImage, React-ImageManager, React-Mapbuffer, React-NativeModulesApple, React-RCTActionSheet, React-RCTAnimation, React-RCTAppDelegate, React-RCTBlob, React-RCTFBReactNativeSpec, React-RCTFabric, React-RCTImage, React-RCTLinking, React-RCTNetwork, React-RCTRuntime, React-RCTSettings, React-RCTText, React-RCTVibration, React-RuntimeApple, React-RuntimeCore, React-RuntimeHermes, React-cxxreact, React-defaultsnativemodule, React-domnativemodule, React-featureflags, React-featureflagsnativemodule, React-graphics, React-hermes, React-idlecallbacksnativemodule, React-intersectionobservernativemodule, React-jserrorhandler, React-jsi, React-jsiexecutor, React-jsinspector, React-jsinspectorcdp, React-jsinspectornetwork, React-jsinspectortracing, React-jsitooling, React-logger, React-microtasksnativemodule, React-mutationobservernativemodule, React-networking, React-perflogger, React-performancecdpmetrics, React-performancetimeline, React-rendererdebug, React-runtimeexecutor, React-runtimescheduler, React-utils, React-webperformancenativemodule, ReactCodegen, ReactCommon, ReactNativeDependencies, expo-dev-launcher, react-native-safe-area-context)
[INSTALL_PODS] [Expo] Disabling USE_FRAMEWORKS for modules ExpoModulesCore, ExpoModulesJSI, Expo, ReactAppDependencyProvider, expo-dev-menu
[INSTALL_PODS] Generating Pods project
[INSTALL_PODS] Setting USE_HERMES build settings
[INSTALL_PODS] Setting REACT_NATIVE_PATH build settings
[INSTALL_PODS] Setting SWIFT_ACTIVE_COMPILATION_CONDITIONS build settings
[INSTALL_PODS] [Ccache]: Removing Ccache from CC, LD, CXX & LDPLUSPLUS build settings
[INSTALL_PODS] Setting SWIFT_ENABLE_EXPLICIT_MODULES build settings
[INSTALL_PODS] [ReactNativeCore] Processing VFS overlay file...
[INSTALL_PODS] [ReactNativeCore]   Created VFS overlay at /private/var/folders/q1/2sbmtgjx5bn59y9rn8g4q8q40000gn/T/eas-build-local-nodejs/f8856988-254a-4d92-a109-a73ab29a9e40/build/ios/Pods/React-Core-prebuilt/React-VFS.yaml
[INSTALL_PODS] [ReactNativeCore] VFS overlay setup complete
[INSTALL_PODS] [ReactNativeCore] Configuring xcconfig for prebuilt React Native Core...
[INSTALL_PODS] [ReactNativeCore] Prebuilt xcconfig configuration complete
[INSTALL_PODS] [SPM] Cleaning old SPM dependencies from Pods project
[INSTALL_PODS] [SPM] Adding SPM dependencies to Pods project
[INSTALL_PODS] [Privacy Manifest Aggregation] No existing PrivacyInfo.xcprivacy file found, creating a new one.
[INSTALL_PODS] [Privacy Manifest Aggregation] Reading .xcprivacy files to aggregate all used Required Reason APIs.
[INSTALL_PODS] file_root: FanScores
[INSTALL_PODS] Setting CLANG_CXX_LANGUAGE_STANDARD to c++20 on /private/var/folders/q1/2sbmtgjx5bn59y9rn8g4q8q40000gn/T/eas-build-local-nodejs/f8856988-254a-4d92-a109-a73ab29a9e40/build/ios/FanScores.xcodeproj
[INSTALL_PODS] ==================== DEPRECATION NOTICE =====================
[INSTALL_PODS] Calling `pod install` directly is deprecated in React Native
[INSTALL_PODS] because we are moving away from Cocoapods toward alternative
[INSTALL_PODS] solutions to build the project.
[INSTALL_PODS] * If you are using Expo, please run:
[INSTALL_PODS] `npx expo run:ios`
[INSTALL_PODS] * If you are using the Community CLI, please run:
[INSTALL_PODS] `yarn ios`
[INSTALL_PODS] =============================================================
[INSTALL_PODS] Pod install took 73 [s] to run
[INSTALL_PODS] Integrating client project
[INSTALL_PODS] [!] Please close any current Xcode sessions and use `FanScores.xcworkspace` for this project from now on.
[INSTALL_PODS] [Expo] Installing the build script for target FanScores
[INSTALL_PODS] Pod installation complete! There are 113 dependencies from the Podfile and 138 total pods installed.
[INSTALL_PODS] [Expo-precompiled] Precompiled modules:
[INSTALL_PODS] [Expo-precompiled]   ⚠️  ExpoModulesCore (prebuilt config not found)
[INSTALL_PODS] [Expo] Disabling SWIFT_EMIT_MODULE_INTERFACE for pod targets (prebuilt React compatibility)
[INSTALL_PODS] [Expo] Created non-framework React modulemap for use_frameworks! compatibility
[INSTALL_PODS] [Expo] Adding '[Expo] Remove duplicate codegen output' build phase to ReactCodegen
[INSTALL_PODS] [!] [Expo-precompiled] Failed to read spm.config.json at /private/var/folders/q1/2sbmtgjx5bn59y9rn8g4q8q40000gn/T/eas-build-local-nodejs/f8856988-254a-4d92-a109-a73ab29a9e40/build/node_modules/@expo/ui/spm.config.json: undefined method `filter_map' for #<Array:0x000000010204dff0>
[INSTALL_PODS] Did you mean?  filter
[INSTALL_PODS] [!] [Expo-precompiled] Failed to read spm.config.json at /private/var/folders/q1/2sbmtgjx5bn59y9rn8g4q8q40000gn/T/eas-build-local-nodejs/f8856988-254a-4d92-a109-a73ab29a9e40/build/node_modules/expo-asset/spm.config.json: undefined method `filter_map' for #<Array:0x00000001020645e8>
[INSTALL_PODS] Did you mean?  filter
[INSTALL_PODS] [!] [Expo-precompiled] Failed to read spm.config.json at /private/var/folders/q1/2sbmtgjx5bn59y9rn8g4q8q40000gn/T/eas-build-local-nodejs/f8856988-254a-4d92-a109-a73ab29a9e40/build/node_modules/expo-device/spm.config.json: undefined method `filter_map' for #<Array:0x000000010207c738>
[INSTALL_PODS] Did you mean?  filter
[INSTALL_PODS] [!] [Expo-precompiled] Failed to read spm.config.json at /private/var/folders/q1/2sbmtgjx5bn59y9rn8g4q8q40000gn/T/eas-build-local-nodejs/f8856988-254a-4d92-a109-a73ab29a9e40/build/node_modules/expo-file-system/spm.config.json: undefined method `filter_map' for #<Array:0x0000000102094fe0>
[INSTALL_PODS] Did you mean?  filter
[INSTALL_PODS] [!] [Expo-precompiled] Failed to read spm.config.json at /private/var/folders/q1/2sbmtgjx5bn59y9rn8g4q8q40000gn/T/eas-build-local-nodejs/f8856988-254a-4d92-a109-a73ab29a9e40/build/node_modules/expo-font/spm.config.json: undefined method `filter_map' for #<Array:0x000000011e830850>
[INSTALL_PODS] Did you mean?  filter
[INSTALL_PODS] [!] [Expo-precompiled] Failed to read spm.config.json at /private/var/folders/q1/2sbmtgjx5bn59y9rn8g4q8q40000gn/T/eas-build-local-nodejs/f8856988-254a-4d92-a109-a73ab29a9e40/build/node_modules/expo-glass-effect/spm.config.json: undefined method `filter_map' for #<Array:0x00000001020af958>
[INSTALL_PODS] Did you mean?  filter
[INSTALL_PODS] [!] [Expo-precompiled] Failed to read spm.config.json at /private/var/folders/q1/2sbmtgjx5bn59y9rn8g4q8q40000gn/T/eas-build-local-nodejs/f8856988-254a-4d92-a109-a73ab29a9e40/build/node_modules/expo-image/spm.config.json: undefined method `filter_map' for #<Array:0x00000001020c7e18>
[INSTALL_PODS] Did you mean?  filter
[INSTALL_PODS] [!] [Expo-precompiled] Failed to read spm.config.json at /private/var/folders/q1/2sbmtgjx5bn59y9rn8g4q8q40000gn/T/eas-build-local-nodejs/f8856988-254a-4d92-a109-a73ab29a9e40/build/node_modules/expo-json-utils/spm.config.json: undefined method `filter_map' for []:Array
[INSTALL_PODS] Did you mean?  filter
[INSTALL_PODS] [!] [Expo-precompiled] Failed to read spm.config.json at /private/var/folders/q1/2sbmtgjx5bn59y9rn8g4q8q40000gn/T/eas-build-local-nodejs/f8856988-254a-4d92-a109-a73ab29a9e40/build/node_modules/expo-keep-awake/spm.config.json: undefined method `filter_map' for #<Array:0x000000011e83abe8>
[INSTALL_PODS] Did you mean?  filter
[INSTALL_PODS] [!] [Expo-precompiled] Failed to read spm.config.json at /private/var/folders/q1/2sbmtgjx5bn59y9rn8g4q8q40000gn/T/eas-build-local-nodejs/f8856988-254a-4d92-a109-a73ab29a9e40/build/node_modules/expo-linking/spm.config.json: undefined method `filter_map' for #<Array:0x00000001020f56d8>
[INSTALL_PODS] Did you mean?  filter
[INSTALL_PODS] [!] [Expo-precompiled] Failed to read spm.config.json at /private/var/folders/q1/2sbmtgjx5bn59y9rn8g4q8q40000gn/T/eas-build-local-nodejs/f8856988-254a-4d92-a109-a73ab29a9e40/build/node_modules/expo-manifests/spm.config.json: undefined method `filter_map' for #<Array:0x000000012e895240>
[INSTALL_PODS] Did you mean?  filter
[INSTALL_PODS] [!] [Expo-precompiled] Failed to read spm.config.json at /private/var/folders/q1/2sbmtgjx5bn59y9rn8g4q8q40000gn/T/eas-build-local-nodejs/f8856988-254a-4d92-a109-a73ab29a9e40/build/node_modules/expo-modules-core/spm.config.json: undefined method `filter_map' for #<Array:0x000000012e8a5fc8>
[INSTALL_PODS] Did you mean?  filter
[INSTALL_PODS] [!] [Expo-precompiled] Failed to read spm.config.json at /private/var/folders/q1/2sbmtgjx5bn59y9rn8g4q8q40000gn/T/eas-build-local-nodejs/f8856988-254a-4d92-a109-a73ab29a9e40/build/node_modules/expo-modules-jsi/spm.config.json: undefined method `filter_map' for ["Hermes", "React", "ReactNativeDependencies"]:Array
[INSTALL_PODS] Did you mean?  filter
[INSTALL_PODS] [!] [Expo-precompiled] Failed to read spm.config.json at /private/var/folders/q1/2sbmtgjx5bn59y9rn8g4q8q40000gn/T/eas-build-local-nodejs/f8856988-254a-4d92-a109-a73ab29a9e40/build/node_modules/expo-splash-screen/spm.config.json: undefined method `filter_map' for #<Array:0x000000012e8df020>
[INSTALL_PODS] Did you mean?  filter
[INSTALL_PODS] [!] [Expo-precompiled] Failed to read spm.config.json at /private/var/folders/q1/2sbmtgjx5bn59y9rn8g4q8q40000gn/T/eas-build-local-nodejs/f8856988-254a-4d92-a109-a73ab29a9e40/build/node_modules/expo-symbols/spm.config.json: undefined method `filter_map' for #<Array:0x000000012e8f5d98>
[INSTALL_PODS] Did you mean?  filter
[INSTALL_PODS] [!] [Expo-precompiled] Failed to read spm.config.json at /private/var/folders/q1/2sbmtgjx5bn59y9rn8g4q8q40000gn/T/eas-build-local-nodejs/f8856988-254a-4d92-a109-a73ab29a9e40/build/node_modules/expo-system-ui/spm.config.json: undefined method `filter_map' for #<Array:0x000000012e917678>
[INSTALL_PODS] Did you mean?  filter
[INSTALL_PODS] [!] [Expo-precompiled] Failed to read spm.config.json at /private/var/folders/q1/2sbmtgjx5bn59y9rn8g4q8q40000gn/T/eas-build-local-nodejs/f8856988-254a-4d92-a109-a73ab29a9e40/build/node_modules/expo-updates-interface/spm.config.json: undefined method `filter_map' for #<Array:0x000000010210e8e0>
[INSTALL_PODS] Did you mean?  filter
[INSTALL_PODS] [!] [Expo-precompiled] Failed to read spm.config.json at /private/var/folders/q1/2sbmtgjx5bn59y9rn8g4q8q40000gn/T/eas-build-local-nodejs/f8856988-254a-4d92-a109-a73ab29a9e40/build/node_modules/expo-web-browser/spm.config.json: undefined method `filter_map' for #<Array:0x00000001021272f0>
[INSTALL_PODS] Did you mean?  filter
[INSTALL_PODS] [!] [Expo-precompiled] Failed to read external config at /private/var/folders/q1/2sbmtgjx5bn59y9rn8g4q8q40000gn/T/eas-build-local-nodejs/f8856988-254a-4d92-a109-a73ab29a9e40/build/node_modules/expo-modules-autolinking/scripts/ios/../../external-configs/ios/react-native-reanimated/spm.config.json: undefined method `filter_map' for ["ReactNativeDependencies", "React", "Hermes", "RNWorklets"]:Array
[INSTALL_PODS] Did you mean?  filter
[INSTALL_PODS] [!] [Expo-precompiled] Failed to read external config at /private/var/folders/q1/2sbmtgjx5bn59y9rn8g4q8q40000gn/T/eas-build-local-nodejs/f8856988-254a-4d92-a109-a73ab29a9e40/build/node_modules/expo-modules-autolinking/scripts/ios/../../external-configs/ios/react-native-safe-area-context/spm.config.json: undefined method `filter_map' for ["ReactNativeDependencies", "React", "Hermes"]:Array
[INSTALL_PODS] Did you mean?  filter
[INSTALL_PODS] [!] [Expo-precompiled] Failed to read external config at /private/var/folders/q1/2sbmtgjx5bn59y9rn8g4q8q40000gn/T/eas-build-local-nodejs/f8856988-254a-4d92-a109-a73ab29a9e40/build/node_modules/expo-modules-autolinking/scripts/ios/../../external-configs/ios/react-native-worklets/spm.config.json: undefined method `filter_map' for ["ReactNativeDependencies", "React", "Hermes"]:Array
[INSTALL_PODS] Did you mean?  filter
[INSTALL_PODS] [!] [Expo-precompiled] Failed to read external config at /private/var/folders/q1/2sbmtgjx5bn59y9rn8g4q8q40000gn/T/eas-build-local-nodejs/f8856988-254a-4d92-a109-a73ab29a9e40/build/node_modules/expo-modules-autolinking/scripts/ios/../../external-configs/ios/react-native-screens/spm.config.json: undefined method `filter_map' for ["ReactNativeDependencies", "React", "Hermes"]:Array
[INSTALL_PODS] Did you mean?  filter
[INSTALL_PODS] [!] [Expo-precompiled] Failed to read external config at /private/var/folders/q1/2sbmtgjx5bn59y9rn8g4q8q40000gn/T/eas-build-local-nodejs/f8856988-254a-4d92-a109-a73ab29a9e40/build/node_modules/expo-modules-autolinking/scripts/ios/../../external-configs/ios/@react-native-async-storage/async-storage/spm.config.json: undefined method `filter_map' for ["ReactNativeDependencies", "React", "Hermes"]:Array
[INSTALL_PODS] Did you mean?  filter
[INSTALL_PODS] [!] React-Core-prebuilt has added 1 script phase. Please inspect before executing a build. See `https://guides.cocoapods.org/syntax/podspec.html#script_phases` for more information.
[INSTALL_PODS] [!] ReactNativeDependencies has added 1 script phase. Please inspect before executing a build. See `https://guides.cocoapods.org/syntax/podspec.html#script_phases` for more information.
[INSTALL_PODS] [!] hermes-engine has added 1 script phase. Please inspect before executing a build. See `https://guides.cocoapods.org/syntax/podspec.html#script_phases` for more information.
[INSTALL_PODS] [!] [Expo-precompiled] ⚠️  Precompiled modules enabled but no xcframeworks found. All modules will build from source.
[CONFIGURE_XCODE_PROJECT] Configuring Xcode project
[CONFIGURE_XCODE_PROJECT] Assigning provisioning profile '*[expo] com.fanscores.app AppStore 2026-05-29T13:01:18.866Z' (Apple Team ID: RMEHNGJ9PR) to target 'FanScores'
[CONFIGURE_XCODE_PROJECT] Updating versions in /var/folders/q1/2sbmtgjx5bn59y9rn8g4q8q40000gn/T/eas-build-local-nodejs/f8856988-254a-4d92-a109-a73ab29a9e40/build/ios/FanScores/Info.plist
[EAGER_BUNDLE] Using src/app as the root directory for Expo Router.
[EAGER_BUNDLE] React Compiler enabled
[EAGER_BUNDLE] Starting Metro Bundler
[EAGER_BUNDLE] iOS Bundled 665ms node_modules/expo-router/entry.js (1285 modules)
[EAGER_BUNDLE] Writing bundle output to: /var/folders/q1/2sbmtgjx5bn59y9rn8g4q8q40000gn/T/kwljabhityh/main.jsbundle
[EAGER_BUNDLE] Copying 41 asset files
[EAGER_BUNDLE] Done writing bundle output
[RUN_FASTLANE] Creating Gymfile
[RUN_FASTLANE] Gymfile created
[RUN_FASTLANE] Top level ::CompositeIO is deprecated, require 'multipart/post' and use `Multipart::Post::CompositeReadIO` instead!
[RUN_FASTLANE] Top level ::Parts is deprecated, require 'multipart/post' and use `Multipart::Post::Parts` instead!
[RUN_FASTLANE] Successfully loaded '/private/var/folders/q1/2sbmtgjx5bn59y9rn8g4q8q40000gn/T/eas-build-local-nodejs/f8856988-254a-4d92-a109-a73ab29a9e40/build/ios/Gymfile' 📄
[RUN_FASTLANE] 
[RUN_FASTLANE] +--------------------------------------------------------------+
[RUN_FASTLANE] |               Detected Values from './Gymfile'               |
[RUN_FASTLANE] +-----------------------+--------------------------------------+
[RUN_FASTLANE] | suppress_xcode_output | true                                 |
[RUN_FASTLANE] | clean                 | false                                |
[RUN_FASTLANE] | scheme                | FanScores                            |
[RUN_FASTLANE] | configuration         | Release                              |
[RUN_FASTLANE] | export_options        | {method: "app-store",                |
[RUN_FASTLANE] |                       | provisioningProfiles:                |
[RUN_FASTLANE] |                       | {"com.fanscores.app" =>              |
[RUN_FASTLANE] |                       | "f0bec9ae-9d94-438c-9f62-7ff9f45350  |
[RUN_FASTLANE] |                       | c2"}}                                |
[RUN_FASTLANE] | export_xcargs         | OTHER_CODE_SIGN_FLAGS="--keychain    |
[RUN_FASTLANE] |                       | /var/folders/q1/2sbmtgjx5bn59y9rn8g  |
[RUN_FASTLANE] |                       | 4q8q40000gn/T/eas-build-a5a7851a-20  |
[RUN_FASTLANE] |                       | 5a-4093-8027-0fb39830de53.keychain"  |
[RUN_FASTLANE] | disable_xcpretty      | true                                 |
[RUN_FASTLANE] | buildlog_path         | /var/folders/q1/2sbmtgjx5bn59y9rn8g  |
[RUN_FASTLANE] |                       | 4q8q40000gn/T/eas-build-local-nodej  |
[RUN_FASTLANE] |                       | s/f8856988-254a-4d92-a109-a73ab29a9  |
[RUN_FASTLANE] |                       | e40/logs                             |
[RUN_FASTLANE] | derived_data_path     | ./build                              |
[RUN_FASTLANE] | result_bundle         | true                                 |
[RUN_FASTLANE] | result_bundle_path    | /var/folders/q1/2sbmtgjx5bn59y9rn8g  |
[RUN_FASTLANE] |                       | 4q8q40000gn/T/result-bundle-1780080  |
[RUN_FASTLANE] |                       | 609255.xcresult                      |
[RUN_FASTLANE] | output_directory      | ./build                              |
[RUN_FASTLANE] +-----------------------+--------------------------------------+
[RUN_FASTLANE] Resolving Swift Package Manager dependencies...
[RUN_FASTLANE] $ xcodebuild -resolvePackageDependencies -workspace ./FanScores.xcworkspace -scheme FanScores -configuration Release -derivedDataPath ./build
[RUN_FASTLANE] ▸ Command line invocation:
[RUN_FASTLANE] ▸     /Applications/Xcode.app/Contents/Developer/usr/bin/xcodebuild -resolvePackageDependencies -workspace ./FanScores.xcworkspace -scheme FanScores -configuration Release -derivedDataPath ./build
[RUN_FASTLANE] ▸ User defaults from command line:
[RUN_FASTLANE] ▸     IDEDerivedDataPathOverride = /var/folders/q1/2sbmtgjx5bn59y9rn8g4q8q40000gn/T/eas-build-local-nodejs/f8856988-254a-4d92-a109-a73ab29a9e40/build/ios/build
[RUN_FASTLANE] ▸     IDEPackageSupportUseBuiltinSCM = YES
[RUN_FASTLANE] ▸ resolved source packages:
[RUN_FASTLANE] $ xcodebuild -showBuildSettings -workspace ./FanScores.xcworkspace -scheme FanScores -configuration Release -derivedDataPath ./build 2>&1
[RUN_FASTLANE] Command timed out after 3 seconds on try 1 of 4, trying again with a 6 second timeout...
[RUN_FASTLANE] Command timed out after 6 seconds on try 2 of 4, trying again with a 12 second timeout...
[RUN_FASTLANE] Detected provisioning profile mapping: {"com.fanscores.app": "f0bec9ae-9d94-438c-9f62-7ff9f45350c2"}
[RUN_FASTLANE] 
[RUN_FASTLANE] +-----------------------------------------------------------------------------+
[RUN_FASTLANE] |                           Summary for gym 2.232.2                           |
[RUN_FASTLANE] +--------------------------------------+--------------------------------------+
[RUN_FASTLANE] | workspace                            | ./FanScores.xcworkspace              |
[RUN_FASTLANE] | scheme                               | FanScores                            |
[RUN_FASTLANE] | clean                                | false                                |
[RUN_FASTLANE] | output_directory                     | ./build                              |
[RUN_FASTLANE] | output_name                          | FanScores                            |
[RUN_FASTLANE] | configuration                        | Release                              |
[RUN_FASTLANE] | silent                               | false                                |
[RUN_FASTLANE] | skip_package_ipa                     | false                                |
[RUN_FASTLANE] | skip_package_pkg                     | false                                |
[RUN_FASTLANE] | export_options.method                | app-store                            |
[RUN_FASTLANE] | export_options.provisioningProfiles  | f0bec9ae-9d94-438c-9f62-7ff9f45350c  |
[RUN_FASTLANE] | .com.fanscores.app                   | 2                                    |
[RUN_FASTLANE] | export_xcargs                        | OTHER_CODE_SIGN_FLAGS="--keychain    |
[RUN_FASTLANE] |                                      | /var/folders/q1/2sbmtgjx5bn59y9rn8g  |
[RUN_FASTLANE] |                                      | 4q8q40000gn/T/eas-build-a5a7851a-20  |
[RUN_FASTLANE] |                                      | 5a-4093-8027-0fb39830de53.keychain"  |
[RUN_FASTLANE] | build_path                           | /Users/hamzabinamin/Library/Develop  |
[RUN_FASTLANE] |                                      | er/Xcode/Archives/2026-05-29         |
[RUN_FASTLANE] | derived_data_path                    | ./build                              |
[RUN_FASTLANE] | result_bundle                        | true                                 |
[RUN_FASTLANE] | result_bundle_path                   | /var/folders/q1/2sbmtgjx5bn59y9rn8g  |
[RUN_FASTLANE] |                                      | 4q8q40000gn/T/result-bundle-1780080  |
[RUN_FASTLANE] |                                      | 609255.xcresult                      |
[RUN_FASTLANE] | buildlog_path                        | /var/folders/q1/2sbmtgjx5bn59y9rn8g  |
[RUN_FASTLANE] |                                      | 4q8q40000gn/T/eas-build-local-nodej  |
[RUN_FASTLANE] |                                      | s/f8856988-254a-4d92-a109-a73ab29a9  |
[RUN_FASTLANE] |                                      | e40/logs                             |
[RUN_FASTLANE] | destination                          | generic/platform=iOS                 |
[RUN_FASTLANE] | suppress_xcode_output                | true                                 |
[RUN_FASTLANE] | xcodebuild_formatter                 | xcpretty                             |
[RUN_FASTLANE] | build_timing_summary                 | false                                |
[RUN_FASTLANE] | disable_xcpretty                     | true                                 |
[RUN_FASTLANE] | skip_profile_detection               | false                                |
[RUN_FASTLANE] | xcodebuild_command                   | xcodebuild                           |
[RUN_FASTLANE] | skip_package_dependencies_resolutio  | false                                |
[RUN_FASTLANE] | n                                    |                                      |
[RUN_FASTLANE] | disable_package_automatic_updates    | false                                |
[RUN_FASTLANE] | skip_package_repository_fetches      | false                                |
[RUN_FASTLANE] | use_system_scm                       | false                                |
[RUN_FASTLANE] | generate_appstore_info               | false                                |
[RUN_FASTLANE] | xcode_path                           | /Applications/Xcode.app              |
[RUN_FASTLANE] +--------------------------------------+--------------------------------------+
[RUN_FASTLANE] $ set -o pipefail && xcodebuild -workspace ./FanScores.xcworkspace -scheme FanScores -configuration Release -derivedDataPath ./build -destination 'generic/platform=iOS' -archivePath /Users/hamzabinamin/Library/Developer/Xcode/Archives/2026-05-29/FanScores\ 2026-05-29\ 23.50.31.xcarchive -resultBundlePath '/var/folders/q1/2sbmtgjx5bn59y9rn8g4q8q40000gn/T/result-bundle-1780080609255.xcresult' archive | tee /var/folders/q1/2sbmtgjx5bn59y9rn8g4q8q40000gn/T/eas-build-local-nodejs/f8856988-254a-4d92-a109-a73ab29a9e40/logs/FanScores-FanScores.log > /dev/null
[RUN_FASTLANE] › Executing react-native Pods/hermes-engine » [CP-User] [Hermes] Replace Hermes for the right configuration, if needed
[RUN_FASTLANE] › Executing react-native Pods/ReactNativeDependencies » [CP-User] [RNDeps] Replace React Native Dependencies for the right configuration, if needed
[RUN_FASTLANE] › Copying   ios/build/Build/Intermediates.noindex/ArchiveIntermediates/FanScores/IntermediateBuildFilesPath/UninstalledProducts/iphoneos/Pods_FanScores.framework/Headers/Pods-FanScores-umbrella.h ➜ ../../../../var/folders/q1/2sbmtgjx5bn59y9rn8g4q8q40000gn/T/eas-build-local-nodejs/f8856988-254a-4d92-a109-a73ab29a9e40/build/ios/Pods/Target/ Support/ Files/Pods-FanScores/Pods-FanScores-umbrella.h
[RUN_FASTLANE] › Copying   @react-native-firebase/firestore ios/build/Build/Intermediates.noindex/ArchiveIntermediates/FanScores/IntermediateBuildFilesPath/UninstalledProducts/iphoneos/nanopb.framework/Headers/pb_encode.h ➜ ../../../../var/folders/q1/2sbmtgjx5bn59y9rn8g4q8q40000gn/T/eas-build-local-nodejs/f8856988-254a-4d92-a109-a73ab29a9e40/build/ios/Pods/nanopb/pb_encode.h
[RUN_FASTLANE] › Copying   @react-native-firebase/firestore ios/build/Build/Intermediates.noindex/ArchiveIntermediates/FanScores/IntermediateBuildFilesPath/UninstalledProducts/iphoneos/nanopb.framework/Headers/pb_decode.h ➜ ../../../../var/folders/q1/2sbmtgjx5bn59y9rn8g4q8q40000gn/T/eas-build-local-nodejs/f8856988-254a-4d92-a109-a73ab29a9e40/build/ios/Pods/nanopb/pb_decode.h
[RUN_FASTLANE] › Copying   @react-native-firebase/firestore ios/build/Build/Intermediates.noindex/ArchiveIntermediates/FanScores/IntermediateBuildFilesPath/UninstalledProducts/iphoneos/nanopb.framework/Headers/pb_common.h ➜ ../../../../var/folders/q1/2sbmtgjx5bn59y9rn8g4q8q40000gn/T/eas-build-local-nodejs/f8856988-254a-4d92-a109-a73ab29a9e40/build/ios/Pods/nanopb/pb_common.h
[RUN_FASTLANE] › Copying   @react-native-firebase/firestore ios/build/Build/Intermediates.noindex/ArchiveIntermediates/FanScores/IntermediateBuildFilesPath/UninstalledProducts/iphoneos/nanopb.framework/Headers/pb.h ➜ ../../../../var/folders/q1/2sbmtgjx5bn59y9rn8g4q8q40000gn/T/eas-build-local-nodejs/f8856988-254a-4d92-a109-a73ab29a9e40/build/ios/Pods/nanopb/pb.h
[RUN_FASTLANE] › Copying   expo-image ios/build/Build/Intermediates.noindex/ArchiveIntermediates/FanScores/IntermediateBuildFilesPath/UninstalledProducts/iphoneos/libwebp.framework/Headers/types.h ➜ ../../../../var/folders/q1/2sbmtgjx5bn59y9rn8g4q8q40000gn/T/eas-build-local-nodejs/f8856988-254a-4d92-a109-a73ab29a9e40/build/ios/Pods/libwebp/src/webp/types.h
[RUN_FASTLANE] › Copying   expo-image ios/build/Build/Intermediates.noindex/ArchiveIntermediates/FanScores/IntermediateBuildFilesPath/UninstalledProducts/iphoneos/libwebp.framework/Headers/sharpyuv.h ➜ ../../../../var/folders/q1/2sbmtgjx5bn59y9rn8g4q8q40000gn/T/eas-build-local-nodejs/f8856988-254a-4d92-a109-a73ab29a9e40/build/ios/Pods/libwebp/sharpyuv/sharpyuv.h
[RUN_FASTLANE] › Copying   expo-image ios/build/Build/Intermediates.noindex/ArchiveIntermediates/FanScores/IntermediateBuildFilesPath/UninstalledProducts/iphoneos/libwebp.framework/Headers/mux_types.h ➜ ../../../../var/folders/q1/2sbmtgjx5bn59y9rn8g4q8q40000gn/T/eas-build-local-nodejs/f8856988-254a-4d92-a109-a73ab29a9e40/build/ios/Pods/libwebp/src/webp/mux_types.h
[RUN_FASTLANE] › Copying   expo-image ios/build/Build/Intermediates.noindex/ArchiveIntermediates/FanScores/IntermediateBuildFilesPath/UninstalledProducts/iphoneos/libwebp.framework/Headers/mux.h ➜ ../../../../var/folders/q1/2sbmtgjx5bn59y9rn8g4q8q40000gn/T/eas-build-local-nodejs/f8856988-254a-4d92-a109-a73ab29a9e40/build/ios/Pods/libwebp/src/webp/mux.h
[RUN_FASTLANE] › Copying   expo-image ios/build/Build/Intermediates.noindex/ArchiveIntermediates/FanScores/IntermediateBuildFilesPath/UninstalledProducts/iphoneos/libwebp.framework/Headers/libwebp-umbrella.h ➜ ../../../../var/folders/q1/2sbmtgjx5bn59y9rn8g4q8q40000gn/T/eas-build-local-nodejs/f8856988-254a-4d92-a109-a73ab29a9e40/build/ios/Pods/Target/ Support/ Files/libwebp/libwebp-umbrella.h
[RUN_FASTLANE] › Copying   expo-image ios/build/Build/Intermediates.noindex/ArchiveIntermediates/FanScores/IntermediateBuildFilesPath/UninstalledProducts/iphoneos/libwebp.framework/Headers/format_constants.h ➜ ../../../../var/folders/q1/2sbmtgjx5bn59y9rn8g4q8q40000gn/T/eas-build-local-nodejs/f8856988-254a-4d92-a109-a73ab29a9e40/build/ios/Pods/libwebp/src/webp/format_constants.h
[RUN_FASTLANE] › Copying   expo-image ios/build/Build/Intermediates.noindex/ArchiveIntermediates/FanScores/IntermediateBuildFilesPath/UninstalledProducts/iphoneos/libwebp.framework/Headers/encode.h ➜ ../../../../var/folders/q1/2sbmtgjx5bn59y9rn8g4q8q40000gn/T/eas-build-local-nodejs/f8856988-254a-4d92-a109-a73ab29a9e40/build/ios/Pods/libwebp/src/webp/encode.h
[RUN_FASTLANE] › Copying   expo-image ios/build/Build/Intermediates.noindex/ArchiveIntermediates/FanScores/IntermediateBuildFilesPath/UninstalledProducts/iphoneos/libwebp.framework/Headers/demux.h ➜ ../../../../var/folders/q1/2sbmtgjx5bn59y9rn8g4q8q40000gn/T/eas-build-local-nodejs/f8856988-254a-4d92-a109-a73ab29a9e40/build/ios/Pods/libwebp/src/webp/demux.h
[RUN_FASTLANE] › Copying   expo-image ios/build/Build/Intermediates.noindex/ArchiveIntermediates/FanScores/IntermediateBuildFilesPath/UninstalledProducts/iphoneos/libwebp.framework/Headers/decode.h ➜ ../../../../var/folders/q1/2sbmtgjx5bn59y9rn8g4q8q40000gn/T/eas-build-local-nodejs/f8856988-254a-4d92-a109-a73ab29a9e40/build/ios/Pods/libwebp/src/webp/decode.h
[RUN_FASTLANE] › Copying   expo-image ios/build/Build/Intermediates.noindex/ArchiveIntermediates/FanScores/IntermediateBuildFilesPath/UninstalledProducts/iphoneos/libdav1d.framework/Headers/version.h ➜ ../../../../var/folders/q1/2sbmtgjx5bn59y9rn8g4q8q40000gn/T/eas-build-local-nodejs/f8856988-254a-4d92-a109-a73ab29a9e40/build/ios/Pods/libdav1d/dav1d/include/dav1d/version.h
[RUN_FASTLANE] › Copying   expo-image ios/build/Build/Intermediates.noindex/ArchiveIntermediates/FanScores/IntermediateBuildFilesPath/UninstalledProducts/iphoneos/libdav1d.framework/Headers/picture.h ➜ ../../../../var/folders/q1/2sbmtgjx5bn59y9rn8g4q8q40000gn/T/eas-build-local-nodejs/f8856988-254a-4d92-a109-a73ab29a9e40/build/ios/Pods/libdav1d/dav1d/include/dav1d/picture.h
[RUN_FASTLANE] › Copying   expo-image ios/build/Build/Intermediates.noindex/ArchiveIntermediates/FanScores/IntermediateBuildFilesPath/UninstalledProducts/iphoneos/libdav1d.framework/Headers/libdav1d-umbrella.h ➜ ../../../../var/folders/q1/2sbmtgjx5bn59y9rn8g4q8q40000gn/T/eas-build-local-nodejs/f8856988-254a-4d92-a109-a73ab29a9e40/build/ios/Pods/Target/ Support/ Files/libdav1d/libdav1d-umbrella.h
[RUN_FASTLANE] › Copying   expo-image ios/build/Build/Intermediates.noindex/ArchiveIntermediates/FanScores/IntermediateBuildFilesPath/UninstalledProducts/iphoneos/libdav1d.framework/Headers/dav1d.h ➜ ../../../../var/folders/q1/2sbmtgjx5bn59y9rn8g4q8q40000gn/T/eas-build-local-nodejs/f8856988-254a-4d92-a109-a73ab29a9e40/build/ios/Pods/libdav1d/dav1d/include/dav1d/dav1d.h
[RUN_FASTLANE] › Copying   expo-image ios/build/Build/Intermediates.noindex/ArchiveIntermediates/FanScores/IntermediateBuildFilesPath/UninstalledProducts/iphoneos/libdav1d.framework/Headers/data.h ➜ ../../../../var/folders/q1/2sbmtgjx5bn59y9rn8g4q8q40000gn/T/eas-build-local-nodejs/f8856988-254a-4d92-a109-a73ab29a9e40/build/ios/Pods/libdav1d/dav1d/include/dav1d/data.h
[RUN_FASTLANE] › Copying   expo-image ios/build/Build/Intermediates.noindex/ArchiveIntermediates/FanScores/IntermediateBuildFilesPath/UninstalledProducts/iphoneos/libdav1d.framework/Headers/common.h ➜ ../../../../var/folders/q1/2sbmtgjx5bn59y9rn8g4q8q40000gn/T/eas-build-local-nodejs/f8856988-254a-4d92-a109-a73ab29a9e40/build/ios/Pods/libdav1d/dav1d/include/dav1d/common.h
[RUN_FASTLANE] › Copying   ios/build/Build/Intermediates.noindex/ArchiveIntermediates/FanScores/IntermediateBuildFilesPath/UninstalledProducts/iphoneos/libavif.framework/Headers/internal.h ➜ ../../../../var/folders/q1/2sbmtgjx5bn59y9rn8g4q8q40000gn/T/eas-build-local-nodejs/f8856988-254a-4d92-a109-a73ab29a9e40/build/ios/Pods/libavif/include/avif/internal.h
[RUN_FASTLANE] › Copying   ios/build/Build/Intermediates.noindex/ArchiveIntermediates/FanScores/IntermediateBuildFilesPath/UninstalledProducts/iphoneos/libavif.framework/Headers/avif.h ➜ ../../../../var/folders/q1/2sbmtgjx5bn59y9rn8g4q8q40000gn/T/eas-build-local-nodejs/f8856988-254a-4d92-a109-a73ab29a9e40/build/ios/Pods/libavif/include/avif/avif.h
[RUN_FASTLANE] › Copying   @react-native-firebase/firestore ios/build/Build/Intermediates.noindex/ArchiveIntermediates/FanScores/IntermediateBuildFilesPath/UninstalledProducts/iphoneos/leveldb.framework/Headers/write_batch.h ➜ ../../../../var/folders/q1/2sbmtgjx5bn59y9rn8g4q8q40000gn/T/eas-build-local-nodejs/f8856988-254a-4d92-a109-a73ab29a9e40/build/ios/Pods/leveldb-library/include/leveldb/write_batch.h
[RUN_FASTLANE] › Copying   @react-native-firebase/firestore ios/build/Build/Intermediates.noindex/ArchiveIntermediates/FanScores/IntermediateBuildFilesPath/UninstalledProducts/iphoneos/leveldb.framework/Headers/table_builder.h ➜ ../../../../var/folders/q1/2sbmtgjx5bn59y9rn8g4q8q40000gn/T/eas-build-local-nodejs/f8856988-254a-4d92-a109-a73ab29a9e40/build/ios/Pods/leveldb-library/include/leveldb/table_builder.h
[RUN_FASTLANE] › Copying   @react-native-firebase/firestore ios/build/Build/Intermediates.noindex/ArchiveIntermediates/FanScores/IntermediateBuildFilesPath/UninstalledProducts/iphoneos/leveldb.framework/Headers/table.h ➜ ../../../../var/folders/q1/2sbmtgjx5bn59y9rn8g4q8q40000gn/T/eas-build-local-nodejs/f8856988-254a-4d92-a109-a73ab29a9e40/build/ios/Pods/leveldb-library/include/leveldb/table.h
[RUN_FASTLANE] › Copying   @react-native-firebase/firestore ios/build/Build/Intermediates.noindex/ArchiveIntermediates/FanScores/IntermediateBuildFilesPath/UninstalledProducts/iphoneos/leveldb.framework/Headers/status.h ➜ ../../../../var/folders/q1/2sbmtgjx5bn59y9rn8g4q8q40000gn/T/eas-build-local-nodejs/f8856988-254a-4d92-a109-a73ab29a9e40/build/ios/Pods/leveldb-library/include/leveldb/status.h
[RUN_FASTLANE] › Copying   @react-native-firebase/firestore ios/build/Build/Intermediates.noindex/ArchiveIntermediates/FanScores/IntermediateBuildFilesPath/UninstalledProducts/iphoneos/leveldb.framework/Headers/slice.h ➜ ../../../../var/folders/q1/2sbmtgjx5bn59y9rn8g4q8q40000gn/T/eas-build-local-nodejs/f8856988-254a-4d92-a109-a73ab29a9e40/build/ios/Pods/leveldb-library/include/leveldb/slice.h
[RUN_FASTLANE] › Copying   @react-native-firebase/firestore ios/build/Build/Intermediates.noindex/ArchiveIntermediates/FanScores/IntermediateBuildFilesPath/UninstalledProducts/iphoneos/leveldb.framework/Headers/options.h ➜ ../../../../var/folders/q1/2sbmtgjx5bn59y9rn8g4q8q40000gn/T/eas-build-local-nodejs/f8856988-254a-4d92-a109-a73ab29a9e40/build/ios/Pods/leveldb-library/include/leveldb/options.h
[RUN_FASTLANE] › Copying   @react-native-firebase/firestore ios/build/Build/Intermediates.noindex/ArchiveIntermediates/FanScores/IntermediateBuildFilesPath/UninstalledProducts/iphoneos/leveldb.framework/Headers/leveldb-library-umbrella.h ➜ ../../../../var/folders/q1/2sbmtgjx5bn59y9rn8g4q8q40000gn/T/eas-build-local-nodejs/f8856988-254a-4d92-a109-a73ab29a9e40/build/ios/Pods/Target/ Support/ Files/leveldb-library/leveldb-library-umbrella.h
[RUN_FASTLANE] › Copying   @react-native-firebase/firestore ios/build/Build/Intermediates.noindex/ArchiveIntermediates/FanScores/IntermediateBuildFilesPath/UninstalledProducts/iphoneos/leveldb.framework/Headers/iterator.h ➜ ../../../../var/folders/q1/2sbmtgjx5bn59y9rn8g4q8q40000gn/T/eas-build-local-nodejs/f8856988-254a-4d92-a109-a73ab29a9e40/build/ios/Pods/leveldb-library/include/leveldb/iterator.h
[RUN_FASTLANE] › Copying   @react-native-firebase/firestore ios/build/Build/Intermediates.noindex/ArchiveIntermediates/FanScores/IntermediateBuildFilesPath/UninstalledProducts/iphoneos/leveldb.framework/Headers/export.h ➜ ../../../../var/folders/q1/2sbmtgjx5bn59y9rn8g4q8q40000gn/T/eas-build-local-nodejs/f8856988-254a-4d92-a109-a73ab29a9e40/build/ios/Pods/leveldb-library/include/leveldb/export.h
[RUN_FASTLANE] › Copying   @react-native-firebase/firestore ios/build/Build/Intermediates.noindex/ArchiveIntermediates/FanScores/IntermediateBuildFilesPath/UninstalledProducts/iphoneos/leveldb.framework/Headers/env.h ➜ ../../../../var/folders/q1/2sbmtgjx5bn59y9rn8g4q8q40000gn/T/eas-build-local-nodejs/f8856988-254a-4d92-a109-a73ab29a9e40/build/ios/Pods/leveldb-library/include/leveldb/env.h
[RUN_FASTLANE] › Copying   @react-native-firebase/firestore ios/build/Build/Intermediates.noindex/ArchiveIntermediates/FanScores/IntermediateBuildFilesPath/UninstalledProducts/iphoneos/leveldb.framework/Headers/dumpfile.h ➜ ../../../../var/folders/q1/2sbmtgjx5bn59y9rn8g4q8q40000gn/T/eas-build-local-nodejs/f8856988-254a-4d92-a109-a73ab29a9e40/build/ios/Pods/leveldb-library/include/leveldb/dumpfile.h
[RUN_FASTLANE] › Copying   @react-native-firebase/firestore ios/build/Build/Intermediates.noindex/ArchiveIntermediates/FanScores/IntermediateBuildFilesPath/UninstalledProducts/iphoneos/leveldb.framework/Headers/db.h ➜ ../../../../var/folders/q1/2sbmtgjx5bn59y9rn8g4q8q40000gn/T/eas-build-local-nodejs/f8856988-254a-4d92-a109-a73ab29a9e40/build/ios/Pods/leveldb-library/include/leveldb/db.h
[RUN_FASTLANE] › Copying   @react-native-firebase/firestore ios/build/Build/Intermediates.noindex/ArchiveIntermediates/FanScores/IntermediateBuildFilesPath/UninstalledProducts/iphoneos/leveldb.framework/Headers/comparator.h ➜ ../../../../var/folders/q1/2sbmtgjx5bn59y9rn8g4q8q40000gn/T/eas-build-local-nodejs/f8856988-254a-4d92-a109-a73ab29a9e40/build/ios/Pods/leveldb-library/include/leveldb/comparator.h
[RUN_FASTLANE] › Copying   @react-native-firebase/firestore ios/build/Build/Intermediates.noindex/ArchiveIntermediates/FanScores/IntermediateBuildFilesPath/UninstalledProducts/iphoneos/leveldb.framework/Headers/cache.h ➜ ../../../../var/folders/q1/2sbmtgjx5bn59y9rn8g4q8q40000gn/T/eas-build-local-nodejs/f8856988-254a-4d92-a109-a73ab29a9e40/build/ios/Pods/leveldb-library/include/leveldb/cache.h
[RUN_FASTLANE] › Copying   @react-native-firebase/firestore ios/build/Build/Intermediates.noindex/ArchiveIntermediates/FanScores/IntermediateBuildFilesPath/UninstalledProducts/iphoneos/grpcpp.framework/Headers/gRPC-C++-umbrella.h ➜ ../../../../var/folders/q1/2sbmtgjx5bn59y9rn8g4q8q40000gn/T/eas-build-local-nodejs/f8856988-254a-4d92-a109-a73ab29a9e40/build/ios/Pods/Target/ Support/ Files/gRPC-C++/gRPC-C++-umbrella.h
[RUN_FASTLANE] › Copying   expo-dev-menu-interface ios/build/Build/Intermediates.noindex/ArchiveIntermediates/FanScores/IntermediateBuildFilesPath/UninstalledProducts/iphoneos/EXDevMenuInterface.framework/Headers/expo-dev-menu-interface-umbrella.h ➜ ../../../../var/folders/q1/2sbmtgjx5bn59y9rn8g4q8q40000gn/T/eas-build-local-nodejs/f8856988-254a-4d92-a109-a73ab29a9e40/build/ios/Pods/Target/ Support/ Files/expo-dev-menu-interface/expo-dev-menu-interface-umbrella.h
[RUN_FASTLANE] › Copying   ios/build/Build/Intermediates.noindex/ArchiveIntermediates/FanScores/IntermediateBuildFilesPath/UninstalledProducts/iphoneos/absl.framework/Headers/abseil-umbrella.h ➜ ../../../../var/folders/q1/2sbmtgjx5bn59y9rn8g4q8q40000gn/T/eas-build-local-nodejs/f8856988-254a-4d92-a109-a73ab29a9e40/build/ios/Pods/Target/ Support/ Files/abseil/abseil-umbrella.h
[RUN_FASTLANE] › Copying   expo-image ios/build/Build/Intermediates.noindex/ArchiveIntermediates/FanScores/IntermediateBuildFilesPath/UninstalledProducts/iphoneos/SDWebImageWebPCoder.framework/PrivateHeaders/SDmetamacros.h ➜ ../../../../var/folders/q1/2sbmtgjx5bn59y9rn8g4q8q40000gn/T/eas-build-local-nodejs/f8856988-254a-4d92-a109-a73ab29a9e40/build/ios/Pods/SDWebImageWebPCoder/SDWebImageWebPCoder/Private/SDmetamacros.h
[RUN_FASTLANE] › Copying   expo-image ios/build/Build/Intermediates.noindex/ArchiveIntermediates/FanScores/IntermediateBuildFilesPath/UninstalledProducts/iphoneos/SDWebImageWebPCoder.framework/PrivateHeaders/SDInternalMacros.h ➜ ../../../../var/folders/q1/2sbmtgjx5bn59y9rn8g4q8q40000gn/T/eas-build-local-nodejs/f8856988-254a-4d92-a109-a73ab29a9e40/build/ios/Pods/SDWebImageWebPCoder/SDWebImageWebPCoder/Private/SDInternalMacros.h
[RUN_FASTLANE] › Copying   expo-image ios/build/Build/Intermediates.noindex/ArchiveIntermediates/FanScores/IntermediateBuildFilesPath/UninstalledProducts/iphoneos/SDWebImageWebPCoder.framework/Headers/UIImage+WebP.h ➜ ../../../../var/folders/q1/2sbmtgjx5bn59y9rn8g4q8q40000gn/T/eas-build-local-nodejs/f8856988-254a-4d92-a109-a73ab29a9e40/build/ios/Pods/SDWebImageWebPCoder/SDWebImageWebPCoder/Classes/UIImage+WebP.h
[RUN_FASTLANE] › Copying   expo-image ios/build/Build/Intermediates.noindex/ArchiveIntermediates/FanScores/IntermediateBuildFilesPath/UninstalledProducts/iphoneos/SDWebImageWebPCoder.framework/Headers/SDWebImageWebPCoder.h ➜ ../../../../var/folders/q1/2sbmtgjx5bn59y9rn8g4q8q40000gn/T/eas-build-local-nodejs/f8856988-254a-4d92-a109-a73ab29a9e40/build/ios/Pods/SDWebImageWebPCoder/SDWebImageWebPCoder/Module/SDWebImageWebPCoder.h
[RUN_FASTLANE] › Copying   expo-image ios/build/Build/Intermediates.noindex/ArchiveIntermediates/FanScores/IntermediateBuildFilesPath/UninstalledProducts/iphoneos/SDWebImageWebPCoder.framework/Headers/SDImageWebPCoder.h ➜ ../../../../var/folders/q1/2sbmtgjx5bn59y9rn8g4q8q40000gn/T/eas-build-local-nodejs/f8856988-254a-4d92-a109-a73ab29a9e40/build/ios/Pods/SDWebImageWebPCoder/SDWebImageWebPCoder/Classes/SDImageWebPCoder.h
[RUN_FASTLANE] › Copying   expo-image ios/build/Build/Intermediates.noindex/ArchiveIntermediates/FanScores/IntermediateBuildFilesPath/UninstalledProducts/iphoneos/SDWebImageSVGCoder.framework/Headers/SDWebImageSVGCoderDefine.h ➜ ../../../../var/folders/q1/2sbmtgjx5bn59y9rn8g4q8q40000gn/T/eas-build-local-nodejs/f8856988-254a-4d92-a109-a73ab29a9e40/build/ios/Pods/SDWebImageSVGCoder/SDWebImageSVGCoder/Classes/SDWebImageSVGCoderDefine.h
[RUN_FASTLANE] › Copying   expo-image ios/build/Build/Intermediates.noindex/ArchiveIntermediates/FanScores/IntermediateBuildFilesPath/UninstalledProducts/iphoneos/SDWebImageSVGCoder.framework/Headers/SDWebImageSVGCoder.h ➜ ../../../../var/folders/q1/2sbmtgjx5bn59y9rn8g4q8q40000gn/T/eas-build-local-nodejs/f8856988-254a-4d92-a109-a73ab29a9e40/build/ios/Pods/SDWebImageSVGCoder/SDWebImageSVGCoder/Module/SDWebImageSVGCoder.h
[RUN_FASTLANE] › Copying   expo-image ios/build/Build/Intermediates.noindex/ArchiveIntermediates/FanScores/IntermediateBuildFilesPath/UninstalledProducts/iphoneos/SDWebImageSVGCoder.framework/Headers/SDImageSVGCoder.h ➜ ../../../../var/folders/q1/2sbmtgjx5bn59y9rn8g4q8q40000gn/T/eas-build-local-nodejs/f8856988-254a-4d92-a109-a73ab29a9e40/build/ios/Pods/SDWebImageSVGCoder/SDWebImageSVGCoder/Classes/SDImageSVGCoder.h
[RUN_FASTLANE] › Copying   expo-image ios/build/Build/Intermediates.noindex/ArchiveIntermediates/FanScores/IntermediateBuildFilesPath/UninstalledProducts/iphoneos/SDWebImageAVIFCoder.framework/PrivateHeaders/Conversion.h ➜ ../../../../var/folders/q1/2sbmtgjx5bn59y9rn8g4q8q40000gn/T/eas-build-local-nodejs/f8856988-254a-4d92-a109-a73ab29a9e40/build/ios/Pods/SDWebImageAVIFCoder/SDWebImageAVIFCoder/Classes/Private/Conversion.h
[RUN_FASTLANE] › Copying   expo-image ios/build/Build/Intermediates.noindex/ArchiveIntermediates/FanScores/IntermediateBuildFilesPath/UninstalledProducts/iphoneos/SDWebImageAVIFCoder.framework/Headers/SDWebImageAVIFCoder.h ➜ ../../../../var/folders/q1/2sbmtgjx5bn59y9rn8g4q8q40000gn/T/eas-build-local-nodejs/f8856988-254a-4d92-a109-a73ab29a9e40/build/ios/Pods/SDWebImageAVIFCoder/SDWebImageAVIFCoder/Module/SDWebImageAVIFCoder.h
[RUN_FASTLANE] › Copying   expo-image ios/build/Build/Intermediates.noindex/ArchiveIntermediates/FanScores/IntermediateBuildFilesPath/UninstalledProducts/iphoneos/SDWebImageAVIFCoder.framework/Headers/SDWebImageAVIFCoder-umbrella.h ➜ ../../../../var/folders/q1/2sbmtgjx5bn59y9rn8g4q8q40000gn/T/eas-build-local-nodejs/f8856988-254a-4d92-a109-a73ab29a9e40/build/ios/Pods/Target/ Support/ Files/SDWebImageAVIFCoder/SDWebImageAVIFCoder-umbrella.h
[RUN_FASTLANE] › Copying   expo-image ios/build/Build/Intermediates.noindex/ArchiveIntermediates/FanScores/IntermediateBuildFilesPath/UninstalledProducts/iphoneos/SDWebImageAVIFCoder.framework/Headers/SDImageAVIFCoder.h ➜ ../../../../var/folders/q1/2sbmtgjx5bn59y9rn8g4q8q40000gn/T/eas-build-local-nodejs/f8856988-254a-4d92-a109-a73ab29a9e40/build/ios/Pods/SDWebImageAVIFCoder/SDWebImageAVIFCoder/Classes/Public/SDImageAVIFCoder.h
[RUN_FASTLANE] › Copying   expo-image ios/build/Build/Intermediates.noindex/ArchiveIntermediates/FanScores/IntermediateBuildFilesPath/UninstalledProducts/iphoneos/SDWebImage.framework/PrivateHeaders/UIColor+SDHexString.h ➜ ../../../../var/folders/q1/2sbmtgjx5bn59y9rn8g4q8q40000gn/T/eas-build-local-nodejs/f8856988-254a-4d92-a109-a73ab29a9e40/build/ios/Pods/SDWebImage/SDWebImage/Private/UIColor+SDHexString.h
[RUN_FASTLANE] › Copying   expo-image ios/build/Build/Intermediates.noindex/ArchiveIntermediates/FanScores/IntermediateBuildFilesPath/UninstalledProducts/iphoneos/SDWebImage.framework/PrivateHeaders/SDmetamacros.h ➜ ../../../../var/folders/q1/2sbmtgjx5bn59y9rn8g4q8q40000gn/T/eas-build-local-nodejs/f8856988-254a-4d92-a109-a73ab29a9e40/build/ios/Pods/SDWebImage/SDWebImage/Private/SDmetamacros.h
[RUN_FASTLANE] › Copying   expo-image ios/build/Build/Intermediates.noindex/ArchiveIntermediates/FanScores/IntermediateBuildFilesPath/UninstalledProducts/iphoneos/SDWebImage.framework/PrivateHeaders/SDWebImageTransitionInternal.h ➜ ../../../../var/folders/q1/2sbmtgjx5bn59y9rn8g4q8q40000gn/T/eas-build-local-nodejs/f8856988-254a-4d92-a109-a73ab29a9e40/build/ios/Pods/SDWebImage/SDWebImage/Private/SDWebImageTransitionInternal.h
[RUN_FASTLANE] › Copying   expo-image ios/build/Build/Intermediates.noindex/ArchiveIntermediates/FanScores/IntermediateBuildFilesPath/UninstalledProducts/iphoneos/SDWebImage.framework/PrivateHeaders/SDWeakProxy.h ➜ ../../../../var/folders/q1/2sbmtgjx5bn59y9rn8g4q8q40000gn/T/eas-build-local-nodejs/f8856988-254a-4d92-a109-a73ab29a9e40/build/ios/Pods/SDWebImage/SDWebImage/Private/SDWeakProxy.h
[RUN_FASTLANE] › Copying   expo-image ios/build/Build/Intermediates.noindex/ArchiveIntermediates/FanScores/IntermediateBuildFilesPath/UninstalledProducts/iphoneos/SDWebImage.framework/PrivateHeaders/SDInternalMacros.h ➜ ../../../../var/folders/q1/2sbmtgjx5bn59y9rn8g4q8q40000gn/T/eas-build-local-nodejs/f8856988-254a-4d92-a109-a73ab29a9e40/build/ios/Pods/SDWebImage/SDWebImage/Private/SDInternalMacros.h
[RUN_FASTLANE] › Copying   expo-image ios/build/Build/Intermediates.noindex/ArchiveIntermediates/FanScores/IntermediateBuildFilesPath/UninstalledProducts/iphoneos/SDWebImage.framework/PrivateHeaders/SDImageIOAnimatedCoderInternal.h ➜ ../../../../var/folders/q1/2sbmtgjx5bn59y9rn8g4q8q40000gn/T/eas-build-local-nodejs/f8856988-254a-4d92-a109-a73ab29a9e40/build/ios/Pods/SDWebImage/SDWebImage/Private/SDImageIOAnimatedCoderInternal.h
[RUN_FASTLANE] › Copying   expo-image ios/build/Build/Intermediates.noindex/ArchiveIntermediates/FanScores/IntermediateBuildFilesPath/UninstalledProducts/iphoneos/SDWebImage.framework/PrivateHeaders/SDImageFramePool.h ➜ ../../../../var/folders/q1/2sbmtgjx5bn59y9rn8g4q8q40000gn/T/eas-build-local-nodejs/f8856988-254a-4d92-a109-a73ab29a9e40/build/ios/Pods/SDWebImage/SDWebImage/Private/SDImageFramePool.h
[RUN_FASTLANE] › Copying   expo-image ios/build/Build/Intermediates.noindex/ArchiveIntermediates/FanScores/IntermediateBuildFilesPath/UninstalledProducts/iphoneos/SDWebImage.framework/PrivateHeaders/SDImageCachesManagerOperation.h ➜ ../../../../var/folders/q1/2sbmtgjx5bn59y9rn8g4q8q40000gn/T/eas-build-local-nodejs/f8856988-254a-4d92-a109-a73ab29a9e40/build/ios/Pods/SDWebImage/SDWebImage/Private/SDImageCachesManagerOperation.h
[RUN_FASTLANE] › Copying   expo-image ios/build/Build/Intermediates.noindex/ArchiveIntermediates/FanScores/IntermediateBuildFilesPath/UninstalledProducts/iphoneos/SDWebImage.framework/PrivateHeaders/SDImageAssetManager.h ➜ ../../../../var/folders/q1/2sbmtgjx5bn59y9rn8g4q8q40000gn/T/eas-build-local-nodejs/f8856988-254a-4d92-a109-a73ab29a9e40/build/ios/Pods/SDWebImage/SDWebImage/Private/SDImageAssetManager.h
[RUN_FASTLANE] › Copying   expo-image ios/build/Build/Intermediates.noindex/ArchiveIntermediates/FanScores/IntermediateBuildFilesPath/UninstalledProducts/iphoneos/SDWebImage.framework/PrivateHeaders/SDFileAttributeHelper.h ➜ ../../../../var/folders/q1/2sbmtgjx5bn59y9rn8g4q8q40000gn/T/eas-build-local-nodejs/f8856988-254a-4d92-a109-a73ab29a9e40/build/ios/Pods/SDWebImage/SDWebImage/Private/SDFileAttributeHelper.h
[RUN_FASTLANE] › Copying   expo-image ios/build/Build/Intermediates.noindex/ArchiveIntermediates/FanScores/IntermediateBuildFilesPath/UninstalledProducts/iphoneos/SDWebImage.framework/PrivateHeaders/SDDisplayLink.h ➜ ../../../../var/folders/q1/2sbmtgjx5bn59y9rn8g4q8q40000gn/T/eas-build-local-nodejs/f8856988-254a-4d92-a109-a73ab29a9e40/build/ios/Pods/SDWebImage/SDWebImage/Private/SDDisplayLink.h
[RUN_FASTLANE] › Copying   expo-image ios/build/Build/Intermediates.noindex/ArchiveIntermediates/FanScores/IntermediateBuildFilesPath/UninstalledProducts/iphoneos/SDWebImage.framework/PrivateHeaders/SDDeviceHelper.h ➜ ../../../../var/folders/q1/2sbmtgjx5bn59y9rn8g4q8q40000gn/T/eas-build-local-nodejs/f8856988-254a-4d92-a109-a73ab29a9e40/build/ios/Pods/SDWebImage/SDWebImage/Private/SDDeviceHelper.h
[RUN_FASTLANE] › Copying   expo-image ios/build/Build/Intermediates.noindex/ArchiveIntermediates/FanScores/IntermediateBuildFilesPath/UninstalledProducts/iphoneos/SDWebImage.framework/PrivateHeaders/SDAsyncBlockOperation.h ➜ ../../../../var/folders/q1/2sbmtgjx5bn59y9rn8g4q8q40000gn/T/eas-build-local-nodejs/f8856988-254a-4d92-a109-a73ab29a9e40/build/ios/Pods/SDWebImage/SDWebImage/Private/SDAsyncBlockOperation.h
[RUN_FASTLANE] › Copying   expo-image ios/build/Build/Intermediates.noindex/ArchiveIntermediates/FanScores/IntermediateBuildFilesPath/UninstalledProducts/iphoneos/SDWebImage.framework/PrivateHeaders/SDAssociatedObject.h ➜ ../../../../var/folders/q1/2sbmtgjx5bn59y9rn8g4q8q40000gn/T/eas-build-local-nodejs/f8856988-254a-4d92-a109-a73ab29a9e40/build/ios/Pods/SDWebImage/SDWebImage/Private/SDAssociatedObject.h
[RUN_FASTLANE] › Copying   expo-image ios/build/Build/Intermediates.noindex/ArchiveIntermediates/FanScores/IntermediateBuildFilesPath/UninstalledProducts/iphoneos/SDWebImage.framework/Headers/UIView+WebCacheState.h ➜ ../../../../var/folders/q1/2sbmtgjx5bn59y9rn8g4q8q40000gn/T/eas-build-local-nodejs/f8856988-254a-4d92-a109-a73ab29a9e40/build/ios/Pods/SDWebImage/SDWebImage/Core/UIView+WebCacheState.h
[RUN_FASTLANE] › Copying   expo-image ios/build/Build/Intermediates.noindex/ArchiveIntermediates/FanScores/IntermediateBuildFilesPath/UninstalledProducts/iphoneos/SDWebImage.framework/Headers/UIView+WebCacheOperation.h ➜ ../../../../var/folders/q1/2sbmtgjx5bn59y9rn8g4q8q40000gn/T/eas-build-local-nodejs/f8856988-254a-4d92-a109-a73ab29a9e40/build/ios/Pods/SDWebImage/SDWebImage/Core/UIView+WebCacheOperation.h
[RUN_FASTLANE] › Copying   expo-image ios/build/Build/Intermediates.noindex/ArchiveIntermediates/FanScores/IntermediateBuildFilesPath/UninstalledProducts/iphoneos/SDWebImage.framework/Headers/UIView+WebCache.h ➜ ../../../../var/folders/q1/2sbmtgjx5bn59y9rn8g4q8q40000gn/T/eas-build-local-nodejs/f8856988-254a-4d92-a109-a73ab29a9e40/build/ios/Pods/SDWebImage/SDWebImage/Core/UIView+WebCache.h
[RUN_FASTLANE] › Copying   expo-image ios/build/Build/Intermediates.noindex/ArchiveIntermediates/FanScores/IntermediateBuildFilesPath/UninstalledProducts/iphoneos/SDWebImage.framework/Headers/UIImageView+WebCache.h ➜ ../../../../var/folders/q1/2sbmtgjx5bn59y9rn8g4q8q40000gn/T/eas-build-local-nodejs/f8856988-254a-4d92-a109-a73ab29a9e40/build/ios/Pods/SDWebImage/SDWebImage/Core/UIImageView+WebCache.h
[RUN_FASTLANE] › Copying   expo-image ios/build/Build/Intermediates.noindex/ArchiveIntermediates/FanScores/IntermediateBuildFilesPath/UninstalledProducts/iphoneos/SDWebImage.framework/Headers/UIImageView+HighlightedWebCache.h ➜ ../../../../var/folders/q1/2sbmtgjx5bn59y9rn8g4q8q40000gn/T/eas-build-local-nodejs/f8856988-254a-4d92-a109-a73ab29a9e40/build/ios/Pods/SDWebImage/SDWebImage/Core/UIImageView+HighlightedWebCache.h
[RUN_FASTLANE] › Copying   expo-image ios/build/Build/Intermediates.noindex/ArchiveIntermediates/FanScores/IntermediateBuildFilesPath/UninstalledProducts/iphoneos/SDWebImage.framework/Headers/UIImage+Transform.h ➜ ../../../../var/folders/q1/2sbmtgjx5bn59y9rn8g4q8q40000gn/T/eas-build-local-nodejs/f8856988-254a-4d92-a109-a73ab29a9e40/build/ios/Pods/SDWebImage/SDWebImage/Core/UIImage+Transform.h
[RUN_FASTLANE] › Copying   expo-image ios/build/Build/Intermediates.noindex/ArchiveIntermediates/FanScores/IntermediateBuildFilesPath/UninstalledProducts/iphoneos/SDWebImage.framework/Headers/UIImage+Metadata.h ➜ ../../../../var/folders/q1/2sbmtgjx5bn59y9rn8g4q8q40000gn/T/eas-build-local-nodejs/f8856988-254a-4d92-a109-a73ab29a9e40/build/ios/Pods/SDWebImage/SDWebImage/Core/UIImage+Metadata.h
[RUN_FASTLANE] › Copying   expo-image ios/build/Build/Intermediates.noindex/ArchiveIntermediates/FanScores/IntermediateBuildFilesPath/UninstalledProducts/iphoneos/SDWebImage.framework/Headers/UIImage+MemoryCacheCost.h ➜ ../../../../var/folders/q1/2sbmtgjx5bn59y9rn8g4q8q40000gn/T/eas-build-local-nodejs/f8856988-254a-4d92-a109-a73ab29a9e40/build/ios/Pods/SDWebImage/SDWebImage/Core/UIImage+MemoryCacheCost.h
[RUN_FASTLANE] › Copying   expo-image ios/build/Build/Intermediates.noindex/ArchiveIntermediates/FanScores/IntermediateBuildFilesPath/UninstalledProducts/iphoneos/SDWebImage.framework/Headers/UIImage+GIF.h ➜ ../../../../var/folders/q1/2sbmtgjx5bn59y9rn8g4q8q40000gn/T/eas-build-local-nodejs/f8856988-254a-4d92-a109-a73ab29a9e40/build/ios/Pods/SDWebImage/SDWebImage/Core/UIImage+GIF.h
[RUN_FASTLANE] › Copying   expo-image ios/build/Build/Intermediates.noindex/ArchiveIntermediates/FanScores/IntermediateBuildFilesPath/UninstalledProducts/iphoneos/SDWebImage.framework/Headers/UIImage+ForceDecode.h ➜ ../../../../var/folders/q1/2sbmtgjx5bn59y9rn8g4q8q40000gn/T/eas-build-local-nodejs/f8856988-254a-4d92-a109-a73ab29a9e40/build/ios/Pods/SDWebImage/SDWebImage/Core/UIImage+ForceDecode.h
[RUN_FASTLANE] › Copying   expo-image ios/build/Build/Intermediates.noindex/ArchiveIntermediates/FanScores/IntermediateBuildFilesPath/UninstalledProducts/iphoneos/SDWebImage.framework/Headers/UIImage+ExtendedCacheData.h ➜ ../../../../var/folders/q1/2sbmtgjx5bn59y9rn8g4q8q40000gn/T/eas-build-local-nodejs/f8856988-254a-4d92-a109-a73ab29a9e40/build/ios/Pods/SDWebImage/SDWebImage/Core/UIImage+ExtendedCacheData.h
[RUN_FASTLANE] › Copying   expo-image ios/build/Build/Intermediates.noindex/ArchiveIntermediates/FanScores/IntermediateBuildFilesPath/UninstalledProducts/iphoneos/SDWebImage.framework/Headers/UIButton+WebCache.h ➜ ../../../../var/folders/q1/2sbmtgjx5bn59y9rn8g4q8q40000gn/T/eas-build-local-nodejs/f8856988-254a-4d92-a109-a73ab29a9e40/build/ios/Pods/SDWebImage/SDWebImage/Core/UIButton+WebCache.h
[RUN_FASTLANE] › Copying   expo-image ios/build/Build/Intermediates.noindex/ArchiveIntermediates/FanScores/IntermediateBuildFilesPath/UninstalledProducts/iphoneos/SDWebImage.framework/Headers/SDWebImageTransition.h ➜ ../../../../var/folders/q1/2sbmtgjx5bn59y9rn8g4q8q40000gn/T/eas-build-local-nodejs/f8856988-254a-4d92-a109-a73ab29a9e40/build/ios/Pods/SDWebImage/SDWebImage/Core/SDWebImageTransition.h
[RUN_FASTLANE] › Copying   expo-image ios/build/Build/Intermediates.noindex/ArchiveIntermediates/FanScores/IntermediateBuildFilesPath/UninstalledProducts/iphoneos/SDWebImage.framework/Headers/SDWebImagePrefetcher.h ➜ ../../../../var/folders/q1/2sbmtgjx5bn59y9rn8g4q8q40000gn/T/eas-build-local-nodejs/f8856988-254a-4d92-a109-a73ab29a9e40/build/ios/Pods/SDWebImage/SDWebImage/Core/SDWebImagePrefetcher.h
[RUN_FASTLANE] › Copying   expo-image ios/build/Build/Intermediates.noindex/ArchiveIntermediates/FanScores/IntermediateBuildFilesPath/UninstalledProducts/iphoneos/SDWebImage.framework/Headers/SDWebImageOptionsProcessor.h ➜ ../../../../var/folders/q1/2sbmtgjx5bn59y9rn8g4q8q40000gn/T/eas-build-local-nodejs/f8856988-254a-4d92-a109-a73ab29a9e40/build/ios/Pods/SDWebImage/SDWebImage/Core/SDWebImageOptionsProcessor.h
[RUN_FASTLANE] › Copying   expo-image ios/build/Build/Intermediates.noindex/ArchiveIntermediates/FanScores/IntermediateBuildFilesPath/UninstalledProducts/iphoneos/SDWebImage.framework/Headers/SDWebImageOperation.h ➜ ../../../../var/folders/q1/2sbmtgjx5bn59y9rn8g4q8q40000gn/T/eas-build-local-nodejs/f8856988-254a-4d92-a109-a73ab29a9e40/build/ios/Pods/SDWebImage/SDWebImage/Core/SDWebImageOperation.h
[RUN_FASTLANE] › Copying   expo-image ios/build/Build/Intermediates.noindex/ArchiveIntermediates/FanScores/IntermediateBuildFilesPath/UninstalledProducts/iphoneos/SDWebImage.framework/Headers/SDWebImageIndicator.h ➜ ../../../../var/folders/q1/2sbmtgjx5bn59y9rn8g4q8q40000gn/T/eas-build-local-nodejs/f8856988-254a-4d92-a109-a73ab29a9e40/build/ios/Pods/SDWebImage/SDWebImage/Core/SDWebImageIndicator.h
[RUN_FASTLANE] › Copying   expo-image ios/build/Build/Intermediates.noindex/ArchiveIntermediates/FanScores/IntermediateBuildFilesPath/UninstalledProducts/iphoneos/SDWebImage.framework/Headers/SDWebImageManager.h ➜ ../../../../var/folders/q1/2sbmtgjx5bn59y9rn8g4q8q40000gn/T/eas-build-local-nodejs/f8856988-254a-4d92-a109-a73ab29a9e40/build/ios/Pods/SDWebImage/SDWebImage/Core/SDWebImageManager.h
[RUN_FASTLANE] › Copying   expo-image ios/build/Build/Intermediates.noindex/ArchiveIntermediates/FanScores/IntermediateBuildFilesPath/UninstalledProducts/iphoneos/SDWebImage.framework/Headers/SDWebImageError.h ➜ ../../../../var/folders/q1/2sbmtgjx5bn59y9rn8g4q8q40000gn/T/eas-build-local-nodejs/f8856988-254a-4d92-a109-a73ab29a9e40/build/ios/Pods/SDWebImage/SDWebImage/Core/SDWebImageError.h
[RUN_FASTLANE] › Copying   expo-image ios/build/Build/Intermediates.noindex/ArchiveIntermediates/FanScores/IntermediateBuildFilesPath/UninstalledProducts/iphoneos/SDWebImage.framework/Headers/SDWebImageDownloaderResponseModifier.h ➜ ../../../../var/folders/q1/2sbmtgjx5bn59y9rn8g4q8q40000gn/T/eas-build-local-nodejs/f8856988-254a-4d92-a109-a73ab29a9e40/build/ios/Pods/SDWebImage/SDWebImage/Core/SDWebImageDownloaderResponseModifier.h
[RUN_FASTLANE] › Copying   expo-image ios/build/Build/Intermediates.noindex/ArchiveIntermediates/FanScores/IntermediateBuildFilesPath/UninstalledProducts/iphoneos/SDWebImage.framework/Headers/SDWebImageDownloaderRequestModifier.h ➜ ../../../../var/folders/q1/2sbmtgjx5bn59y9rn8g4q8q40000gn/T/eas-build-local-nodejs/f8856988-254a-4d92-a109-a73ab29a9e40/build/ios/Pods/SDWebImage/SDWebImage/Core/SDWebImageDownloaderRequestModifier.h
[RUN_FASTLANE] › Copying   expo-image ios/build/Build/Intermediates.noindex/ArchiveIntermediates/FanScores/IntermediateBuildFilesPath/UninstalledProducts/iphoneos/SDWebImage.framework/Headers/SDWebImageDownloaderOperation.h ➜ ../../../../var/folders/q1/2sbmtgjx5bn59y9rn8g4q8q40000gn/T/eas-build-local-nodejs/f8856988-254a-4d92-a109-a73ab29a9e40/build/ios/Pods/SDWebImage/SDWebImage/Core/SDWebImageDownloaderOperation.h
[RUN_FASTLANE] › Copying   expo-image ios/build/Build/Intermediates.noindex/ArchiveIntermediates/FanScores/IntermediateBuildFilesPath/UninstalledProducts/iphoneos/SDWebImage.framework/Headers/SDWebImageDownloaderDecryptor.h ➜ ../../../../var/folders/q1/2sbmtgjx5bn59y9rn8g4q8q40000gn/T/eas-build-local-nodejs/f8856988-254a-4d92-a109-a73ab29a9e40/build/ios/Pods/SDWebImage/SDWebImage/Core/SDWebImageDownloaderDecryptor.h
[RUN_FASTLANE] › Copying   expo-image ios/build/Build/Intermediates.noindex/ArchiveIntermediates/FanScores/IntermediateBuildFilesPath/UninstalledProducts/iphoneos/SDWebImage.framework/Headers/SDWebImageDownloaderConfig.h ➜ ../../../../var/folders/q1/2sbmtgjx5bn59y9rn8g4q8q40000gn/T/eas-build-local-nodejs/f8856988-254a-4d92-a109-a73ab29a9e40/build/ios/Pods/SDWebImage/SDWebImage/Core/SDWebImageDownloaderConfig.h
[RUN_FASTLANE] › Copying   expo-image ios/build/Build/Intermediates.noindex/ArchiveIntermediates/FanScores/IntermediateBuildFilesPath/UninstalledProducts/iphoneos/SDWebImage.framework/Headers/SDWebImageDownloader.h ➜ ../../../../var/folders/q1/2sbmtgjx5bn59y9rn8g4q8q40000gn/T/eas-build-local-nodejs/f8856988-254a-4d92-a109-a73ab29a9e40/build/ios/Pods/SDWebImage/SDWebImage/Core/SDWebImageDownloader.h
[RUN_FASTLANE] › Copying   expo-image ios/build/Build/Intermediates.noindex/ArchiveIntermediates/FanScores/IntermediateBuildFilesPath/UninstalledProducts/iphoneos/SDWebImage.framework/Headers/SDWebImageCompat.h ➜ ../../../../var/folders/q1/2sbmtgjx5bn59y9rn8g4q8q40000gn/T/eas-build-local-nodejs/f8856988-254a-4d92-a109-a73ab29a9e40/build/ios/Pods/SDWebImage/SDWebImage/Core/SDWebImageCompat.h
[RUN_FASTLANE] › Copying   expo-image ios/build/Build/Intermediates.noindex/ArchiveIntermediates/FanScores/IntermediateBuildFilesPath/UninstalledProducts/iphoneos/SDWebImage.framework/Headers/SDWebImageCacheSerializer.h ➜ ../../../../var/folders/q1/2sbmtgjx5bn59y9rn8g4q8q40000gn/T/eas-build-local-nodejs/f8856988-254a-4d92-a109-a73ab29a9e40/build/ios/Pods/SDWebImage/SDWebImage/Core/SDWebImageCacheSerializer.h
[RUN_FASTLANE] › Copying   expo-image ios/build/Build/Intermediates.noindex/ArchiveIntermediates/FanScores/IntermediateBuildFilesPath/UninstalledProducts/iphoneos/SDWebImage.framework/Headers/SDWebImageCacheKeyFilter.h ➜ ../../../../var/folders/q1/2sbmtgjx5bn59y9rn8g4q8q40000gn/T/eas-build-local-nodejs/f8856988-254a-4d92-a109-a73ab29a9e40/build/ios/Pods/SDWebImage/SDWebImage/Core/SDWebImageCacheKeyFilter.h
[RUN_FASTLANE] › Copying   expo-image ios/build/Build/Intermediates.noindex/ArchiveIntermediates/FanScores/IntermediateBuildFilesPath/UninstalledProducts/iphoneos/SDWebImage.framework/Headers/SDWebImage.h ➜ ../../../../var/folders/q1/2sbmtgjx5bn59y9rn8g4q8q40000gn/T/eas-build-local-nodejs/f8856988-254a-4d92-a109-a73ab29a9e40/build/ios/Pods/SDWebImage/WebImage/SDWebImage.h
[RUN_FASTLANE] › Copying   expo-image ios/build/Build/Intermediates.noindex/ArchiveIntermediates/FanScores/IntermediateBuildFilesPath/UninstalledProducts/iphoneos/SDWebImage.framework/Headers/SDWebImage-umbrella.h ➜ ../../../../var/folders/q1/2sbmtgjx5bn59y9rn8g4q8q40000gn/T/eas-build-local-nodejs/f8856988-254a-4d92-a109-a73ab29a9e40/build/ios/Pods/Target/ Support/ Files/SDWebImage/SDWebImage-umbrella.h
[RUN_FASTLANE] › Copying   expo-image ios/build/Build/Intermediates.noindex/ArchiveIntermediates/FanScores/IntermediateBuildFilesPath/UninstalledProducts/iphoneos/SDWebImage.framework/Headers/SDMemoryCache.h ➜ ../../../../var/folders/q1/2sbmtgjx5bn59y9rn8g4q8q40000gn/T/eas-build-local-nodejs/f8856988-254a-4d92-a109-a73ab29a9e40/build/ios/Pods/SDWebImage/SDWebImage/Core/SDMemoryCache.h
[RUN_FASTLANE] › Copying   expo-image ios/build/Build/Intermediates.noindex/ArchiveIntermediates/FanScores/IntermediateBuildFilesPath/UninstalledProducts/iphoneos/SDWebImage.framework/Headers/SDImageLoadersManager.h ➜ ../../../../var/folders/q1/2sbmtgjx5bn59y9rn8g4q8q40000gn/T/eas-build-local-nodejs/f8856988-254a-4d92-a109-a73ab29a9e40/build/ios/Pods/SDWebImage/SDWebImage/Core/SDImageLoadersManager.h
[RUN_FASTLANE] › Copying   expo-image ios/build/Build/Intermediates.noindex/ArchiveIntermediates/FanScores/IntermediateBuildFilesPath/UninstalledProducts/iphoneos/SDWebImage.framework/Headers/SDImageLoader.h ➜ ../../../../var/folders/q1/2sbmtgjx5bn59y9rn8g4q8q40000gn/T/eas-build-local-nodejs/f8856988-254a-4d92-a109-a73ab29a9e40/build/ios/Pods/SDWebImage/SDWebImage/Core/SDImageLoader.h
[RUN_FASTLANE] › Copying   expo-image ios/build/Build/Intermediates.noindex/ArchiveIntermediates/FanScores/IntermediateBuildFilesPath/UninstalledProducts/iphoneos/SDWebImage.framework/Headers/SDImageIOCoder.h ➜ ../../../../var/folders/q1/2sbmtgjx5bn59y9rn8g4q8q40000gn/T/eas-build-local-nodejs/f8856988-254a-4d92-a109-a73ab29a9e40/build/ios/Pods/SDWebImage/SDWebImage/Core/SDImageIOCoder.h
[RUN_FASTLANE] › Copying   expo-image ios/build/Build/Intermediates.noindex/ArchiveIntermediates/FanScores/IntermediateBuildFilesPath/UninstalledProducts/iphoneos/SDWebImage.framework/Headers/SDImageIOAnimatedCoder.h ➜ ../../../../var/folders/q1/2sbmtgjx5bn59y9rn8g4q8q40000gn/T/eas-build-local-nodejs/f8856988-254a-4d92-a109-a73ab29a9e40/build/ios/Pods/SDWebImage/SDWebImage/Core/SDImageIOAnimatedCoder.h
[RUN_FASTLANE] › Copying   expo-image ios/build/Build/Intermediates.noindex/ArchiveIntermediates/FanScores/IntermediateBuildFilesPath/UninstalledProducts/iphoneos/SDWebImage.framework/Headers/SDImageHEICCoder.h ➜ ../../../../var/folders/q1/2sbmtgjx5bn59y9rn8g4q8q40000gn/T/eas-build-local-nodejs/f8856988-254a-4d92-a109-a73ab29a9e40/build/ios/Pods/SDWebImage/SDWebImage/Core/SDImageHEICCoder.h
[RUN_FASTLANE] › Copying   expo-image ios/build/Build/Intermediates.noindex/ArchiveIntermediates/FanScores/IntermediateBuildFilesPath/UninstalledProducts/iphoneos/SDWebImage.framework/Headers/SDImageGraphics.h ➜ ../../../../var/folders/q1/2sbmtgjx5bn59y9rn8g4q8q40000gn/T/eas-build-local-nodejs/f8856988-254a-4d92-a109-a73ab29a9e40/build/ios/Pods/SDWebImage/SDWebImage/Core/SDImageGraphics.h
[RUN_FASTLANE] › Copying   expo-image ios/build/Build/Intermediates.noindex/ArchiveIntermediates/FanScores/IntermediateBuildFilesPath/UninstalledProducts/iphoneos/SDWebImage.framework/Headers/SDImageGIFCoder.h ➜ ../../../../var/folders/q1/2sbmtgjx5bn59y9rn8g4q8q40000gn/T/eas-build-local-nodejs/f8856988-254a-4d92-a109-a73ab29a9e40/build/ios/Pods/SDWebImage/SDWebImage/Core/SDImageGIFCoder.h
[RUN_FASTLANE] › Copying   expo-image ios/build/Build/Intermediates.noindex/ArchiveIntermediates/FanScores/IntermediateBuildFilesPath/UninstalledProducts/iphoneos/SDWebImage.framework/Headers/SDImageFrame.h ➜ ../../../../var/folders/q1/2sbmtgjx5bn59y9rn8g4q8q40000gn/T/eas-build-local-nodejs/f8856988-254a-4d92-a109-a73ab29a9e40/build/ios/Pods/SDWebImage/SDWebImage/Core/SDImageFrame.h
[RUN_FASTLANE] › Copying   expo-image ios/build/Build/Intermediates.noindex/ArchiveIntermediates/FanScores/IntermediateBuildFilesPath/UninstalledProducts/iphoneos/SDWebImage.framework/Headers/SDImageCodersManager.h ➜ ../../../../var/folders/q1/2sbmtgjx5bn59y9rn8g4q8q40000gn/T/eas-build-local-nodejs/f8856988-254a-4d92-a109-a73ab29a9e40/build/ios/Pods/SDWebImage/SDWebImage/Core/SDImageCodersManager.h
[RUN_FASTLANE] › Copying   expo-image ios/build/Build/Intermediates.noindex/ArchiveIntermediates/FanScores/IntermediateBuildFilesPath/UninstalledProducts/iphoneos/SDWebImage.framework/Headers/SDImageCoderHelper.h ➜ ../../../../var/folders/q1/2sbmtgjx5bn59y9rn8g4q8q40000gn/T/eas-build-local-nodejs/f8856988-254a-4d92-a109-a73ab29a9e40/build/ios/Pods/SDWebImage/SDWebImage/Core/SDImageCoderHelper.h
[RUN_FASTLANE] › Copying   expo-image ios/build/Build/Intermediates.noindex/ArchiveIntermediates/FanScores/IntermediateBuildFilesPath/UninstalledProducts/iphoneos/SDWebImage.framework/Headers/SDImageCoder.h ➜ ../../../../var/folders/q1/2sbmtgjx5bn59y9rn8g4q8q40000gn/T/eas-build-local-nodejs/f8856988-254a-4d92-a109-a73ab29a9e40/build/ios/Pods/SDWebImage/SDWebImage/Core/SDImageCoder.h
[RUN_FASTLANE] › Copying   expo-image ios/build/Build/Intermediates.noindex/ArchiveIntermediates/FanScores/IntermediateBuildFilesPath/UninstalledProducts/iphoneos/SDWebImage.framework/Headers/SDImageCachesManager.h ➜ ../../../../var/folders/q1/2sbmtgjx5bn59y9rn8g4q8q40000gn/T/eas-build-local-nodejs/f8856988-254a-4d92-a109-a73ab29a9e40/build/ios/Pods/SDWebImage/SDWebImage/Core/SDImageCachesManager.h
[RUN_FASTLANE] › Copying   expo-image ios/build/Build/Intermediates.noindex/ArchiveIntermediates/FanScores/IntermediateBuildFilesPath/UninstalledProducts/iphoneos/SDWebImage.framework/Headers/SDImageCacheDefine.h ➜ ../../../../var/folders/q1/2sbmtgjx5bn59y9rn8g4q8q40000gn/T/eas-build-local-nodejs/f8856988-254a-4d92-a109-a73ab29a9e40/build/ios/Pods/SDWebImage/SDWebImage/Core/SDImageCacheDefine.h
[RUN_FASTLANE] › Copying   expo-image ios/build/Build/Intermediates.noindex/ArchiveIntermediates/FanScores/IntermediateBuildFilesPath/UninstalledProducts/iphoneos/SDWebImage.framework/Headers/SDImageCacheConfig.h ➜ ../../../../var/folders/q1/2sbmtgjx5bn59y9rn8g4q8q40000gn/T/eas-build-local-nodejs/f8856988-254a-4d92-a109-a73ab29a9e40/build/ios/Pods/SDWebImage/SDWebImage/Core/SDImageCacheConfig.h
[RUN_FASTLANE] › Copying   expo-image ios/build/Build/Intermediates.noindex/ArchiveIntermediates/FanScores/IntermediateBuildFilesPath/UninstalledProducts/iphoneos/SDWebImage.framework/Headers/SDImageCache.h ➜ ../../../../var/folders/q1/2sbmtgjx5bn59y9rn8g4q8q40000gn/T/eas-build-local-nodejs/f8856988-254a-4d92-a109-a73ab29a9e40/build/ios/Pods/SDWebImage/SDWebImage/Core/SDImageCache.h
[RUN_FASTLANE] › Copying   expo-image ios/build/Build/Intermediates.noindex/ArchiveIntermediates/FanScores/IntermediateBuildFilesPath/UninstalledProducts/iphoneos/SDWebImage.framework/Headers/SDImageAWebPCoder.h ➜ ../../../../var/folders/q1/2sbmtgjx5bn59y9rn8g4q8q40000gn/T/eas-build-local-nodejs/f8856988-254a-4d92-a109-a73ab29a9e40/build/ios/Pods/SDWebImage/SDWebImage/Core/SDImageAWebPCoder.h
[RUN_FASTLANE] › Copying   expo-image ios/build/Build/Intermediates.noindex/ArchiveIntermediates/FanScores/IntermediateBuildFilesPath/UninstalledProducts/iphoneos/SDWebImage.framework/Headers/SDImageAPNGCoder.h ➜ ../../../../var/folders/q1/2sbmtgjx5bn59y9rn8g4q8q40000gn/T/eas-build-local-nodejs/f8856988-254a-4d92-a109-a73ab29a9e40/build/ios/Pods/SDWebImage/SDWebImage/Core/SDImageAPNGCoder.h
[RUN_FASTLANE] › Copying   expo-image ios/build/Build/Intermediates.noindex/ArchiveIntermediates/FanScores/IntermediateBuildFilesPath/UninstalledProducts/iphoneos/SDWebImage.framework/Headers/SDGraphicsImageRenderer.h ➜ ../../../../var/folders/q1/2sbmtgjx5bn59y9rn8g4q8q40000gn/T/eas-build-local-nodejs/f8856988-254a-4d92-a109-a73ab29a9e40/build/ios/Pods/SDWebImage/SDWebImage/Core/SDGraphicsImageRenderer.h
[RUN_FASTLANE] › Copying   expo-image ios/build/Build/Intermediates.noindex/ArchiveIntermediates/FanScores/IntermediateBuildFilesPath/UninstalledProducts/iphoneos/SDWebImage.framework/Headers/SDDiskCache.h ➜ ../../../../var/folders/q1/2sbmtgjx5bn59y9rn8g4q8q40000gn/T/eas-build-local-nodejs/f8856988-254a-4d92-a109-a73ab29a9e40/build/ios/Pods/SDWebImage/SDWebImage/Core/SDDiskCache.h
[RUN_FASTLANE] › Copying   expo-image ios/build/Build/Intermediates.noindex/ArchiveIntermediates/FanScores/IntermediateBuildFilesPath/UninstalledProducts/iphoneos/SDWebImage.framework/Headers/SDCallbackQueue.h ➜ ../../../../var/folders/q1/2sbmtgjx5bn59y9rn8g4q8q40000gn/T/eas-build-local-nodejs/f8856988-254a-4d92-a109-a73ab29a9e40/build/ios/Pods/SDWebImage/SDWebImage/Core/SDCallbackQueue.h
[RUN_FASTLANE] › Copying   expo-image ios/build/Build/Intermediates.noindex/ArchiveIntermediates/FanScores/IntermediateBuildFilesPath/UninstalledProducts/iphoneos/SDWebImage.framework/Headers/SDAnimatedImageView.h ➜ ../../../../var/folders/q1/2sbmtgjx5bn59y9rn8g4q8q40000gn/T/eas-build-local-nodejs/f8856988-254a-4d92-a109-a73ab29a9e40/build/ios/Pods/SDWebImage/SDWebImage/Core/SDAnimatedImageView.h
[RUN_FASTLANE] › Copying   expo-image ios/build/Build/Intermediates.noindex/ArchiveIntermediates/FanScores/IntermediateBuildFilesPath/UninstalledProducts/iphoneos/SDWebImage.framework/Headers/SDAnimatedImageView+WebCache.h ➜ ../../../../var/folders/q1/2sbmtgjx5bn59y9rn8g4q8q40000gn/T/eas-build-local-nodejs/f8856988-254a-4d92-a109-a73ab29a9e40/build/ios/Pods/SDWebImage/SDWebImage/Core/SDAnimatedImageView+WebCache.h
[RUN_FASTLANE] › Copying   expo-image ios/build/Build/Intermediates.noindex/ArchiveIntermediates/FanScores/IntermediateBuildFilesPath/UninstalledProducts/iphoneos/SDWebImage.framework/Headers/SDAnimatedImageRep.h ➜ ../../../../var/folders/q1/2sbmtgjx5bn59y9rn8g4q8q40000gn/T/eas-build-local-nodejs/f8856988-254a-4d92-a109-a73ab29a9e40/build/ios/Pods/SDWebImage/SDWebImage/Core/SDAnimatedImageRep.h
[RUN_FASTLANE] › Copying   expo-image ios/build/Build/Intermediates.noindex/ArchiveIntermediates/FanScores/IntermediateBuildFilesPath/UninstalledProducts/iphoneos/SDWebImage.framework/Headers/SDAnimatedImagePlayer.h ➜ ../../../../var/folders/q1/2sbmtgjx5bn59y9rn8g4q8q40000gn/T/eas-build-local-nodejs/f8856988-254a-4d92-a109-a73ab29a9e40/build/ios/Pods/SDWebImage/SDWebImage/Core/SDAnimatedImagePlayer.h
[RUN_FASTLANE] › Copying   expo-image ios/build/Build/Intermediates.noindex/ArchiveIntermediates/FanScores/IntermediateBuildFilesPath/UninstalledProducts/iphoneos/SDWebImage.framework/Headers/SDAnimatedImage.h ➜ ../../../../var/folders/q1/2sbmtgjx5bn59y9rn8g4q8q40000gn/T/eas-build-local-nodejs/f8856988-254a-4d92-a109-a73ab29a9e40/build/ios/Pods/SDWebImage/SDWebImage/Core/SDAnimatedImage.h
[RUN_FASTLANE] › Copying   expo-image ios/build/Build/Intermediates.noindex/ArchiveIntermediates/FanScores/IntermediateBuildFilesPath/UninstalledProducts/iphoneos/SDWebImage.framework/Headers/NSImage+Compatibility.h ➜ ../../../../var/folders/q1/2sbmtgjx5bn59y9rn8g4q8q40000gn/T/eas-build-local-nodejs/f8856988-254a-4d92-a109-a73ab29a9e40/build/ios/Pods/SDWebImage/SDWebImage/Core/NSImage+Compatibility.h
[RUN_FASTLANE] › Copying   expo-image ios/build/Build/Intermediates.noindex/ArchiveIntermediates/FanScores/IntermediateBuildFilesPath/UninstalledProducts/iphoneos/SDWebImage.framework/Headers/NSData+ImageContentType.h ➜ ../../../../var/folders/q1/2sbmtgjx5bn59y9rn8g4q8q40000gn/T/eas-build-local-nodejs/f8856988-254a-4d92-a109-a73ab29a9e40/build/ios/Pods/SDWebImage/SDWebImage/Core/NSData+ImageContentType.h
[RUN_FASTLANE] › Copying   expo-image ios/build/Build/Intermediates.noindex/ArchiveIntermediates/FanScores/IntermediateBuildFilesPath/UninstalledProducts/iphoneos/SDWebImage.framework/Headers/NSButton+WebCache.h ➜ ../../../../var/folders/q1/2sbmtgjx5bn59y9rn8g4q8q40000gn/T/eas-build-local-nodejs/f8856988-254a-4d92-a109-a73ab29a9e40/build/ios/Pods/SDWebImage/SDWebImage/Core/NSButton+WebCache.h
[RUN_FASTLANE] › Copying   @react-native-firebase/auth ios/build/Build/Intermediates.noindex/ArchiveIntermediates/FanScores/IntermediateBuildFilesPath/UninstalledProducts/iphoneos/RecaptchaInterop.framework/Headers/RecaptchaInterop.h ➜ ../../../../var/folders/q1/2sbmtgjx5bn59y9rn8g4q8q40000gn/T/eas-build-local-nodejs/f8856988-254a-4d92-a109-a73ab29a9e40/build/ios/Pods/RecaptchaInterop/RecaptchaEnterprise/RecaptchaInterop/Public/RecaptchaInterop/RecaptchaInterop.h
[RUN_FASTLANE] › Copying   @react-native-firebase/auth ios/build/Build/Intermediates.noindex/ArchiveIntermediates/FanScores/IntermediateBuildFilesPath/UninstalledProducts/iphoneos/RecaptchaInterop.framework/Headers/RecaptchaInterop-umbrella.h ➜ ../../../../var/folders/q1/2sbmtgjx5bn59y9rn8g4q8q40000gn/T/eas-build-local-nodejs/f8856988-254a-4d92-a109-a73ab29a9e40/build/ios/Pods/Target/ Support/ Files/RecaptchaInterop/RecaptchaInterop-umbrella.h
[RUN_FASTLANE] › Copying   @react-native-firebase/auth ios/build/Build/Intermediates.noindex/ArchiveIntermediates/FanScores/IntermediateBuildFilesPath/UninstalledProducts/iphoneos/RecaptchaInterop.framework/Headers/RCARecaptchaProtocol.h ➜ ../../../../var/folders/q1/2sbmtgjx5bn59y9rn8g4q8q40000gn/T/eas-build-local-nodejs/f8856988-254a-4d92-a109-a73ab29a9e40/build/ios/Pods/RecaptchaInterop/RecaptchaEnterprise/RecaptchaInterop/Public/RecaptchaInterop/RCARecaptchaProtocol.h
[RUN_FASTLANE] › Copying   @react-native-firebase/auth ios/build/Build/Intermediates.noindex/ArchiveIntermediates/FanScores/IntermediateBuildFilesPath/UninstalledProducts/iphoneos/RecaptchaInterop.framework/Headers/RCARecaptchaClientProtocol.h ➜ ../../../../var/folders/q1/2sbmtgjx5bn59y9rn8g4q8q40000gn/T/eas-build-local-nodejs/f8856988-254a-4d92-a109-a73ab29a9e40/build/ios/Pods/RecaptchaInterop/RecaptchaEnterprise/RecaptchaInterop/Public/RecaptchaInterop/RCARecaptchaClientProtocol.h
[RUN_FASTLANE] › Copying   @react-native-firebase/auth ios/build/Build/Intermediates.noindex/ArchiveIntermediates/FanScores/IntermediateBuildFilesPath/UninstalledProducts/iphoneos/RecaptchaInterop.framework/Headers/RCAActionProtocol.h ➜ ../../../../var/folders/q1/2sbmtgjx5bn59y9rn8g4q8q40000gn/T/eas-build-local-nodejs/f8856988-254a-4d92-a109-a73ab29a9e40/build/ios/Pods/RecaptchaInterop/RecaptchaEnterprise/RecaptchaInterop/Public/RecaptchaInterop/RCAActionProtocol.h
[RUN_FASTLANE] › Copying   ios/build/Build/Intermediates.noindex/ArchiveIntermediates/FanScores/IntermediateBuildFilesPath/UninstalledProducts/iphoneos/GoogleUtilities.framework/Headers/GoogleUtilities-umbrella.h ➜ ../../../../var/folders/q1/2sbmtgjx5bn59y9rn8g4q8q40000gn/T/eas-build-local-nodejs/f8856988-254a-4d92-a109-a73ab29a9e40/build/ios/Pods/Target/ Support/ Files/GoogleUtilities/GoogleUtilities-umbrella.h
[RUN_FASTLANE] › Copying   ios/build/Build/Intermediates.noindex/ArchiveIntermediates/FanScores/IntermediateBuildFilesPath/UninstalledProducts/iphoneos/GoogleUtilities.framework/Headers/GULSceneDelegateSwizzler.h ➜ ../../../../var/folders/q1/2sbmtgjx5bn59y9rn8g4q8q40000gn/T/eas-build-local-nodejs/f8856988-254a-4d92-a109-a73ab29a9e40/build/ios/Pods/GoogleUtilities/GoogleUtilities/AppDelegateSwizzler/Public/GoogleUtilities/GULSceneDelegateSwizzler.h
[RUN_FASTLANE] › Copying   ios/build/Build/Intermediates.noindex/ArchiveIntermediates/FanScores/IntermediateBuildFilesPath/UninstalledProducts/iphoneos/GoogleUtilities.framework/Headers/GULReachabilityChecker.h ➜ ../../../../var/folders/q1/2sbmtgjx5bn59y9rn8g4q8q40000gn/T/eas-build-local-nodejs/f8856988-254a-4d92-a109-a73ab29a9e40/build/ios/Pods/GoogleUtilities/GoogleUtilities/Reachability/Public/GoogleUtilities/GULReachabilityChecker.h
[RUN_FASTLANE] › Copying   ios/build/Build/Intermediates.noindex/ArchiveIntermediates/FanScores/IntermediateBuildFilesPath/UninstalledProducts/iphoneos/GoogleUtilities.framework/Headers/GULNetworkURLSession.h ➜ ../../../../var/folders/q1/2sbmtgjx5bn59y9rn8g4q8q40000gn/T/eas-build-local-nodejs/f8856988-254a-4d92-a109-a73ab29a9e40/build/ios/Pods/GoogleUtilities/GoogleUtilities/Network/Public/GoogleUtilities/GULNetworkURLSession.h
[RUN_FASTLANE] › Copying   ios/build/Build/Intermediates.noindex/ArchiveIntermediates/FanScores/IntermediateBuildFilesPath/UninstalledProducts/iphoneos/GoogleUtilities.framework/Headers/GULNetworkLoggerProtocol.h ➜ ../../../../var/folders/q1/2sbmtgjx5bn59y9rn8g4q8q40000gn/T/eas-build-local-nodejs/f8856988-254a-4d92-a109-a73ab29a9e40/build/ios/Pods/GoogleUtilities/GoogleUtilities/Network/Public/GoogleUtilities/GULNetworkLoggerProtocol.h
[RUN_FASTLANE] › Copying   ios/build/Build/Intermediates.noindex/ArchiveIntermediates/FanScores/IntermediateBuildFilesPath/UninstalledProducts/iphoneos/GoogleUtilities.framework/Headers/GULNetworkInfo.h ➜ ../../../../var/folders/q1/2sbmtgjx5bn59y9rn8g4q8q40000gn/T/eas-build-local-nodejs/f8856988-254a-4d92-a109-a73ab29a9e40/build/ios/Pods/GoogleUtilities/GoogleUtilities/Environment/Public/GoogleUtilities/GULNetworkInfo.h
[RUN_FASTLANE] › Copying   ios/build/Build/Intermediates.noindex/ArchiveIntermediates/FanScores/IntermediateBuildFilesPath/UninstalledProducts/iphoneos/GoogleUtilities.framework/Headers/GULNetworkConstants.h ➜ ../../../../var/folders/q1/2sbmtgjx5bn59y9rn8g4q8q40000gn/T/eas-build-local-nodejs/f8856988-254a-4d92-a109-a73ab29a9e40/build/ios/Pods/GoogleUtilities/GoogleUtilities/Network/Public/GoogleUtilities/GULNetworkConstants.h
[RUN_FASTLANE] › Copying   ios/build/Build/Intermediates.noindex/ArchiveIntermediates/FanScores/IntermediateBuildFilesPath/UninstalledProducts/iphoneos/GoogleUtilities.framework/Headers/GULNetwork.h ➜ ../../../../var/folders/q1/2sbmtgjx5bn59y9rn8g4q8q40000gn/T/eas-build-local-nodejs/f8856988-254a-4d92-a109-a73ab29a9e40/build/ios/Pods/GoogleUtilities/GoogleUtilities/Network/Public/GoogleUtilities/GULNetwork.h
[RUN_FASTLANE] › Copying   ios/build/Build/Intermediates.noindex/ArchiveIntermediates/FanScores/IntermediateBuildFilesPath/UninstalledProducts/iphoneos/GoogleUtilities.framework/Headers/GULMutableDictionary.h ➜ ../../../../var/folders/q1/2sbmtgjx5bn59y9rn8g4q8q40000gn/T/eas-build-local-nodejs/f8856988-254a-4d92-a109-a73ab29a9e40/build/ios/Pods/GoogleUtilities/GoogleUtilities/Network/Public/GoogleUtilities/GULMutableDictionary.h
[RUN_FASTLANE] › Copying   ios/build/Build/Intermediates.noindex/ArchiveIntermediates/FanScores/IntermediateBuildFilesPath/UninstalledProducts/iphoneos/GoogleUtilities.framework/Headers/GULNSData+zlib.h ➜ ../../../../var/folders/q1/2sbmtgjx5bn59y9rn8g4q8q40000gn/T/eas-build-local-nodejs/f8856988-254a-4d92-a109-a73ab29a9e40/build/ios/Pods/GoogleUtilities/GoogleUtilities/NSData+zlib/Public/GoogleUtilities/GULNSData+zlib.h
[RUN_FASTLANE] › Copying   ios/build/Build/Intermediates.noindex/ArchiveIntermediates/FanScores/IntermediateBuildFilesPath/UninstalledProducts/iphoneos/GoogleUtilities.framework/Headers/GULLoggerLevel.h ➜ ../../../../var/folders/q1/2sbmtgjx5bn59y9rn8g4q8q40000gn/T/eas-build-local-nodejs/f8856988-254a-4d92-a109-a73ab29a9e40/build/ios/Pods/GoogleUtilities/GoogleUtilities/Logger/Public/GoogleUtilities/GULLoggerLevel.h
[RUN_FASTLANE] › Copying   ios/build/Build/Intermediates.noindex/ArchiveIntermediates/FanScores/IntermediateBuildFilesPath/UninstalledProducts/iphoneos/GoogleUtilities.framework/Headers/GULLogger.h ➜ ../../../../var/folders/q1/2sbmtgjx5bn59y9rn8g4q8q40000gn/T/eas-build-local-nodejs/f8856988-254a-4d92-a109-a73ab29a9e40/build/ios/Pods/GoogleUtilities/GoogleUtilities/Logger/Public/GoogleUtilities/GULLogger.h
[RUN_FASTLANE] › Copying   ios/build/Build/Intermediates.noindex/ArchiveIntermediates/FanScores/IntermediateBuildFilesPath/UninstalledProducts/iphoneos/GoogleUtilities.framework/Headers/GULKeychainUtils.h ➜ ../../../../var/folders/q1/2sbmtgjx5bn59y9rn8g4q8q40000gn/T/eas-build-local-nodejs/f8856988-254a-4d92-a109-a73ab29a9e40/build/ios/Pods/GoogleUtilities/GoogleUtilities/Environment/Public/GoogleUtilities/GULKeychainUtils.h
[RUN_FASTLANE] › Copying   ios/build/Build/Intermediates.noindex/ArchiveIntermediates/FanScores/IntermediateBuildFilesPath/UninstalledProducts/iphoneos/GoogleUtilities.framework/Headers/GULKeychainStorage.h ➜ ../../../../var/folders/q1/2sbmtgjx5bn59y9rn8g4q8q40000gn/T/eas-build-local-nodejs/f8856988-254a-4d92-a109-a73ab29a9e40/build/ios/Pods/GoogleUtilities/GoogleUtilities/Environment/Public/GoogleUtilities/GULKeychainStorage.h
[RUN_FASTLANE] › Copying   ios/build/Build/Intermediates.noindex/ArchiveIntermediates/FanScores/IntermediateBuildFilesPath/UninstalledProducts/iphoneos/GoogleUtilities.framework/Headers/GULApplication.h ➜ ../../../../var/folders/q1/2sbmtgjx5bn59y9rn8g4q8q40000gn/T/eas-build-local-nodejs/f8856988-254a-4d92-a109-a73ab29a9e40/build/ios/Pods/GoogleUtilities/GoogleUtilities/AppDelegateSwizzler/Public/GoogleUtilities/GULApplication.h
[RUN_FASTLANE] › Copying   ios/build/Build/Intermediates.noindex/ArchiveIntermediates/FanScores/IntermediateBuildFilesPath/UninstalledProducts/iphoneos/GoogleUtilities.framework/Headers/GULAppEnvironmentUtil.h ➜ ../../../../var/folders/q1/2sbmtgjx5bn59y9rn8g4q8q40000gn/T/eas-build-local-nodejs/f8856988-254a-4d92-a109-a73ab29a9e40/build/ios/Pods/GoogleUtilities/GoogleUtilities/Environment/Public/GoogleUtilities/GULAppEnvironmentUtil.h
[RUN_FASTLANE] › Copying   ios/build/Build/Intermediates.noindex/ArchiveIntermediates/FanScores/IntermediateBuildFilesPath/UninstalledProducts/iphoneos/GTMSessionFetcher.framework/Headers/GTMSessionUploadFetcher.h ➜ ../../../../var/folders/q1/2sbmtgjx5bn59y9rn8g4q8q40000gn/T/eas-build-local-nodejs/f8856988-254a-4d92-a109-a73ab29a9e40/build/ios/Pods/GTMSessionFetcher/Sources/Core/Public/GTMSessionFetcher/GTMSessionUploadFetcher.h
[RUN_FASTLANE] › Copying   ios/build/Build/Intermediates.noindex/ArchiveIntermediates/FanScores/IntermediateBuildFilesPath/UninstalledProducts/iphoneos/GTMSessionFetcher.framework/Headers/GTMSessionFetcherService.h ➜ ../../../../var/folders/q1/2sbmtgjx5bn59y9rn8g4q8q40000gn/T/eas-build-local-nodejs/f8856988-254a-4d92-a109-a73ab29a9e40/build/ios/Pods/GTMSessionFetcher/Sources/Core/Public/GTMSessionFetcher/GTMSessionFetcherService.h
[RUN_FASTLANE] › Copying   ios/build/Build/Intermediates.noindex/ArchiveIntermediates/FanScores/IntermediateBuildFilesPath/UninstalledProducts/iphoneos/GTMSessionFetcher.framework/Headers/GTMSessionFetcher.h ➜ ../../../../var/folders/q1/2sbmtgjx5bn59y9rn8g4q8q40000gn/T/eas-build-local-nodejs/f8856988-254a-4d92-a109-a73ab29a9e40/build/ios/Pods/GTMSessionFetcher/Sources/Core/Public/GTMSessionFetcher/GTMSessionFetcher.h
[RUN_FASTLANE] › Copying   ios/build/Build/Intermediates.noindex/ArchiveIntermediates/FanScores/IntermediateBuildFilesPath/UninstalledProducts/iphoneos/GTMSessionFetcher.framework/Headers/GTMSessionFetcher-umbrella.h ➜ ../../../../var/folders/q1/2sbmtgjx5bn59y9rn8g4q8q40000gn/T/eas-build-local-nodejs/f8856988-254a-4d92-a109-a73ab29a9e40/build/ios/Pods/Target/ Support/ Files/GTMSessionFetcher/GTMSessionFetcher-umbrella.h
[RUN_FASTLANE] › Copying   @react-native-firebase/firestore ios/build/Build/Intermediates.noindex/ArchiveIntermediates/FanScores/IntermediateBuildFilesPath/UninstalledProducts/iphoneos/FirebaseSharedSwift.framework/Headers/FirebaseSharedSwift-umbrella.h ➜ ../../../../var/folders/q1/2sbmtgjx5bn59y9rn8g4q8q40000gn/T/eas-build-local-nodejs/f8856988-254a-4d92-a109-a73ab29a9e40/build/ios/Pods/Target/ Support/ Files/FirebaseSharedSwift/FirebaseSharedSwift-umbrella.h
[RUN_FASTLANE] › Copying   @react-native-firebase/firestore ios/build/Build/Intermediates.noindex/ArchiveIntermediates/FanScores/IntermediateBuildFilesPath/UninstalledProducts/iphoneos/FirebaseFirestoreInternal.framework/Headers/FirebaseFirestoreInternal-umbrella.h ➜ ../../../../var/folders/q1/2sbmtgjx5bn59y9rn8g4q8q40000gn/T/eas-build-local-nodejs/f8856988-254a-4d92-a109-a73ab29a9e40/build/ios/Pods/Target/ Support/ Files/FirebaseFirestoreInternal/FirebaseFirestoreInternal-umbrella.h
[RUN_FASTLANE] › Copying   @react-native-firebase/firestore ios/build/Build/Intermediates.noindex/ArchiveIntermediates/FanScores/IntermediateBuildFilesPath/UninstalledProducts/iphoneos/FirebaseFirestoreInternal.framework/Headers/FirebaseFirestore.h ➜ ../../../../var/folders/q1/2sbmtgjx5bn59y9rn8g4q8q40000gn/T/eas-build-local-nodejs/f8856988-254a-4d92-a109-a73ab29a9e40/build/ios/Pods/FirebaseFirestoreInternal/Firestore/Source/Public/FirebaseFirestore/FirebaseFirestore.h
[RUN_FASTLANE] › Copying   @react-native-firebase/firestore ios/build/Build/Intermediates.noindex/ArchiveIntermediates/FanScores/IntermediateBuildFilesPath/UninstalledProducts/iphoneos/FirebaseFirestoreInternal.framework/Headers/FIRWriteBatch.h ➜ ../../../../var/folders/q1/2sbmtgjx5bn59y9rn8g4q8q40000gn/T/eas-build-local-nodejs/f8856988-254a-4d92-a109-a73ab29a9e40/build/ios/Pods/FirebaseFirestoreInternal/Firestore/Source/Public/FirebaseFirestore/FIRWriteBatch.h
[RUN_FASTLANE] › Copying   @react-native-firebase/firestore ios/build/Build/Intermediates.noindex/ArchiveIntermediates/FanScores/IntermediateBuildFilesPath/UninstalledProducts/iphoneos/FirebaseFirestoreInternal.framework/Headers/FIRVectorValue.h ➜ ../../../../var/folders/q1/2sbmtgjx5bn59y9rn8g4q8q40000gn/T/eas-build-local-nodejs/f8856988-254a-4d92-a109-a73ab29a9e40/build/ios/Pods/FirebaseFirestoreInternal/Firestore/Source/Public/FirebaseFirestore/FIRVectorValue.h
[RUN_FASTLANE] › Copying   @react-native-firebase/firestore ios/build/Build/Intermediates.noindex/ArchiveIntermediates/FanScores/IntermediateBuildFilesPath/UninstalledProducts/iphoneos/FirebaseFirestoreInternal.framework/Headers/FIRTransactionOptions.h ➜ ../../../../var/folders/q1/2sbmtgjx5bn59y9rn8g4q8q40000gn/T/eas-build-local-nodejs/f8856988-254a-4d92-a109-a73ab29a9e40/build/ios/Pods/FirebaseFirestoreInternal/Firestore/Source/Public/FirebaseFirestore/FIRTransactionOptions.h
[RUN_FASTLANE] › Copying   @react-native-firebase/firestore ios/build/Build/Intermediates.noindex/ArchiveIntermediates/FanScores/IntermediateBuildFilesPath/UninstalledProducts/iphoneos/FirebaseFirestoreInternal.framework/Headers/FIRTransaction.h ➜ ../../../../var/folders/q1/2sbmtgjx5bn59y9rn8g4q8q40000gn/T/eas-build-local-nodejs/f8856988-254a-4d92-a109-a73ab29a9e40/build/ios/Pods/FirebaseFirestoreInternal/Firestore/Source/Public/FirebaseFirestore/FIRTransaction.h
[RUN_FASTLANE] › Copying   @react-native-firebase/firestore ios/build/Build/Intermediates.noindex/ArchiveIntermediates/FanScores/IntermediateBuildFilesPath/UninstalledProducts/iphoneos/FirebaseFirestoreInternal.framework/Headers/FIRSnapshotMetadata.h ➜ ../../../../var/folders/q1/2sbmtgjx5bn59y9rn8g4q8q40000gn/T/eas-build-local-nodejs/f8856988-254a-4d92-a109-a73ab29a9e40/build/ios/Pods/FirebaseFirestoreInternal/Firestore/Source/Public/FirebaseFirestore/FIRSnapshotMetadata.h
[RUN_FASTLANE] › Copying   @react-native-firebase/firestore ios/build/Build/Intermediates.noindex/ArchiveIntermediates/FanScores/IntermediateBuildFilesPath/UninstalledProducts/iphoneos/FirebaseFirestoreInternal.framework/Headers/FIRSnapshotListenOptions.h ➜ ../../../../var/folders/q1/2sbmtgjx5bn59y9rn8g4q8q40000gn/T/eas-build-local-nodejs/f8856988-254a-4d92-a109-a73ab29a9e40/build/ios/Pods/FirebaseFirestoreInternal/Firestore/Source/Public/FirebaseFirestore/FIRSnapshotListenOptions.h
[RUN_FASTLANE] › Copying   @react-native-firebase/firestore ios/build/Build/Intermediates.noindex/ArchiveIntermediates/FanScores/IntermediateBuildFilesPath/UninstalledProducts/iphoneos/FirebaseFirestoreInternal.framework/Headers/FIRQuerySnapshot.h ➜ ../../../../var/folders/q1/2sbmtgjx5bn59y9rn8g4q8q40000gn/T/eas-build-local-nodejs/f8856988-254a-4d92-a109-a73ab29a9e40/build/ios/Pods/FirebaseFirestoreInternal/Firestore/Source/Public/FirebaseFirestore/FIRQuerySnapshot.h
[RUN_FASTLANE] › Copying   @react-native-firebase/firestore ios/build/Build/Intermediates.noindex/ArchiveIntermediates/FanScores/IntermediateBuildFilesPath/UninstalledProducts/iphoneos/FirebaseFirestoreInternal.framework/Headers/FIRQuery.h ➜ ../../../../var/folders/q1/2sbmtgjx5bn59y9rn8g4q8q40000gn/T/eas-build-local-nodejs/f8856988-254a-4d92-a109-a73ab29a9e40/build/ios/Pods/FirebaseFirestoreInternal/Firestore/Source/Public/FirebaseFirestore/FIRQuery.h
[RUN_FASTLANE] › Copying   @react-native-firebase/firestore ios/build/Build/Intermediates.noindex/ArchiveIntermediates/FanScores/IntermediateBuildFilesPath/UninstalledProducts/iphoneos/FirebaseFirestoreInternal.framework/Headers/FIRPipelineBridge.h ➜ ../../../../var/folders/q1/2sbmtgjx5bn59y9rn8g4q8q40000gn/T/eas-build-local-nodejs/f8856988-254a-4d92-a109-a73ab29a9e40/build/ios/Pods/FirebaseFirestoreInternal/Firestore/Source/Public/FirebaseFirestore/FIRPipelineBridge.h
[RUN_FASTLANE] › Copying   @react-native-firebase/firestore ios/build/Build/Intermediates.noindex/ArchiveIntermediates/FanScores/IntermediateBuildFilesPath/UninstalledProducts/iphoneos/FirebaseFirestoreInternal.framework/Headers/FIRPersistentCacheIndexManager.h ➜ ../../../../var/folders/q1/2sbmtgjx5bn59y9rn8g4q8q40000gn/T/eas-build-local-nodejs/f8856988-254a-4d92-a109-a73ab29a9e40/build/ios/Pods/FirebaseFirestoreInternal/Firestore/Source/Public/FirebaseFirestore/FIRPersistentCacheIndexManager.h
[RUN_FASTLANE] › Copying   @react-native-firebase/firestore ios/build/Build/Intermediates.noindex/ArchiveIntermediates/FanScores/IntermediateBuildFilesPath/UninstalledProducts/iphoneos/FirebaseFirestoreInternal.framework/Headers/FIRLocalCacheSettings.h ➜ ../../../../var/folders/q1/2sbmtgjx5bn59y9rn8g4q8q40000gn/T/eas-build-local-nodejs/f8856988-254a-4d92-a109-a73ab29a9e40/build/ios/Pods/FirebaseFirestoreInternal/Firestore/Source/Public/FirebaseFirestore/FIRLocalCacheSettings.h
[RUN_FASTLANE] › Copying   @react-native-firebase/firestore ios/build/Build/Intermediates.noindex/ArchiveIntermediates/FanScores/IntermediateBuildFilesPath/UninstalledProducts/iphoneos/FirebaseFirestoreInternal.framework/Headers/FIRLoadBundleTask.h ➜ ../../../../var/folders/q1/2sbmtgjx5bn59y9rn8g4q8q40000gn/T/eas-build-local-nodejs/f8856988-254a-4d92-a109-a73ab29a9e40/build/ios/Pods/FirebaseFirestoreInternal/Firestore/Source/Public/FirebaseFirestore/FIRLoadBundleTask.h
[RUN_FASTLANE] › Copying   @react-native-firebase/firestore ios/build/Build/Intermediates.noindex/ArchiveIntermediates/FanScores/IntermediateBuildFilesPath/UninstalledProducts/iphoneos/FirebaseFirestoreInternal.framework/Headers/FIRListenerRegistration.h ➜ ../../../../var/folders/q1/2sbmtgjx5bn59y9rn8g4q8q40000gn/T/eas-build-local-nodejs/f8856988-254a-4d92-a109-a73ab29a9e40/build/ios/Pods/FirebaseFirestoreInternal/Firestore/Source/Public/FirebaseFirestore/FIRListenerRegistration.h
[RUN_FASTLANE] › Copying   @react-native-firebase/firestore ios/build/Build/Intermediates.noindex/ArchiveIntermediates/FanScores/IntermediateBuildFilesPath/UninstalledProducts/iphoneos/FirebaseFirestoreInternal.framework/Headers/FIRGeoPoint.h ➜ ../../../../var/folders/q1/2sbmtgjx5bn59y9rn8g4q8q40000gn/T/eas-build-local-nodejs/f8856988-254a-4d92-a109-a73ab29a9e40/build/ios/Pods/FirebaseFirestoreInternal/Firestore/Source/Public/FirebaseFirestore/FIRGeoPoint.h
[RUN_FASTLANE] › Copying   @react-native-firebase/firestore ios/build/Build/Intermediates.noindex/ArchiveIntermediates/FanScores/IntermediateBuildFilesPath/UninstalledProducts/iphoneos/FirebaseFirestoreInternal.framework/Headers/FIRFirestoreSource.h ➜ ../../../../var/folders/q1/2sbmtgjx5bn59y9rn8g4q8q40000gn/T/eas-build-local-nodejs/f8856988-254a-4d92-a109-a73ab29a9e40/build/ios/Pods/FirebaseFirestoreInternal/Firestore/Source/Public/FirebaseFirestore/FIRFirestoreSource.h
[RUN_FASTLANE] › Copying   @react-native-firebase/firestore ios/build/Build/Intermediates.noindex/ArchiveIntermediates/FanScores/IntermediateBuildFilesPath/UninstalledProducts/iphoneos/FirebaseFirestoreInternal.framework/Headers/FIRFirestoreSettings.h ➜ ../../../../var/folders/q1/2sbmtgjx5bn59y9rn8g4q8q40000gn/T/eas-build-local-nodejs/f8856988-254a-4d92-a109-a73ab29a9e40/build/ios/Pods/FirebaseFirestoreInternal/Firestore/Source/Public/FirebaseFirestore/FIRFirestoreSettings.h
[RUN_FASTLANE] › Copying   @react-native-firebase/firestore ios/build/Build/Intermediates.noindex/ArchiveIntermediates/FanScores/IntermediateBuildFilesPath/UninstalledProducts/iphoneos/FirebaseFirestoreInternal.framework/Headers/FIRFirestoreErrors.h ➜ ../../../../var/folders/q1/2sbmtgjx5bn59y9rn8g4q8q40000gn/T/eas-build-local-nodejs/f8856988-254a-4d92-a109-a73ab29a9e40/build/ios/Pods/FirebaseFirestoreInternal/Firestore/Source/Public/FirebaseFirestore/FIRFirestoreErrors.h
[RUN_FASTLANE] › Copying   @react-native-firebase/firestore ios/build/Build/Intermediates.noindex/ArchiveIntermediates/FanScores/IntermediateBuildFilesPath/UninstalledProducts/iphoneos/FirebaseFirestoreInternal.framework/Headers/FIRFirestore.h ➜ ../../../../var/folders/q1/2sbmtgjx5bn59y9rn8g4q8q40000gn/T/eas-build-local-nodejs/f8856988-254a-4d92-a109-a73ab29a9e40/build/ios/Pods/FirebaseFirestoreInternal/Firestore/Source/Public/FirebaseFirestore/FIRFirestore.h
[RUN_FASTLANE] › Copying   @react-native-firebase/firestore ios/build/Build/Intermediates.noindex/ArchiveIntermediates/FanScores/IntermediateBuildFilesPath/UninstalledProducts/iphoneos/FirebaseFirestoreInternal.framework/Headers/FIRFilter.h ➜ ../../../../var/folders/q1/2sbmtgjx5bn59y9rn8g4q8q40000gn/T/eas-build-local-nodejs/f8856988-254a-4d92-a109-a73ab29a9e40/build/ios/Pods/FirebaseFirestoreInternal/Firestore/Source/Public/FirebaseFirestore/FIRFilter.h
[RUN_FASTLANE] › Copying   @react-native-firebase/firestore ios/build/Build/Intermediates.noindex/ArchiveIntermediates/FanScores/IntermediateBuildFilesPath/UninstalledProducts/iphoneos/FirebaseFirestoreInternal.framework/Headers/FIRFieldValue.h ➜ ../../../../var/folders/q1/2sbmtgjx5bn59y9rn8g4q8q40000gn/T/eas-build-local-nodejs/f8856988-254a-4d92-a109-a73ab29a9e40/build/ios/Pods/FirebaseFirestoreInternal/Firestore/Source/Public/FirebaseFirestore/FIRFieldValue.h
[RUN_FASTLANE] › Copying   @react-native-firebase/firestore ios/build/Build/Intermediates.noindex/ArchiveIntermediates/FanScores/IntermediateBuildFilesPath/UninstalledProducts/iphoneos/FirebaseFirestoreInternal.framework/Headers/FIRDocumentSnapshot.h ➜ ../../../../var/folders/q1/2sbmtgjx5bn59y9rn8g4q8q40000gn/T/eas-build-local-nodejs/f8856988-254a-4d92-a109-a73ab29a9e40/build/ios/Pods/FirebaseFirestoreInternal/Firestore/Source/Public/FirebaseFirestore/FIRDocumentSnapshot.h
[RUN_FASTLANE] › Copying   @react-native-firebase/firestore ios/build/Build/Intermediates.noindex/ArchiveIntermediates/FanScores/IntermediateBuildFilesPath/UninstalledProducts/iphoneos/FirebaseFirestoreInternal.framework/Headers/FIRDocumentReference.h ➜ ../../../../var/folders/q1/2sbmtgjx5bn59y9rn8g4q8q40000gn/T/eas-build-local-nodejs/f8856988-254a-4d92-a109-a73ab29a9e40/build/ios/Pods/FirebaseFirestoreInternal/Firestore/Source/Public/FirebaseFirestore/FIRDocumentReference.h
[RUN_FASTLANE] › Copying   @react-native-firebase/firestore ios/build/Build/Intermediates.noindex/ArchiveIntermediates/FanScores/IntermediateBuildFilesPath/UninstalledProducts/iphoneos/FirebaseFirestoreInternal.framework/Headers/FIRDocumentChange.h ➜ ../../../../var/folders/q1/2sbmtgjx5bn59y9rn8g4q8q40000gn/T/eas-build-local-nodejs/f8856988-254a-4d92-a109-a73ab29a9e40/build/ios/Pods/FirebaseFirestoreInternal/Firestore/Source/Public/FirebaseFirestore/FIRDocumentChange.h
[RUN_FASTLANE] › Copying   @react-native-firebase/firestore ios/build/Build/Intermediates.noindex/ArchiveIntermediates/FanScores/IntermediateBuildFilesPath/UninstalledProducts/iphoneos/FirebaseFirestoreInternal.framework/Headers/FIRCollectionReference.h ➜ ../../../../var/folders/q1/2sbmtgjx5bn59y9rn8g4q8q40000gn/T/eas-build-local-nodejs/f8856988-254a-4d92-a109-a73ab29a9e40/build/ios/Pods/FirebaseFirestoreInternal/Firestore/Source/Public/FirebaseFirestore/FIRCollectionReference.h
[RUN_FASTLANE] › Copying   @react-native-firebase/firestore ios/build/Build/Intermediates.noindex/ArchiveIntermediates/FanScores/IntermediateBuildFilesPath/UninstalledProducts/iphoneos/FirebaseFirestoreInternal.framework/Headers/FIRAggregateSource.h ➜ ../../../../var/folders/q1/2sbmtgjx5bn59y9rn8g4q8q40000gn/T/eas-build-local-nodejs/f8856988-254a-4d92-a109-a73ab29a9e40/build/ios/Pods/FirebaseFirestoreInternal/Firestore/Source/Public/FirebaseFirestore/FIRAggregateSource.h
[RUN_FASTLANE] › Copying   @react-native-firebase/firestore ios/build/Build/Intermediates.noindex/ArchiveIntermediates/FanScores/IntermediateBuildFilesPath/UninstalledProducts/iphoneos/FirebaseFirestoreInternal.framework/Headers/FIRAggregateQuery.h ➜ ../../../../var/folders/q1/2sbmtgjx5bn59y9rn8g4q8q40000gn/T/eas-build-local-nodejs/f8856988-254a-4d92-a109-a73ab29a9e40/build/ios/Pods/FirebaseFirestoreInternal/Firestore/Source/Public/FirebaseFirestore/FIRAggregateQuery.h
[RUN_FASTLANE] › Copying   @react-native-firebase/firestore ios/build/Build/Intermediates.noindex/ArchiveIntermediates/FanScores/IntermediateBuildFilesPath/UninstalledProducts/iphoneos/FirebaseFirestoreInternal.framework/Headers/FIRAggregateField.h ➜ ../../../../var/folders/q1/2sbmtgjx5bn59y9rn8g4q8q40000gn/T/eas-build-local-nodejs/f8856988-254a-4d92-a109-a73ab29a9e40/build/ios/Pods/FirebaseFirestoreInternal/Firestore/Source/Public/FirebaseFirestore/FIRAggregateField.h
[RUN_FASTLANE] › Copying   @react-native-firebase/firestore ios/build/Build/Intermediates.noindex/ArchiveIntermediates/FanScores/IntermediateBuildFilesPath/UninstalledProducts/iphoneos/FirebaseFirestore.framework/Headers/FirebaseFirestore.h ➜ ../../../../var/folders/q1/2sbmtgjx5bn59y9rn8g4q8q40000gn/T/eas-build-local-nodejs/f8856988-254a-4d92-a109-a73ab29a9e40/build/ios/Pods/FirebaseFirestore/FirebaseFirestoreInternal/FirebaseFirestore/FirebaseFirestore.h
[RUN_FASTLANE] › Copying   @react-native-firebase/firestore ios/build/Build/Intermediates.noindex/ArchiveIntermediates/FanScores/IntermediateBuildFilesPath/UninstalledProducts/iphoneos/FirebaseFirestore.framework/Headers/FirebaseFirestore-umbrella.h ➜ ../../../../var/folders/q1/2sbmtgjx5bn59y9rn8g4q8q40000gn/T/eas-build-local-nodejs/f8856988-254a-4d92-a109-a73ab29a9e40/build/ios/Pods/Target/ Support/ Files/FirebaseFirestore/FirebaseFirestore-umbrella.h
[RUN_FASTLANE] › Copying   @react-native-firebase/firestore ios/build/Build/Intermediates.noindex/ArchiveIntermediates/FanScores/IntermediateBuildFilesPath/UninstalledProducts/iphoneos/FirebaseFirestore.framework/Headers/FIRWriteBatch.h ➜ ../../../../var/folders/q1/2sbmtgjx5bn59y9rn8g4q8q40000gn/T/eas-build-local-nodejs/f8856988-254a-4d92-a109-a73ab29a9e40/build/ios/Pods/FirebaseFirestore/FirebaseFirestoreInternal/FirebaseFirestore/FIRWriteBatch.h
[RUN_FASTLANE] › Copying   @react-native-firebase/firestore ios/build/Build/Intermediates.noindex/ArchiveIntermediates/FanScores/IntermediateBuildFilesPath/UninstalledProducts/iphoneos/FirebaseFirestore.framework/Headers/FIRVectorValue.h ➜ ../../../../var/folders/q1/2sbmtgjx5bn59y9rn8g4q8q40000gn/T/eas-build-local-nodejs/f8856988-254a-4d92-a109-a73ab29a9e40/build/ios/Pods/FirebaseFirestore/FirebaseFirestoreInternal/FirebaseFirestore/FIRVectorValue.h
[RUN_FASTLANE] › Copying   @react-native-firebase/firestore ios/build/Build/Intermediates.noindex/ArchiveIntermediates/FanScores/IntermediateBuildFilesPath/UninstalledProducts/iphoneos/FirebaseFirestore.framework/Headers/FIRTransactionOptions.h ➜ ../../../../var/folders/q1/2sbmtgjx5bn59y9rn8g4q8q40000gn/T/eas-build-local-nodejs/f8856988-254a-4d92-a109-a73ab29a9e40/build/ios/Pods/FirebaseFirestore/FirebaseFirestoreInternal/FirebaseFirestore/FIRTransactionOptions.h
[RUN_FASTLANE] › Copying   @react-native-firebase/firestore ios/build/Build/Intermediates.noindex/ArchiveIntermediates/FanScores/IntermediateBuildFilesPath/UninstalledProducts/iphoneos/FirebaseFirestore.framework/Headers/FIRTransaction.h ➜ ../../../../var/folders/q1/2sbmtgjx5bn59y9rn8g4q8q40000gn/T/eas-build-local-nodejs/f8856988-254a-4d92-a109-a73ab29a9e40/build/ios/Pods/FirebaseFirestore/FirebaseFirestoreInternal/FirebaseFirestore/FIRTransaction.h
[RUN_FASTLANE] › Copying   @react-native-firebase/firestore ios/build/Build/Intermediates.noindex/ArchiveIntermediates/FanScores/IntermediateBuildFilesPath/UninstalledProducts/iphoneos/FirebaseFirestore.framework/Headers/FIRSnapshotListenOptions.h ➜ ../../../../var/folders/q1/2sbmtgjx5bn59y9rn8g4q8q40000gn/T/eas-build-local-nodejs/f8856988-254a-4d92-a109-a73ab29a9e40/build/ios/Pods/FirebaseFirestore/FirebaseFirestoreInternal/FirebaseFirestore/FIRSnapshotListenOptions.h
[RUN_FASTLANE] › Copying   @react-native-firebase/firestore ios/build/Build/Intermediates.noindex/ArchiveIntermediates/FanScores/IntermediateBuildFilesPath/UninstalledProducts/iphoneos/FirebaseFirestore.framework/Headers/FIRQuerySnapshot.h ➜ ../../../../var/folders/q1/2sbmtgjx5bn59y9rn8g4q8q40000gn/T/eas-build-local-nodejs/f8856988-254a-4d92-a109-a73ab29a9e40/build/ios/Pods/FirebaseFirestore/FirebaseFirestoreInternal/FirebaseFirestore/FIRQuerySnapshot.h
[RUN_FASTLANE] › Copying   @react-native-firebase/firestore ios/build/Build/Intermediates.noindex/ArchiveIntermediates/FanScores/IntermediateBuildFilesPath/UninstalledProducts/iphoneos/FirebaseFirestore.framework/Headers/FIRQuery.h ➜ ../../../../var/folders/q1/2sbmtgjx5bn59y9rn8g4q8q40000gn/T/eas-build-local-nodejs/f8856988-254a-4d92-a109-a73ab29a9e40/build/ios/Pods/FirebaseFirestore/FirebaseFirestoreInternal/FirebaseFirestore/FIRQuery.h
[RUN_FASTLANE] › Copying   @react-native-firebase/firestore ios/build/Build/Intermediates.noindex/ArchiveIntermediates/FanScores/IntermediateBuildFilesPath/UninstalledProducts/iphoneos/FirebaseFirestore.framework/Headers/FIRPersistentCacheIndexManager.h ➜ ../../../../var/folders/q1/2sbmtgjx5bn59y9rn8g4q8q40000gn/T/eas-build-local-nodejs/f8856988-254a-4d92-a109-a73ab29a9e40/build/ios/Pods/FirebaseFirestore/FirebaseFirestoreInternal/FirebaseFirestore/FIRPersistentCacheIndexManager.h
[RUN_FASTLANE] › Copying   @react-native-firebase/firestore ios/build/Build/Intermediates.noindex/ArchiveIntermediates/FanScores/IntermediateBuildFilesPath/UninstalledProducts/iphoneos/FirebaseFirestore.framework/Headers/FIRLocalCacheSettings.h ➜ ../../../../var/folders/q1/2sbmtgjx5bn59y9rn8g4q8q40000gn/T/eas-build-local-nodejs/f8856988-254a-4d92-a109-a73ab29a9e40/build/ios/Pods/FirebaseFirestore/FirebaseFirestoreInternal/FirebaseFirestore/FIRLocalCacheSettings.h
[RUN_FASTLANE] › Copying   ios/build/Build/Intermediates.noindex/ArchiveIntermediates/FanScores/IntermediateBuildFilesPath/UninstalledProducts/iphoneos/FirebaseFirestore.framework/Headers/FIRLoadBundleTask.h ➜ ../../../../var/folders/q1/2sbmtgjx5bn59y9rn8g4q8q40000gn/T/eas-build-local-nodejs/f8856988-254a-4d92-a109-a73ab29a9e40/build/ios/Pods/FirebaseFirestore/FirebaseFirestoreInternal/FirebaseFirestore/FIRLoadBundleTask.h
[RUN_FASTLANE] › Copying   @react-native-firebase/firestore ios/build/Build/Intermediates.noindex/ArchiveIntermediates/FanScores/IntermediateBuildFilesPath/UninstalledProducts/iphoneos/FirebaseFirestore.framework/Headers/FIRGeoPoint.h ➜ ../../../../var/folders/q1/2sbmtgjx5bn59y9rn8g4q8q40000gn/T/eas-build-local-nodejs/f8856988-254a-4d92-a109-a73ab29a9e40/build/ios/Pods/FirebaseFirestore/FirebaseFirestoreInternal/FirebaseFirestore/FIRGeoPoint.h
[RUN_FASTLANE] › Copying   @react-native-firebase/firestore ios/build/Build/Intermediates.noindex/ArchiveIntermediates/FanScores/IntermediateBuildFilesPath/UninstalledProducts/iphoneos/FirebaseFirestore.framework/Headers/FIRListenerRegistration.h ➜ ../../../../var/folders/q1/2sbmtgjx5bn59y9rn8g4q8q40000gn/T/eas-build-local-nodejs/f8856988-254a-4d92-a109-a73ab29a9e40/build/ios/Pods/FirebaseFirestore/FirebaseFirestoreInternal/FirebaseFirestore/FIRListenerRegistration.h
[RUN_FASTLANE] › Copying   @react-native-firebase/firestore ios/build/Build/Intermediates.noindex/ArchiveIntermediates/FanScores/IntermediateBuildFilesPath/UninstalledProducts/iphoneos/FirebaseFirestore.framework/Headers/FIRFirestoreSource.h ➜ ../../../../var/folders/q1/2sbmtgjx5bn59y9rn8g4q8q40000gn/T/eas-build-local-nodejs/f8856988-254a-4d92-a109-a73ab29a9e40/build/ios/Pods/FirebaseFirestore/FirebaseFirestoreInternal/FirebaseFirestore/FIRFirestoreSource.h
[RUN_FASTLANE] › Copying   @react-native-firebase/firestore ios/build/Build/Intermediates.noindex/ArchiveIntermediates/FanScores/IntermediateBuildFilesPath/UninstalledProducts/iphoneos/FirebaseFirestore.framework/Headers/FIRFirestoreSettings.h ➜ ../../../../var/folders/q1/2sbmtgjx5bn59y9rn8g4q8q40000gn/T/eas-build-local-nodejs/f8856988-254a-4d92-a109-a73ab29a9e40/build/ios/Pods/FirebaseFirestore/FirebaseFirestoreInternal/FirebaseFirestore/FIRFirestoreSettings.h
[RUN_FASTLANE] › Copying   @react-native-firebase/firestore ios/build/Build/Intermediates.noindex/ArchiveIntermediates/FanScores/IntermediateBuildFilesPath/UninstalledProducts/iphoneos/FirebaseFirestore.framework/Headers/FIRFirestoreErrors.h ➜ ../../../../var/folders/q1/2sbmtgjx5bn59y9rn8g4q8q40000gn/T/eas-build-local-nodejs/f8856988-254a-4d92-a109-a73ab29a9e40/build/ios/Pods/FirebaseFirestore/FirebaseFirestoreInternal/FirebaseFirestore/FIRFirestoreErrors.h
[RUN_FASTLANE] › Copying   @react-native-firebase/firestore ios/build/Build/Intermediates.noindex/ArchiveIntermediates/FanScores/IntermediateBuildFilesPath/UninstalledProducts/iphoneos/FirebaseFirestore.framework/Headers/FIRFilter.h ➜ ../../../../var/folders/q1/2sbmtgjx5bn59y9rn8g4q8q40000gn/T/eas-build-local-nodejs/f8856988-254a-4d92-a109-a73ab29a9e40/build/ios/Pods/FirebaseFirestore/FirebaseFirestoreInternal/FirebaseFirestore/FIRFilter.h
[RUN_FASTLANE] › Copying   @react-native-firebase/firestore ios/build/Build/Intermediates.noindex/ArchiveIntermediates/FanScores/IntermediateBuildFilesPath/UninstalledProducts/iphoneos/FirebaseFirestore.framework/Headers/FIRFirestore.h ➜ ../../../../var/folders/q1/2sbmtgjx5bn59y9rn8g4q8q40000gn/T/eas-build-local-nodejs/f8856988-254a-4d92-a109-a73ab29a9e40/build/ios/Pods/FirebaseFirestore/FirebaseFirestoreInternal/FirebaseFirestore/FIRFirestore.h
[RUN_FASTLANE] › Copying   @react-native-firebase/firestore ios/build/Build/Intermediates.noindex/ArchiveIntermediates/FanScores/IntermediateBuildFilesPath/UninstalledProducts/iphoneos/FirebaseFirestore.framework/Headers/FIRFieldValue.h ➜ ../../../../var/folders/q1/2sbmtgjx5bn59y9rn8g4q8q40000gn/T/eas-build-local-nodejs/f8856988-254a-4d92-a109-a73ab29a9e40/build/ios/Pods/FirebaseFirestore/FirebaseFirestoreInternal/FirebaseFirestore/FIRFieldValue.h
[RUN_FASTLANE] › Copying   @react-native-firebase/firestore ios/build/Build/Intermediates.noindex/ArchiveIntermediates/FanScores/IntermediateBuildFilesPath/UninstalledProducts/iphoneos/FirebaseFirestore.framework/Headers/FIRFieldPath.h ➜ ../../../../var/folders/q1/2sbmtgjx5bn59y9rn8g4q8q40000gn/T/eas-build-local-nodejs/f8856988-254a-4d92-a109-a73ab29a9e40/build/ios/Pods/FirebaseFirestore/FirebaseFirestoreInternal/FirebaseFirestore/FIRFieldPath.h
[RUN_FASTLANE] › Copying   @react-native-firebase/firestore ios/build/Build/Intermediates.noindex/ArchiveIntermediates/FanScores/IntermediateBuildFilesPath/UninstalledProducts/iphoneos/FirebaseFirestore.framework/Headers/FIRDocumentSnapshot.h ➜ ../../../../var/folders/q1/2sbmtgjx5bn59y9rn8g4q8q40000gn/T/eas-build-local-nodejs/f8856988-254a-4d92-a109-a73ab29a9e40/build/ios/Pods/FirebaseFirestore/FirebaseFirestoreInternal/FirebaseFirestore/FIRDocumentSnapshot.h
[RUN_FASTLANE] › Copying   @react-native-firebase/firestore ios/build/Build/Intermediates.noindex/ArchiveIntermediates/FanScores/IntermediateBuildFilesPath/UninstalledProducts/iphoneos/FirebaseFirestore.framework/Headers/FIRDocumentReference.h ➜ ../../../../var/folders/q1/2sbmtgjx5bn59y9rn8g4q8q40000gn/T/eas-build-local-nodejs/f8856988-254a-4d92-a109-a73ab29a9e40/build/ios/Pods/FirebaseFirestore/FirebaseFirestoreInternal/FirebaseFirestore/FIRDocumentReference.h
[RUN_FASTLANE] › Copying   @react-native-firebase/firestore ios/build/Build/Intermediates.noindex/ArchiveIntermediates/FanScores/IntermediateBuildFilesPath/UninstalledProducts/iphoneos/FirebaseFirestore.framework/Headers/FIRDocumentChange.h ➜ ../../../../var/folders/q1/2sbmtgjx5bn59y9rn8g4q8q40000gn/T/eas-build-local-nodejs/f8856988-254a-4d92-a109-a73ab29a9e40/build/ios/Pods/FirebaseFirestore/FirebaseFirestoreInternal/FirebaseFirestore/FIRDocumentChange.h
[RUN_FASTLANE] › Copying   @react-native-firebase/firestore ios/build/Build/Intermediates.noindex/ArchiveIntermediates/FanScores/IntermediateBuildFilesPath/UninstalledProducts/iphoneos/FirebaseFirestore.framework/Headers/FIRAggregateSource.h ➜ ../../../../var/folders/q1/2sbmtgjx5bn59y9rn8g4q8q40000gn/T/eas-build-local-nodejs/f8856988-254a-4d92-a109-a73ab29a9e40/build/ios/Pods/FirebaseFirestore/FirebaseFirestoreInternal/FirebaseFirestore/FIRAggregateSource.h
[RUN_FASTLANE] › Copying   @react-native-firebase/firestore ios/build/Build/Intermediates.noindex/ArchiveIntermediates/FanScores/IntermediateBuildFilesPath/UninstalledProducts/iphoneos/FirebaseFirestore.framework/Headers/FIRAggregateQuerySnapshot.h ➜ ../../../../var/folders/q1/2sbmtgjx5bn59y9rn8g4q8q40000gn/T/eas-build-local-nodejs/f8856988-254a-4d92-a109-a73ab29a9e40/build/ios/Pods/FirebaseFirestore/FirebaseFirestoreInternal/FirebaseFirestore/FIRAggregateQuerySnapshot.h
[RUN_FASTLANE] › Copying   @react-native-firebase/firestore ios/build/Build/Intermediates.noindex/ArchiveIntermediates/FanScores/IntermediateBuildFilesPath/UninstalledProducts/iphoneos/FirebaseFirestore.framework/Headers/FIRAggregateQuery.h ➜ ../../../../var/folders/q1/2sbmtgjx5bn59y9rn8g4q8q40000gn/T/eas-build-local-nodejs/f8856988-254a-4d92-a109-a73ab29a9e40/build/ios/Pods/FirebaseFirestore/FirebaseFirestoreInternal/FirebaseFirestore/FIRAggregateQuery.h
[RUN_FASTLANE] › Copying   @react-native-firebase/firestore ios/build/Build/Intermediates.noindex/ArchiveIntermediates/FanScores/IntermediateBuildFilesPath/UninstalledProducts/iphoneos/FirebaseFirestore.framework/Headers/FIRAggregateField.h ➜ ../../../../var/folders/q1/2sbmtgjx5bn59y9rn8g4q8q40000gn/T/eas-build-local-nodejs/f8856988-254a-4d92-a109-a73ab29a9e40/build/ios/Pods/FirebaseFirestore/FirebaseFirestoreInternal/FirebaseFirestore/FIRAggregateField.h
[RUN_FASTLANE] › Copying   @react-native-firebase/auth ios/build/Build/Intermediates.noindex/ArchiveIntermediates/FanScores/IntermediateBuildFilesPath/UninstalledProducts/iphoneos/FirebaseCoreInternal.framework/Headers/FirebaseCoreInternal-umbrella.h ➜ ../../../../var/folders/q1/2sbmtgjx5bn59y9rn8g4q8q40000gn/T/eas-build-local-nodejs/f8856988-254a-4d92-a109-a73ab29a9e40/build/ios/Pods/Target/ Support/ Files/FirebaseCoreInternal/FirebaseCoreInternal-umbrella.h
[RUN_FASTLANE] › Copying   @react-native-firebase/auth ios/build/Build/Intermediates.noindex/ArchiveIntermediates/FanScores/IntermediateBuildFilesPath/UninstalledProducts/iphoneos/FirebaseCoreExtension.framework/Headers/FirebaseCoreExtension-umbrella.h ➜ ../../../../var/folders/q1/2sbmtgjx5bn59y9rn8g4q8q40000gn/T/eas-build-local-nodejs/f8856988-254a-4d92-a109-a73ab29a9e40/build/ios/Pods/Target/ Support/ Files/FirebaseCoreExtension/FirebaseCoreExtension-umbrella.h
[RUN_FASTLANE] › Copying   @react-native-firebase/auth ios/build/Build/Intermediates.noindex/ArchiveIntermediates/FanScores/IntermediateBuildFilesPath/UninstalledProducts/iphoneos/FirebaseCoreExtension.framework/Headers/FIRLogger.h ➜ ../../../../var/folders/q1/2sbmtgjx5bn59y9rn8g4q8q40000gn/T/eas-build-local-nodejs/f8856988-254a-4d92-a109-a73ab29a9e40/build/ios/Pods/FirebaseCoreExtension/FirebaseCore/Extension/FIRLogger.h
[RUN_FASTLANE] › Copying   @react-native-firebase/auth ios/build/Build/Intermediates.noindex/ArchiveIntermediates/FanScores/IntermediateBuildFilesPath/UninstalledProducts/iphoneos/FirebaseCoreExtension.framework/Headers/FIRLibrary.h ➜ ../../../../var/folders/q1/2sbmtgjx5bn59y9rn8g4q8q40000gn/T/eas-build-local-nodejs/f8856988-254a-4d92-a109-a73ab29a9e40/build/ios/Pods/FirebaseCoreExtension/FirebaseCore/Extension/FIRLibrary.h
[RUN_FASTLANE] › Copying   @react-native-firebase/auth ios/build/Build/Intermediates.noindex/ArchiveIntermediates/FanScores/IntermediateBuildFilesPath/UninstalledProducts/iphoneos/FirebaseCoreExtension.framework/Headers/FIRHeartbeatLogger.h ➜ ../../../../var/folders/q1/2sbmtgjx5bn59y9rn8g4q8q40000gn/T/eas-build-local-nodejs/f8856988-254a-4d92-a109-a73ab29a9e40/build/ios/Pods/FirebaseCoreExtension/FirebaseCore/Extension/FIRHeartbeatLogger.h
[RUN_FASTLANE] › Copying   @react-native-firebase/auth ios/build/Build/Intermediates.noindex/ArchiveIntermediates/FanScores/IntermediateBuildFilesPath/UninstalledProducts/iphoneos/FirebaseCoreExtension.framework/Headers/FIRComponentType.h ➜ ../../../../var/folders/q1/2sbmtgjx5bn59y9rn8g4q8q40000gn/T/eas-build-local-nodejs/f8856988-254a-4d92-a109-a73ab29a9e40/build/ios/Pods/FirebaseCoreExtension/FirebaseCore/Extension/FIRComponentType.h
[RUN_FASTLANE] › Copying   @react-native-firebase/auth ios/build/Build/Intermediates.noindex/ArchiveIntermediates/FanScores/IntermediateBuildFilesPath/UninstalledProducts/iphoneos/FirebaseCoreExtension.framework/Headers/FIRComponentContainer.h ➜ ../../../../var/folders/q1/2sbmtgjx5bn59y9rn8g4q8q40000gn/T/eas-build-local-nodejs/f8856988-254a-4d92-a109-a73ab29a9e40/build/ios/Pods/FirebaseCoreExtension/FirebaseCore/Extension/FIRComponentContainer.h
[RUN_FASTLANE] › Copying   @react-native-firebase/auth ios/build/Build/Intermediates.noindex/ArchiveIntermediates/FanScores/IntermediateBuildFilesPath/UninstalledProducts/iphoneos/FirebaseCoreExtension.framework/Headers/FIRComponent.h ➜ ../../../../var/folders/q1/2sbmtgjx5bn59y9rn8g4q8q40000gn/T/eas-build-local-nodejs/f8856988-254a-4d92-a109-a73ab29a9e40/build/ios/Pods/FirebaseCoreExtension/FirebaseCore/Extension/FIRComponent.h
[RUN_FASTLANE] › Copying   @react-native-firebase/auth ios/build/Build/Intermediates.noindex/ArchiveIntermediates/FanScores/IntermediateBuildFilesPath/UninstalledProducts/iphoneos/FirebaseCoreExtension.framework/Headers/FIRAppInternal.h ➜ ../../../../var/folders/q1/2sbmtgjx5bn59y9rn8g4q8q40000gn/T/eas-build-local-nodejs/f8856988-254a-4d92-a109-a73ab29a9e40/build/ios/Pods/FirebaseCoreExtension/FirebaseCore/Extension/FIRAppInternal.h
[RUN_FASTLANE] › Copying   @react-native-firebase/auth ios/build/Build/Intermediates.noindex/ArchiveIntermediates/FanScores/IntermediateBuildFilesPath/UninstalledProducts/iphoneos/FirebaseCore.framework/Headers/FirebaseCore.h ➜ ../../../../var/folders/q1/2sbmtgjx5bn59y9rn8g4q8q40000gn/T/eas-build-local-nodejs/f8856988-254a-4d92-a109-a73ab29a9e40/build/ios/Pods/FirebaseCore/FirebaseCore/Sources/Public/FirebaseCore/FirebaseCore.h
[RUN_FASTLANE] › Copying   @react-native-firebase/auth ios/build/Build/Intermediates.noindex/ArchiveIntermediates/FanScores/IntermediateBuildFilesPath/UninstalledProducts/iphoneos/FirebaseCore.framework/Headers/FirebaseCore-umbrella.h ➜ ../../../../var/folders/q1/2sbmtgjx5bn59y9rn8g4q8q40000gn/T/eas-build-local-nodejs/f8856988-254a-4d92-a109-a73ab29a9e40/build/ios/Pods/Target/ Support/ Files/FirebaseCore/FirebaseCore-umbrella.h
[RUN_FASTLANE] › Copying   @react-native-firebase/auth ios/build/Build/Intermediates.noindex/ArchiveIntermediates/FanScores/IntermediateBuildFilesPath/UninstalledProducts/iphoneos/FirebaseCore.framework/Headers/FIRVersion.h ➜ ../../../../var/folders/q1/2sbmtgjx5bn59y9rn8g4q8q40000gn/T/eas-build-local-nodejs/f8856988-254a-4d92-a109-a73ab29a9e40/build/ios/Pods/FirebaseCore/FirebaseCore/Sources/Public/FirebaseCore/FIRVersion.h
[RUN_FASTLANE] › Copying   @react-native-firebase/auth ios/build/Build/Intermediates.noindex/ArchiveIntermediates/FanScores/IntermediateBuildFilesPath/UninstalledProducts/iphoneos/FirebaseCore.framework/Headers/FIRTimestamp.h ➜ ../../../../var/folders/q1/2sbmtgjx5bn59y9rn8g4q8q40000gn/T/eas-build-local-nodejs/f8856988-254a-4d92-a109-a73ab29a9e40/build/ios/Pods/FirebaseCore/FirebaseCore/Sources/Public/FirebaseCore/FIRTimestamp.h
[RUN_FASTLANE] › Copying   @react-native-firebase/auth ios/build/Build/Intermediates.noindex/ArchiveIntermediates/FanScores/IntermediateBuildFilesPath/UninstalledProducts/iphoneos/FirebaseCore.framework/Headers/FIROptions.h ➜ ../../../../var/folders/q1/2sbmtgjx5bn59y9rn8g4q8q40000gn/T/eas-build-local-nodejs/f8856988-254a-4d92-a109-a73ab29a9e40/build/ios/Pods/FirebaseCore/FirebaseCore/Sources/Public/FirebaseCore/FIROptions.h
[RUN_FASTLANE] › Copying   @react-native-firebase/auth ios/build/Build/Intermediates.noindex/ArchiveIntermediates/FanScores/IntermediateBuildFilesPath/UninstalledProducts/iphoneos/FirebaseCore.framework/Headers/FIRLoggerLevel.h ➜ ../../../../var/folders/q1/2sbmtgjx5bn59y9rn8g4q8q40000gn/T/eas-build-local-nodejs/f8856988-254a-4d92-a109-a73ab29a9e40/build/ios/Pods/FirebaseCore/FirebaseCore/Sources/Public/FirebaseCore/FIRLoggerLevel.h
[RUN_FASTLANE] › Copying   @react-native-firebase/auth ios/build/Build/Intermediates.noindex/ArchiveIntermediates/FanScores/IntermediateBuildFilesPath/UninstalledProducts/iphoneos/FirebaseCore.framework/Headers/FIRApp.h ➜ ../../../../var/folders/q1/2sbmtgjx5bn59y9rn8g4q8q40000gn/T/eas-build-local-nodejs/f8856988-254a-4d92-a109-a73ab29a9e40/build/ios/Pods/FirebaseCore/FirebaseCore/Sources/Public/FirebaseCore/FIRApp.h
[RUN_FASTLANE] › Copying   ios/build/Build/Intermediates.noindex/ArchiveIntermediates/FanScores/IntermediateBuildFilesPath/UninstalledProducts/iphoneos/FirebaseAuthInterop.framework/Headers/FirebaseAuthInterop-umbrella.h ➜ ../../../../var/folders/q1/2sbmtgjx5bn59y9rn8g4q8q40000gn/T/eas-build-local-nodejs/f8856988-254a-4d92-a109-a73ab29a9e40/build/ios/Pods/Target/ Support/ Files/FirebaseAuthInterop/FirebaseAuthInterop-umbrella.h
[RUN_FASTLANE] › Copying   @react-native-firebase/auth ios/build/Build/Intermediates.noindex/ArchiveIntermediates/FanScores/IntermediateBuildFilesPath/UninstalledProducts/iphoneos/FirebaseAuthInterop.framework/Headers/FIRAuthInterop.h ➜ ../../../../var/folders/q1/2sbmtgjx5bn59y9rn8g4q8q40000gn/T/eas-build-local-nodejs/f8856988-254a-4d92-a109-a73ab29a9e40/build/ios/Pods/FirebaseAuthInterop/FirebaseAuth/Interop/Public/FirebaseAuthInterop/FIRAuthInterop.h
[RUN_FASTLANE] › Copying   @react-native-firebase/auth ios/build/Build/Intermediates.noindex/ArchiveIntermediates/FanScores/IntermediateBuildFilesPath/UninstalledProducts/iphoneos/FirebaseAuth.framework/Headers/FirebaseAuth.h ➜ ../../../../var/folders/q1/2sbmtgjx5bn59y9rn8g4q8q40000gn/T/eas-build-local-nodejs/f8856988-254a-4d92-a109-a73ab29a9e40/build/ios/Pods/FirebaseAuth/FirebaseAuth/Sources/Public/FirebaseAuth/FirebaseAuth.h
[RUN_FASTLANE] › Copying   @react-native-firebase/auth ios/build/Build/Intermediates.noindex/ArchiveIntermediates/FanScores/IntermediateBuildFilesPath/UninstalledProducts/iphoneos/FirebaseAuth.framework/Headers/FirebaseAuth-umbrella.h ➜ ../../../../var/folders/q1/2sbmtgjx5bn59y9rn8g4q8q40000gn/T/eas-build-local-nodejs/f8856988-254a-4d92-a109-a73ab29a9e40/build/ios/Pods/Target/ Support/ Files/FirebaseAuth/FirebaseAuth-umbrella.h
[RUN_FASTLANE] › Copying   @react-native-firebase/auth ios/build/Build/Intermediates.noindex/ArchiveIntermediates/FanScores/IntermediateBuildFilesPath/UninstalledProducts/iphoneos/FirebaseAuth.framework/Headers/FIRUser.h ➜ ../../../../var/folders/q1/2sbmtgjx5bn59y9rn8g4q8q40000gn/T/eas-build-local-nodejs/f8856988-254a-4d92-a109-a73ab29a9e40/build/ios/Pods/FirebaseAuth/FirebaseAuth/Sources/Public/FirebaseAuth/FIRUser.h
[RUN_FASTLANE] › Copying   @react-native-firebase/auth ios/build/Build/Intermediates.noindex/ArchiveIntermediates/FanScores/IntermediateBuildFilesPath/UninstalledProducts/iphoneos/FirebaseAuth.framework/Headers/FIRTwitterAuthProvider.h ➜ ../../../../var/folders/q1/2sbmtgjx5bn59y9rn8g4q8q40000gn/T/eas-build-local-nodejs/f8856988-254a-4d92-a109-a73ab29a9e40/build/ios/Pods/FirebaseAuth/FirebaseAuth/Sources/Public/FirebaseAuth/FIRTwitterAuthProvider.h
[RUN_FASTLANE] › Copying   @react-native-firebase/auth ios/build/Build/Intermediates.noindex/ArchiveIntermediates/FanScores/IntermediateBuildFilesPath/UninstalledProducts/iphoneos/FirebaseAuth.framework/Headers/FIRMultiFactor.h ➜ ../../../../var/folders/q1/2sbmtgjx5bn59y9rn8g4q8q40000gn/T/eas-build-local-nodejs/f8856988-254a-4d92-a109-a73ab29a9e40/build/ios/Pods/FirebaseAuth/FirebaseAuth/Sources/Public/FirebaseAuth/FIRMultiFactor.h
[RUN_FASTLANE] › Copying   @react-native-firebase/auth ios/build/Build/Intermediates.noindex/ArchiveIntermediates/FanScores/IntermediateBuildFilesPath/UninstalledProducts/iphoneos/FirebaseAuth.framework/Headers/FIRGoogleAuthProvider.h ➜ ../../../../var/folders/q1/2sbmtgjx5bn59y9rn8g4q8q40000gn/T/eas-build-local-nodejs/f8856988-254a-4d92-a109-a73ab29a9e40/build/ios/Pods/FirebaseAuth/FirebaseAuth/Sources/Public/FirebaseAuth/FIRGoogleAuthProvider.h
[RUN_FASTLANE] › Copying   @react-native-firebase/auth ios/build/Build/Intermediates.noindex/ArchiveIntermediates/FanScores/IntermediateBuildFilesPath/UninstalledProducts/iphoneos/FirebaseAuth.framework/Headers/FIRGitHubAuthProvider.h ➜ ../../../../var/folders/q1/2sbmtgjx5bn59y9rn8g4q8q40000gn/T/eas-build-local-nodejs/f8856988-254a-4d92-a109-a73ab29a9e40/build/ios/Pods/FirebaseAuth/FirebaseAuth/Sources/Public/FirebaseAuth/FIRGitHubAuthProvider.h
[RUN_FASTLANE] › Copying   @react-native-firebase/auth ios/build/Build/Intermediates.noindex/ArchiveIntermediates/FanScores/IntermediateBuildFilesPath/UninstalledProducts/iphoneos/FirebaseAuth.framework/Headers/FIRGameCenterAuthProvider.h ➜ ../../../../var/folders/q1/2sbmtgjx5bn59y9rn8g4q8q40000gn/T/eas-build-local-nodejs/f8856988-254a-4d92-a109-a73ab29a9e40/build/ios/Pods/FirebaseAuth/FirebaseAuth/Sources/Public/FirebaseAuth/FIRGameCenterAuthProvider.h
[RUN_FASTLANE] › Copying   @react-native-firebase/auth ios/build/Build/Intermediates.noindex/ArchiveIntermediates/FanScores/IntermediateBuildFilesPath/UninstalledProducts/iphoneos/FirebaseAuth.framework/Headers/FIRFederatedAuthProvider.h ➜ ../../../../var/folders/q1/2sbmtgjx5bn59y9rn8g4q8q40000gn/T/eas-build-local-nodejs/f8856988-254a-4d92-a109-a73ab29a9e40/build/ios/Pods/FirebaseAuth/FirebaseAuth/Sources/Public/FirebaseAuth/FIRFederatedAuthProvider.h
[RUN_FASTLANE] › Copying   @react-native-firebase/auth ios/build/Build/Intermediates.noindex/ArchiveIntermediates/FanScores/IntermediateBuildFilesPath/UninstalledProducts/iphoneos/FirebaseAuth.framework/Headers/FIRFacebookAuthProvider.h ➜ ../../../../var/folders/q1/2sbmtgjx5bn59y9rn8g4q8q40000gn/T/eas-build-local-nodejs/f8856988-254a-4d92-a109-a73ab29a9e40/build/ios/Pods/FirebaseAuth/FirebaseAuth/Sources/Public/FirebaseAuth/FIRFacebookAuthProvider.h
[RUN_FASTLANE] › Copying   @react-native-firebase/auth ios/build/Build/Intermediates.noindex/ArchiveIntermediates/FanScores/IntermediateBuildFilesPath/UninstalledProducts/iphoneos/FirebaseAuth.framework/Headers/FIREmailAuthProvider.h ➜ ../../../../var/folders/q1/2sbmtgjx5bn59y9rn8g4q8q40000gn/T/eas-build-local-nodejs/f8856988-254a-4d92-a109-a73ab29a9e40/build/ios/Pods/FirebaseAuth/FirebaseAuth/Sources/Public/FirebaseAuth/FIREmailAuthProvider.h
[RUN_FASTLANE] › Copying   @react-native-firebase/auth ios/build/Build/Intermediates.noindex/ArchiveIntermediates/FanScores/IntermediateBuildFilesPath/UninstalledProducts/iphoneos/FirebaseAuth.framework/Headers/FIRAuthErrors.h ➜ ../../../../var/folders/q1/2sbmtgjx5bn59y9rn8g4q8q40000gn/T/eas-build-local-nodejs/f8856988-254a-4d92-a109-a73ab29a9e40/build/ios/Pods/FirebaseAuth/FirebaseAuth/Sources/Public/FirebaseAuth/FIRAuthErrors.h
[RUN_FASTLANE] › Copying   @react-native-firebase/auth ios/build/Build/Intermediates.noindex/ArchiveIntermediates/FanScores/IntermediateBuildFilesPath/UninstalledProducts/iphoneos/FirebaseAuth.framework/Headers/FIRAuth.h ➜ ../../../../var/folders/q1/2sbmtgjx5bn59y9rn8g4q8q40000gn/T/eas-build-local-nodejs/f8856988-254a-4d92-a109-a73ab29a9e40/build/ios/Pods/FirebaseAuth/FirebaseAuth/Sources/Public/FirebaseAuth/FIRAuth.h
[RUN_FASTLANE] › Copying   @react-native-firebase/auth ios/build/Build/Intermediates.noindex/ArchiveIntermediates/FanScores/IntermediateBuildFilesPath/UninstalledProducts/iphoneos/FirebaseAppCheckInterop.framework/Headers/FirebaseAppCheckInterop.h ➜ ../../../../var/folders/q1/2sbmtgjx5bn59y9rn8g4q8q40000gn/T/eas-build-local-nodejs/f8856988-254a-4d92-a109-a73ab29a9e40/build/ios/Pods/FirebaseAppCheckInterop/FirebaseAppCheck/Interop/Public/FirebaseAppCheckInterop/FirebaseAppCheckInterop.h
[RUN_FASTLANE] › Copying   @react-native-firebase/auth ios/build/Build/Intermediates.noindex/ArchiveIntermediates/FanScores/IntermediateBuildFilesPath/UninstalledProducts/iphoneos/FirebaseAppCheckInterop.framework/Headers/FirebaseAppCheckInterop-umbrella.h ➜ ../../../../var/folders/q1/2sbmtgjx5bn59y9rn8g4q8q40000gn/T/eas-build-local-nodejs/f8856988-254a-4d92-a109-a73ab29a9e40/build/ios/Pods/Target/ Support/ Files/FirebaseAppCheckInterop/FirebaseAppCheckInterop-umbrella.h
[RUN_FASTLANE] › Copying   @react-native-firebase/auth ios/build/Build/Intermediates.noindex/ArchiveIntermediates/FanScores/IntermediateBuildFilesPath/UninstalledProducts/iphoneos/FirebaseAppCheckInterop.framework/Headers/FIRAppCheckTokenResultInterop.h ➜ ../../../../var/folders/q1/2sbmtgjx5bn59y9rn8g4q8q40000gn/T/eas-build-local-nodejs/f8856988-254a-4d92-a109-a73ab29a9e40/build/ios/Pods/FirebaseAppCheckInterop/FirebaseAppCheck/Interop/Public/FirebaseAppCheckInterop/FIRAppCheckTokenResultInterop.h
[RUN_FASTLANE] › Copying   @react-native-firebase/auth ios/build/Build/Intermediates.noindex/ArchiveIntermediates/FanScores/IntermediateBuildFilesPath/UninstalledProducts/iphoneos/FirebaseAppCheckInterop.framework/Headers/FIRAppCheckInterop.h ➜ ../../../../var/folders/q1/2sbmtgjx5bn59y9rn8g4q8q40000gn/T/eas-build-local-nodejs/f8856988-254a-4d92-a109-a73ab29a9e40/build/ios/Pods/FirebaseAppCheckInterop/FirebaseAppCheck/Interop/Public/FirebaseAppCheckInterop/FIRAppCheckInterop.h
[RUN_FASTLANE] › Copying   expo-web-browser ios/build/Build/Intermediates.noindex/ArchiveIntermediates/FanScores/IntermediateBuildFilesPath/UninstalledProducts/iphoneos/ExpoWebBrowser.framework/Headers/ExpoWebBrowser-umbrella.h ➜ ../../../../var/folders/q1/2sbmtgjx5bn59y9rn8g4q8q40000gn/T/eas-build-local-nodejs/f8856988-254a-4d92-a109-a73ab29a9e40/build/ios/Pods/Target/ Support/ Files/ExpoWebBrowser/ExpoWebBrowser-umbrella.h
[RUN_FASTLANE] › Copying   @expo/ui ios/build/Build/Intermediates.noindex/ArchiveIntermediates/FanScores/IntermediateBuildFilesPath/UninstalledProducts/iphoneos/ExpoUI.framework/Headers/ExpoUITouchHandlerHelper.h ➜ ../../../../var/folders/q1/2sbmtgjx5bn59y9rn8g4q8q40000gn/T/eas-build-local-nodejs/f8856988-254a-4d92-a109-a73ab29a9e40/build/node_modules/@expo/ui/ios/ExpoUITouchHandlerHelper.h
[RUN_FASTLANE] › Copying   @expo/ui ios/build/Build/Intermediates.noindex/ArchiveIntermediates/FanScores/IntermediateBuildFilesPath/UninstalledProducts/iphoneos/ExpoUI.framework/Headers/ExpoUI-umbrella.h ➜ ../../../../var/folders/q1/2sbmtgjx5bn59y9rn8g4q8q40000gn/T/eas-build-local-nodejs/f8856988-254a-4d92-a109-a73ab29a9e40/build/ios/Pods/Target/ Support/ Files/ExpoUI/ExpoUI-umbrella.h
[RUN_FASTLANE] › Copying   expo-system-ui ios/build/Build/Intermediates.noindex/ArchiveIntermediates/FanScores/IntermediateBuildFilesPath/UninstalledProducts/iphoneos/ExpoSystemUI.framework/Headers/ExpoSystemUI-umbrella.h ➜ ../../../../var/folders/q1/2sbmtgjx5bn59y9rn8g4q8q40000gn/T/eas-build-local-nodejs/f8856988-254a-4d92-a109-a73ab29a9e40/build/ios/Pods/Target/ Support/ Files/ExpoSystemUI/ExpoSystemUI-umbrella.h
[RUN_FASTLANE] › Copying   expo-symbols ios/build/Build/Intermediates.noindex/ArchiveIntermediates/FanScores/IntermediateBuildFilesPath/UninstalledProducts/iphoneos/ExpoSymbols.framework/Headers/ExpoSymbols-umbrella.h ➜ ../../../../var/folders/q1/2sbmtgjx5bn59y9rn8g4q8q40000gn/T/eas-build-local-nodejs/f8856988-254a-4d92-a109-a73ab29a9e40/build/ios/Pods/Target/ Support/ Files/ExpoSymbols/ExpoSymbols-umbrella.h
[RUN_FASTLANE] › Copying   expo-splash-screen ios/build/Build/Intermediates.noindex/ArchiveIntermediates/FanScores/IntermediateBuildFilesPath/UninstalledProducts/iphoneos/ExpoSplashScreen.framework/Headers/ExpoSplashScreen-umbrella.h ➜ ../../../../var/folders/q1/2sbmtgjx5bn59y9rn8g4q8q40000gn/T/eas-build-local-nodejs/f8856988-254a-4d92-a109-a73ab29a9e40/build/ios/Pods/Target/ Support/ Files/ExpoSplashScreen/ExpoSplashScreen-umbrella.h
[RUN_FASTLANE] › Copying   expo-router ios/build/Build/Intermediates.noindex/ArchiveIntermediates/FanScores/IntermediateBuildFilesPath/UninstalledProducts/iphoneos/ExpoRouter.framework/Headers/ExpoRouter-umbrella.h ➜ ../../../../var/folders/q1/2sbmtgjx5bn59y9rn8g4q8q40000gn/T/eas-build-local-nodejs/f8856988-254a-4d92-a109-a73ab29a9e40/build/ios/Pods/Target/ Support/ Files/ExpoRouter/ExpoRouter-umbrella.h
[RUN_FASTLANE] › Copying   expo-modules-core ios/build/Build/Intermediates.noindex/ArchiveIntermediates/FanScores/IntermediateBuildFilesPath/UninstalledProducts/iphoneos/ExpoModulesWorklets.framework/PrivateHeaders/EXWorkletsProvider+Private.h ➜ ../../../../var/folders/q1/2sbmtgjx5bn59y9rn8g4q8q40000gn/T/eas-build-local-nodejs/f8856988-254a-4d92-a109-a73ab29a9e40/build/node_modules/expo-modules-core/ios/Worklets/EXWorkletsProvider+Private.h
[RUN_FASTLANE] › Copying   expo-modules-core ios/build/Build/Intermediates.noindex/ArchiveIntermediates/FanScores/IntermediateBuildFilesPath/UninstalledProducts/iphoneos/ExpoModulesWorklets.framework/Headers/WorkletRuntimeHandle.h ➜ ../../../../var/folders/q1/2sbmtgjx5bn59y9rn8g4q8q40000gn/T/eas-build-local-nodejs/f8856988-254a-4d92-a109-a73ab29a9e40/build/node_modules/expo-modules-core/ios/Worklets/WorkletRuntimeHandle.h
[RUN_FASTLANE] › Copying   expo-modules-core ios/build/Build/Intermediates.noindex/ArchiveIntermediates/FanScores/IntermediateBuildFilesPath/UninstalledProducts/iphoneos/ExpoModulesWorklets.framework/Headers/SerializableExtractor.h ➜ ../../../../var/folders/q1/2sbmtgjx5bn59y9rn8g4q8q40000gn/T/eas-build-local-nodejs/f8856988-254a-4d92-a109-a73ab29a9e40/build/node_modules/expo-modules-core/ios/Worklets/SerializableExtractor.h
[RUN_FASTLANE] › Copying   expo-modules-core ios/build/Build/Intermediates.noindex/ArchiveIntermediates/FanScores/IntermediateBuildFilesPath/UninstalledProducts/iphoneos/ExpoModulesWorklets.framework/Headers/ExpoModulesWorklets-umbrella.h ➜ ../../../../var/folders/q1/2sbmtgjx5bn59y9rn8g4q8q40000gn/T/eas-build-local-nodejs/f8856988-254a-4d92-a109-a73ab29a9e40/build/ios/Pods/Target/ Support/ Files/ExpoModulesWorklets/ExpoModulesWorklets-umbrella.h
[RUN_FASTLANE] › Copying   expo-modules-core ios/build/Build/Intermediates.noindex/ArchiveIntermediates/FanScores/IntermediateBuildFilesPath/UninstalledProducts/iphoneos/ExpoModulesWorklets.framework/Headers/EXWorkletsProvider.h ➜ ../../../../var/folders/q1/2sbmtgjx5bn59y9rn8g4q8q40000gn/T/eas-build-local-nodejs/f8856988-254a-4d92-a109-a73ab29a9e40/build/node_modules/expo-modules-core/ios/Worklets/EXWorkletsProvider.h
[RUN_FASTLANE] › Copying   expo-modules-core ios/build/Build/Intermediates.noindex/ArchiveIntermediates/FanScores/IntermediateBuildFilesPath/UninstalledProducts/iphoneos/ExpoModulesWorklets.framework/Headers/EXJavaScriptSerializable.h ➜ ../../../../var/folders/q1/2sbmtgjx5bn59y9rn8g4q8q40000gn/T/eas-build-local-nodejs/f8856988-254a-4d92-a109-a73ab29a9e40/build/node_modules/expo-modules-core/ios/Worklets/EXJavaScriptSerializable.h
[RUN_FASTLANE] › Copying   expo-linking ios/build/Build/Intermediates.noindex/ArchiveIntermediates/FanScores/IntermediateBuildFilesPath/UninstalledProducts/iphoneos/ExpoLinking.framework/Headers/ExpoLinking-umbrella.h ➜ ../../../../var/folders/q1/2sbmtgjx5bn59y9rn8g4q8q40000gn/T/eas-build-local-nodejs/f8856988-254a-4d92-a109-a73ab29a9e40/build/ios/Pods/Target/ Support/ Files/ExpoLinking/ExpoLinking-umbrella.h
[RUN_FASTLANE] › Copying   expo-keep-awake ios/build/Build/Intermediates.noindex/ArchiveIntermediates/FanScores/IntermediateBuildFilesPath/UninstalledProducts/iphoneos/ExpoKeepAwake.framework/Headers/ExpoKeepAwake-umbrella.h ➜ ../../../../var/folders/q1/2sbmtgjx5bn59y9rn8g4q8q40000gn/T/eas-build-local-nodejs/f8856988-254a-4d92-a109-a73ab29a9e40/build/ios/Pods/Target/ Support/ Files/ExpoKeepAwake/ExpoKeepAwake-umbrella.h
[RUN_FASTLANE] › Copying   expo-image ios/build/Build/Intermediates.noindex/ArchiveIntermediates/FanScores/IntermediateBuildFilesPath/UninstalledProducts/iphoneos/ExpoImage.framework/Headers/ExpoImage-umbrella.h ➜ ../../../../var/folders/q1/2sbmtgjx5bn59y9rn8g4q8q40000gn/T/eas-build-local-nodejs/f8856988-254a-4d92-a109-a73ab29a9e40/build/ios/Pods/Target/ Support/ Files/ExpoImage/ExpoImage-umbrella.h
[RUN_FASTLANE] › Copying   expo-glass-effect ios/build/Build/Intermediates.noindex/ArchiveIntermediates/FanScores/IntermediateBuildFilesPath/UninstalledProducts/iphoneos/ExpoGlassEffect.framework/Headers/ExpoGlassEffect-umbrella.h ➜ ../../../../var/folders/q1/2sbmtgjx5bn59y9rn8g4q8q40000gn/T/eas-build-local-nodejs/f8856988-254a-4d92-a109-a73ab29a9e40/build/ios/Pods/Target/ Support/ Files/ExpoGlassEffect/ExpoGlassEffect-umbrella.h
[RUN_FASTLANE] › Copying   expo-font ios/build/Build/Intermediates.noindex/ArchiveIntermediates/FanScores/IntermediateBuildFilesPath/UninstalledProducts/iphoneos/ExpoFont.framework/Headers/ExpoFont-umbrella.h ➜ ../../../../var/folders/q1/2sbmtgjx5bn59y9rn8g4q8q40000gn/T/eas-build-local-nodejs/f8856988-254a-4d92-a109-a73ab29a9e40/build/ios/Pods/Target/ Support/ Files/ExpoFont/ExpoFont-umbrella.h
[RUN_FASTLANE] › Copying   expo-file-system ios/build/Build/Intermediates.noindex/ArchiveIntermediates/FanScores/IntermediateBuildFilesPath/UninstalledProducts/iphoneos/ExpoFileSystem.framework/Headers/ExpoFileSystem.h ➜ ../../../../var/folders/q1/2sbmtgjx5bn59y9rn8g4q8q40000gn/T/eas-build-local-nodejs/f8856988-254a-4d92-a109-a73ab29a9e40/build/node_modules/expo-file-system/ios/Legacy/ExpoFileSystem.h
[RUN_FASTLANE] › Copying   expo-file-system ios/build/Build/Intermediates.noindex/ArchiveIntermediates/FanScores/IntermediateBuildFilesPath/UninstalledProducts/iphoneos/ExpoFileSystem.framework/Headers/NSData+EXFileSystem.h ➜ ../../../../var/folders/q1/2sbmtgjx5bn59y9rn8g4q8q40000gn/T/eas-build-local-nodejs/f8856988-254a-4d92-a109-a73ab29a9e40/build/node_modules/expo-file-system/ios/Legacy/NSData+EXFileSystem.h
[RUN_FASTLANE] › Copying   expo-file-system ios/build/Build/Intermediates.noindex/ArchiveIntermediates/FanScores/IntermediateBuildFilesPath/UninstalledProducts/iphoneos/ExpoFileSystem.framework/Headers/ExpoFileSystem-umbrella.h ➜ ../../../../var/folders/q1/2sbmtgjx5bn59y9rn8g4q8q40000gn/T/eas-build-local-nodejs/f8856988-254a-4d92-a109-a73ab29a9e40/build/ios/Pods/Target/ Support/ Files/ExpoFileSystem/ExpoFileSystem-umbrella.h
[RUN_FASTLANE] › Copying   expo-file-system ios/build/Build/Intermediates.noindex/ArchiveIntermediates/FanScores/IntermediateBuildFilesPath/UninstalledProducts/iphoneos/ExpoFileSystem.framework/Headers/EXTaskHandlersManager.h ➜ ../../../../var/folders/q1/2sbmtgjx5bn59y9rn8g4q8q40000gn/T/eas-build-local-nodejs/f8856988-254a-4d92-a109-a73ab29a9e40/build/node_modules/expo-file-system/ios/Legacy/EXSessionTasks/EXTaskHandlersManager.h
[RUN_FASTLANE] › Copying   expo-file-system ios/build/Build/Intermediates.noindex/ArchiveIntermediates/FanScores/IntermediateBuildFilesPath/UninstalledProducts/iphoneos/ExpoFileSystem.framework/Headers/EXSessionUploadTaskDelegate.h ➜ ../../../../var/folders/q1/2sbmtgjx5bn59y9rn8g4q8q40000gn/T/eas-build-local-nodejs/f8856988-254a-4d92-a109-a73ab29a9e40/build/node_modules/expo-file-system/ios/Legacy/EXSessionTasks/EXSessionUploadTaskDelegate.h
[RUN_FASTLANE] › Copying   expo-file-system ios/build/Build/Intermediates.noindex/ArchiveIntermediates/FanScores/IntermediateBuildFilesPath/UninstalledProducts/iphoneos/ExpoFileSystem.framework/Headers/EXSessionTaskDispatcher.h ➜ ../../../../var/folders/q1/2sbmtgjx5bn59y9rn8g4q8q40000gn/T/eas-build-local-nodejs/f8856988-254a-4d92-a109-a73ab29a9e40/build/node_modules/expo-file-system/ios/Legacy/EXSessionTasks/EXSessionTaskDispatcher.h
[RUN_FASTLANE] › Copying   expo-file-system ios/build/Build/Intermediates.noindex/ArchiveIntermediates/FanScores/IntermediateBuildFilesPath/UninstalledProducts/iphoneos/ExpoFileSystem.framework/Headers/EXSessionTaskDelegate.h ➜ ../../../../var/folders/q1/2sbmtgjx5bn59y9rn8g4q8q40000gn/T/eas-build-local-nodejs/f8856988-254a-4d92-a109-a73ab29a9e40/build/node_modules/expo-file-system/ios/Legacy/EXSessionTasks/EXSessionTaskDelegate.h
[RUN_FASTLANE] › Copying   expo-file-system ios/build/Build/Intermediates.noindex/ArchiveIntermediates/FanScores/IntermediateBuildFilesPath/UninstalledProducts/iphoneos/ExpoFileSystem.framework/Headers/EXSessionHandler.h ➜ ../../../../var/folders/q1/2sbmtgjx5bn59y9rn8g4q8q40000gn/T/eas-build-local-nodejs/f8856988-254a-4d92-a109-a73ab29a9e40/build/node_modules/expo-file-system/ios/Legacy/EXSessionTasks/EXSessionHandler.h
[RUN_FASTLANE] › Copying   expo-file-system ios/build/Build/Intermediates.noindex/ArchiveIntermediates/FanScores/IntermediateBuildFilesPath/UninstalledProducts/iphoneos/ExpoFileSystem.framework/Headers/EXSessionDownloadTaskDelegate.h ➜ ../../../../var/folders/q1/2sbmtgjx5bn59y9rn8g4q8q40000gn/T/eas-build-local-nodejs/f8856988-254a-4d92-a109-a73ab29a9e40/build/node_modules/expo-file-system/ios/Legacy/EXSessionTasks/EXSessionDownloadTaskDelegate.h
[RUN_FASTLANE] › Copying   expo-file-system ios/build/Build/Intermediates.noindex/ArchiveIntermediates/FanScores/IntermediateBuildFilesPath/UninstalledProducts/iphoneos/ExpoFileSystem.framework/Headers/EXSessionCancelableUploadTaskDelegate.h ➜ ../../../../var/folders/q1/2sbmtgjx5bn59y9rn8g4q8q40000gn/T/eas-build-local-nodejs/f8856988-254a-4d92-a109-a73ab29a9e40/build/node_modules/expo-file-system/ios/Legacy/EXSessionTasks/EXSessionCancelableUploadTaskDelegate.h
[RUN_FASTLANE] › Copying   expo-file-system ios/build/Build/Intermediates.noindex/ArchiveIntermediates/FanScores/IntermediateBuildFilesPath/UninstalledProducts/iphoneos/ExpoFileSystem.framework/Headers/EXFileSystemLocalFileHandler.h ➜ ../../../../var/folders/q1/2sbmtgjx5bn59y9rn8g4q8q40000gn/T/eas-build-local-nodejs/f8856988-254a-4d92-a109-a73ab29a9e40/build/node_modules/expo-file-system/ios/Legacy/EXFileSystemLocalFileHandler.h
[RUN_FASTLANE] › Copying   expo-file-system ios/build/Build/Intermediates.noindex/ArchiveIntermediates/FanScores/IntermediateBuildFilesPath/UninstalledProducts/iphoneos/ExpoFileSystem.framework/Headers/EXFileSystemHandler.h ➜ ../../../../var/folders/q1/2sbmtgjx5bn59y9rn8g4q8q40000gn/T/eas-build-local-nodejs/f8856988-254a-4d92-a109-a73ab29a9e40/build/node_modules/expo-file-system/ios/Legacy/EXFileSystemHandler.h
[RUN_FASTLANE] › Copying   expo-file-system ios/build/Build/Intermediates.noindex/ArchiveIntermediates/FanScores/IntermediateBuildFilesPath/UninstalledProducts/iphoneos/ExpoFileSystem.framework/Headers/EXFileSystemAssetLibraryHandler.h ➜ ../../../../var/folders/q1/2sbmtgjx5bn59y9rn8g4q8q40000gn/T/eas-build-local-nodejs/f8856988-254a-4d92-a109-a73ab29a9e40/build/node_modules/expo-file-system/ios/Legacy/EXFileSystemAssetLibraryHandler.h
[RUN_FASTLANE] › Copying   @expo/dom-webview ios/build/Build/Intermediates.noindex/ArchiveIntermediates/FanScores/IntermediateBuildFilesPath/UninstalledProducts/iphoneos/ExpoDomWebView.framework/Headers/ExpoDomWebView-umbrella.h ➜ ../../../../var/folders/q1/2sbmtgjx5bn59y9rn8g4q8q40000gn/T/eas-build-local-nodejs/f8856988-254a-4d92-a109-a73ab29a9e40/build/ios/Pods/Target/ Support/ Files/ExpoDomWebView/ExpoDomWebView-umbrella.h
[RUN_FASTLANE] › Copying   expo-device ios/build/Build/Intermediates.noindex/ArchiveIntermediates/FanScores/IntermediateBuildFilesPath/UninstalledProducts/iphoneos/ExpoDevice.framework/Headers/ExpoDevice-umbrella.h ➜ ../../../../var/folders/q1/2sbmtgjx5bn59y9rn8g4q8q40000gn/T/eas-build-local-nodejs/f8856988-254a-4d92-a109-a73ab29a9e40/build/ios/Pods/Target/ Support/ Files/ExpoDevice/ExpoDevice-umbrella.h
[RUN_FASTLANE] › Copying   expo-updates-interface ios/build/Build/Intermediates.noindex/ArchiveIntermediates/FanScores/IntermediateBuildFilesPath/UninstalledProducts/iphoneos/EXUpdatesInterface.framework/Headers/EXUpdatesInterface-umbrella.h ➜ ../../../../var/folders/q1/2sbmtgjx5bn59y9rn8g4q8q40000gn/T/eas-build-local-nodejs/f8856988-254a-4d92-a109-a73ab29a9e40/build/ios/Pods/Target/ Support/ Files/EXUpdatesInterface/EXUpdatesInterface-umbrella.h
[RUN_FASTLANE] › Copying   expo-manifests ios/build/Build/Intermediates.noindex/ArchiveIntermediates/FanScores/IntermediateBuildFilesPath/UninstalledProducts/iphoneos/EXManifests.framework/Headers/EXManifests-umbrella.h ➜ ../../../../var/folders/q1/2sbmtgjx5bn59y9rn8g4q8q40000gn/T/eas-build-local-nodejs/f8856988-254a-4d92-a109-a73ab29a9e40/build/ios/Pods/Target/ Support/ Files/EXManifests/EXManifests-umbrella.h
[RUN_FASTLANE] › Copying   expo-json-utils ios/build/Build/Intermediates.noindex/ArchiveIntermediates/FanScores/IntermediateBuildFilesPath/UninstalledProducts/iphoneos/EXJSONUtils.framework/Headers/NSDictionary+EXJSONUtils.h ➜ ../../../../var/folders/q1/2sbmtgjx5bn59y9rn8g4q8q40000gn/T/eas-build-local-nodejs/f8856988-254a-4d92-a109-a73ab29a9e40/build/node_modules/expo-json-utils/ios/EXJSONUtils/NSDictionary+EXJSONUtils.h
[RUN_FASTLANE] › Copying   expo-json-utils ios/build/Build/Intermediates.noindex/ArchiveIntermediates/FanScores/IntermediateBuildFilesPath/UninstalledProducts/iphoneos/EXJSONUtils.framework/Headers/EXJSONUtils-umbrella.h ➜ ../../../../var/folders/q1/2sbmtgjx5bn59y9rn8g4q8q40000gn/T/eas-build-local-nodejs/f8856988-254a-4d92-a109-a73ab29a9e40/build/ios/Pods/Target/ Support/ Files/EXJSONUtils/EXJSONUtils-umbrella.h
[RUN_FASTLANE] › Copying   expo-constants ios/build/Build/Intermediates.noindex/ArchiveIntermediates/FanScores/IntermediateBuildFilesPath/UninstalledProducts/iphoneos/EXConstants.framework/Headers/EXConstantsService.h ➜ ../../../../var/folders/q1/2sbmtgjx5bn59y9rn8g4q8q40000gn/T/eas-build-local-nodejs/f8856988-254a-4d92-a109-a73ab29a9e40/build/node_modules/expo-constants/ios/EXConstantsService.h
[RUN_FASTLANE] › Copying   expo-constants ios/build/Build/Intermediates.noindex/ArchiveIntermediates/FanScores/IntermediateBuildFilesPath/UninstalledProducts/iphoneos/EXConstants.framework/Headers/EXConstantsInstallationIdProvider.h ➜ ../../../../var/folders/q1/2sbmtgjx5bn59y9rn8g4q8q40000gn/T/eas-build-local-nodejs/f8856988-254a-4d92-a109-a73ab29a9e40/build/node_modules/expo-constants/ios/EXConstantsInstallationIdProvider.h
[RUN_FASTLANE] › Copying   expo-constants ios/build/Build/Intermediates.noindex/ArchiveIntermediates/FanScores/IntermediateBuildFilesPath/UninstalledProducts/iphoneos/EXConstants.framework/Headers/EXConstants-umbrella.h ➜ ../../../../var/folders/q1/2sbmtgjx5bn59y9rn8g4q8q40000gn/T/eas-build-local-nodejs/f8856988-254a-4d92-a109-a73ab29a9e40/build/ios/Pods/Target/ Support/ Files/EXConstants/EXConstants-umbrella.h
[RUN_FASTLANE] › Copying   @react-native-firebase/firestore ios/build/Build/Intermediates.noindex/ArchiveIntermediates/FanScores/IntermediateBuildFilesPath/UninstalledProducts/iphoneos/openssl_grpc.framework/Headers/BoringSSL-GRPC-umbrella.h ➜ ../../../../var/folders/q1/2sbmtgjx5bn59y9rn8g4q8q40000gn/T/eas-build-local-nodejs/f8856988-254a-4d92-a109-a73ab29a9e40/build/ios/Pods/Target/ Support/ Files/BoringSSL-GRPC/BoringSSL-GRPC-umbrella.h
[RUN_FASTLANE] › Preparing Pods/nanopb-nanopb_Privacy » ResourceBundle-nanopb_Privacy-nanopb-Info.plist
[RUN_FASTLANE] › Preparing Pods/leveldb-library-leveldb_Privacy » ResourceBundle-leveldb_Privacy-leveldb-library-Info.plist
[RUN_FASTLANE] › Copying   ios/build/Build/Intermediates.noindex/ArchiveIntermediates/FanScores/IntermediateBuildFilesPath/UninstalledProducts/iphoneos/nanopb_Privacy.bundle/PrivacyInfo.xcprivacy ➜ ../../../../var/folders/q1/2sbmtgjx5bn59y9rn8g4q8q40000gn/T/eas-build-local-nodejs/f8856988-254a-4d92-a109-a73ab29a9e40/build/ios/Pods/nanopb/spm_resources/PrivacyInfo.xcprivacy
[RUN_FASTLANE] › Copying   ios/build/Build/Intermediates.noindex/ArchiveIntermediates/FanScores/IntermediateBuildFilesPath/UninstalledProducts/iphoneos/leveldb_Privacy.bundle/PrivacyInfo.xcprivacy ➜ ../../../../var/folders/q1/2sbmtgjx5bn59y9rn8g4q8q40000gn/T/eas-build-local-nodejs/f8856988-254a-4d92-a109-a73ab29a9e40/build/ios/Pods/leveldb-library/Resources/PrivacyInfo.xcprivacy
[RUN_FASTLANE] › Preparing Pods/gRPC-Core-grpc » ResourceBundle-grpc-gRPC-Core-Info.plist
[RUN_FASTLANE] › Copying   ios/build/Build/Intermediates.noindex/ArchiveIntermediates/FanScores/IntermediateBuildFilesPath/UninstalledProducts/iphoneos/grpc.bundle/PrivacyInfo.xcprivacy ➜ ../../../../var/folders/q1/2sbmtgjx5bn59y9rn8g4q8q40000gn/T/eas-build-local-nodejs/f8856988-254a-4d92-a109-a73ab29a9e40/build/ios/Pods/gRPC-Core/src/objective-c/PrivacyInfo.xcprivacy
[RUN_FASTLANE] › Copying   ios/build/Build/Intermediates.noindex/ArchiveIntermediates/FanScores/IntermediateBuildFilesPath/UninstalledProducts/iphoneos/grpcpp.bundle/PrivacyInfo.xcprivacy ➜ ../../../../var/folders/q1/2sbmtgjx5bn59y9rn8g4q8q40000gn/T/eas-build-local-nodejs/f8856988-254a-4d92-a109-a73ab29a9e40/build/ios/Pods/gRPC-C++/src/objective-c/PrivacyInfo.xcprivacy
[RUN_FASTLANE] › Preparing Pods/gRPC-C++-grpcpp » ResourceBundle-grpcpp-gRPC-C++-Info.plist
[RUN_FASTLANE] › Copying   ios/build/Build/Intermediates.noindex/ArchiveIntermediates/FanScores/IntermediateBuildFilesPath/UninstalledProducts/iphoneos/gRPCCertificates-Cpp.bundle/roots.pem ➜ ../../../../var/folders/q1/2sbmtgjx5bn59y9rn8g4q8q40000gn/T/eas-build-local-nodejs/f8856988-254a-4d92-a109-a73ab29a9e40/build/ios/Pods/gRPC-C++/etc/roots.pem
[RUN_FASTLANE] › Preparing Pods/abseil-xcprivacy » ResourceBundle-xcprivacy-abseil-Info.plist
[RUN_FASTLANE] › Copying   ios/build/Build/Intermediates.noindex/ArchiveIntermediates/FanScores/IntermediateBuildFilesPath/UninstalledProducts/iphoneos/xcprivacy.bundle/PrivacyInfo.xcprivacy ➜ ../../../../var/folders/q1/2sbmtgjx5bn59y9rn8g4q8q40000gn/T/eas-build-local-nodejs/f8856988-254a-4d92-a109-a73ab29a9e40/build/ios/Pods/abseil/PrivacyInfo.xcprivacy
[RUN_FASTLANE] › Preparing expo-image Pods/SDWebImage-SDWebImage » ResourceBundle-SDWebImage-SDWebImage-Info.plist
[RUN_FASTLANE] › Copying   expo-image ios/build/Build/Intermediates.noindex/ArchiveIntermediates/FanScores/IntermediateBuildFilesPath/UninstalledProducts/iphoneos/SDWebImage.bundle/PrivacyInfo.xcprivacy ➜ ../../../../var/folders/q1/2sbmtgjx5bn59y9rn8g4q8q40000gn/T/eas-build-local-nodejs/f8856988-254a-4d92-a109-a73ab29a9e40/build/ios/Pods/SDWebImage/WebImage/PrivacyInfo.xcprivacy
[RUN_FASTLANE] › Copying   ios/build/Build/Intermediates.noindex/ArchiveIntermediates/FanScores/IntermediateBuildFilesPath/UninstalledProducts/iphoneos/React-cxxreact_privacy.bundle/PrivacyInfo.xcprivacy ➜ ../../../../var/folders/q1/2sbmtgjx5bn59y9rn8g4q8q40000gn/T/eas-build-local-nodejs/f8856988-254a-4d92-a109-a73ab29a9e40/build/node_modules/react-native/ReactCommon/cxxreact/PrivacyInfo.xcprivacy
[RUN_FASTLANE] › Preparing Pods/React-Core-React-Core_privacy » ResourceBundle-React-Core_privacy-React-Core-Info.plist
[RUN_FASTLANE] › Copying   ios/build/Build/Intermediates.noindex/ArchiveIntermediates/FanScores/IntermediateBuildFilesPath/UninstalledProducts/iphoneos/React-Core_privacy.bundle/PrivacyInfo.xcprivacy ➜ ../../../../var/folders/q1/2sbmtgjx5bn59y9rn8g4q8q40000gn/T/eas-build-local-nodejs/f8856988-254a-4d92-a109-a73ab29a9e40/build/node_modules/react-native/React/Resources/PrivacyInfo.xcprivacy
[RUN_FASTLANE] › Preparing Pods/RNCAsyncStorage-RNCAsyncStorage_resources » ResourceBundle-RNCAsyncStorage_resources-RNCAsyncStorage-Info.plist
[RUN_FASTLANE] › Copying   ios/build/Build/Intermediates.noindex/ArchiveIntermediates/FanScores/IntermediateBuildFilesPath/UninstalledProducts/iphoneos/RNCAsyncStorage_resources.bundle/PrivacyInfo.xcprivacy ➜ ../../../../var/folders/q1/2sbmtgjx5bn59y9rn8g4q8q40000gn/T/eas-build-local-nodejs/f8856988-254a-4d92-a109-a73ab29a9e40/build/node_modules/@react-native-async-storage/async-storage/ios/PrivacyInfo.xcprivacy
[RUN_FASTLANE] › Preparing Pods/GoogleUtilities-GoogleUtilities_Privacy » ResourceBundle-GoogleUtilities_Privacy-GoogleUtilities-Info.plist
[RUN_FASTLANE] › Copying   ios/build/Build/Intermediates.noindex/ArchiveIntermediates/FanScores/IntermediateBuildFilesPath/UninstalledProducts/iphoneos/GoogleUtilities_Privacy.bundle/PrivacyInfo.xcprivacy ➜ ../../../../var/folders/q1/2sbmtgjx5bn59y9rn8g4q8q40000gn/T/eas-build-local-nodejs/f8856988-254a-4d92-a109-a73ab29a9e40/build/ios/Pods/GoogleUtilities/GoogleUtilities/Privacy/Resources/PrivacyInfo.xcprivacy
[RUN_FASTLANE] › Preparing Pods/GTMSessionFetcher-GTMSessionFetcher_Core_Privacy » ResourceBundle-GTMSessionFetcher_Core_Privacy-GTMSessionFetcher-Info.plist
[RUN_FASTLANE] › Copying   ios/build/Build/Intermediates.noindex/ArchiveIntermediates/FanScores/IntermediateBuildFilesPath/UninstalledProducts/iphoneos/GTMSessionFetcher_Core_Privacy.bundle/PrivacyInfo.xcprivacy ➜ ../../../../var/folders/q1/2sbmtgjx5bn59y9rn8g4q8q40000gn/T/eas-build-local-nodejs/f8856988-254a-4d92-a109-a73ab29a9e40/build/ios/Pods/GTMSessionFetcher/Sources/Core/Resources/PrivacyInfo.xcprivacy
[RUN_FASTLANE] › Preparing Pods/FirebaseFirestoreInternal-FirebaseFirestoreInternal_Privacy » ResourceBundle-FirebaseFirestoreInternal_Privacy-FirebaseFirestoreInternal-Info.plist
[RUN_FASTLANE] › Copying   ios/build/Build/Intermediates.noindex/ArchiveIntermediates/FanScores/IntermediateBuildFilesPath/UninstalledProducts/iphoneos/FirebaseFirestoreInternal_Privacy.bundle/PrivacyInfo.xcprivacy ➜ ../../../../var/folders/q1/2sbmtgjx5bn59y9rn8g4q8q40000gn/T/eas-build-local-nodejs/f8856988-254a-4d92-a109-a73ab29a9e40/build/ios/Pods/FirebaseFirestoreInternal/Firestore/Source/Resources/PrivacyInfo.xcprivacy
[RUN_FASTLANE] › Preparing Pods/FirebaseFirestore-FirebaseFirestore_Privacy » ResourceBundle-FirebaseFirestore_Privacy-FirebaseFirestore-Info.plist
[RUN_FASTLANE] › Copying   ios/build/Build/Intermediates.noindex/ArchiveIntermediates/FanScores/IntermediateBuildFilesPath/UninstalledProducts/iphoneos/FirebaseFirestore_Privacy.bundle/PrivacyInfo.xcprivacy ➜ ../../../../var/folders/q1/2sbmtgjx5bn59y9rn8g4q8q40000gn/T/eas-build-local-nodejs/f8856988-254a-4d92-a109-a73ab29a9e40/build/ios/Pods/FirebaseFirestore/Firestore/Swift/Source/Resources/PrivacyInfo.xcprivacy
[RUN_FASTLANE] › Preparing Pods/FirebaseCoreInternal-FirebaseCoreInternal_Privacy » ResourceBundle-FirebaseCoreInternal_Privacy-FirebaseCoreInternal-Info.plist
[RUN_FASTLANE] › Copying   ios/build/Build/Intermediates.noindex/ArchiveIntermediates/FanScores/IntermediateBuildFilesPath/UninstalledProducts/iphoneos/FirebaseCoreInternal_Privacy.bundle/PrivacyInfo.xcprivacy ➜ ../../../../var/folders/q1/2sbmtgjx5bn59y9rn8g4q8q40000gn/T/eas-build-local-nodejs/f8856988-254a-4d92-a109-a73ab29a9e40/build/ios/Pods/FirebaseCoreInternal/FirebaseCore/Internal/Sources/Resources/PrivacyInfo.xcprivacy
[RUN_FASTLANE] › Preparing Pods/FirebaseCoreExtension-FirebaseCoreExtension_Privacy » ResourceBundle-FirebaseCoreExtension_Privacy-FirebaseCoreExtension-Info.plist
[RUN_FASTLANE] › Copying   ios/build/Build/Intermediates.noindex/ArchiveIntermediates/FanScores/IntermediateBuildFilesPath/UninstalledProducts/iphoneos/FirebaseCoreExtension_Privacy.bundle/PrivacyInfo.xcprivacy ➜ ../../../../var/folders/q1/2sbmtgjx5bn59y9rn8g4q8q40000gn/T/eas-build-local-nodejs/f8856988-254a-4d92-a109-a73ab29a9e40/build/ios/Pods/FirebaseCoreExtension/FirebaseCore/Extension/Resources/PrivacyInfo.xcprivacy
[RUN_FASTLANE] › Preparing ResourceBundle-FirebaseCore_Privacy-FirebaseCore-Info.plist
[RUN_FASTLANE] › Copying   ios/build/Build/Intermediates.noindex/ArchiveIntermediates/FanScores/IntermediateBuildFilesPath/UninstalledProducts/iphoneos/FirebaseCore_Privacy.bundle/PrivacyInfo.xcprivacy ➜ ../../../../var/folders/q1/2sbmtgjx5bn59y9rn8g4q8q40000gn/T/eas-build-local-nodejs/f8856988-254a-4d92-a109-a73ab29a9e40/build/ios/Pods/FirebaseCore/FirebaseCore/Sources/Resources/PrivacyInfo.xcprivacy
[RUN_FASTLANE] › Preparing Pods/FirebaseAuth-FirebaseAuth_Privacy » ResourceBundle-FirebaseAuth_Privacy-FirebaseAuth-Info.plist
[RUN_FASTLANE] › Copying   ios/build/Build/Intermediates.noindex/ArchiveIntermediates/FanScores/IntermediateBuildFilesPath/UninstalledProducts/iphoneos/FirebaseAuth_Privacy.bundle/PrivacyInfo.xcprivacy ➜ ../../../../var/folders/q1/2sbmtgjx5bn59y9rn8g4q8q40000gn/T/eas-build-local-nodejs/f8856988-254a-4d92-a109-a73ab29a9e40/build/ios/Pods/FirebaseAuth/FirebaseAuth/Sources/Resources/PrivacyInfo.xcprivacy
[RUN_FASTLANE] › Preparing Pods/ExpoSystemUI-ExpoSystemUI_privacy » ResourceBundle-ExpoSystemUI_privacy-ExpoSystemUI-Info.plist
[RUN_FASTLANE] › Copying   ios/build/Build/Intermediates.noindex/ArchiveIntermediates/FanScores/IntermediateBuildFilesPath/UninstalledProducts/iphoneos/ExpoSystemUI_privacy.bundle/PrivacyInfo.xcprivacy ➜ ../../../../var/folders/q1/2sbmtgjx5bn59y9rn8g4q8q40000gn/T/eas-build-local-nodejs/f8856988-254a-4d92-a109-a73ab29a9e40/build/node_modules/expo-system-ui/ios/PrivacyInfo.xcprivacy
[RUN_FASTLANE] › Preparing Pods/ExpoFileSystem-ExpoFileSystem_privacy » ResourceBundle-ExpoFileSystem_privacy-ExpoFileSystem-Info.plist
[RUN_FASTLANE] › Copying   ios/build/Build/Intermediates.noindex/ArchiveIntermediates/FanScores/IntermediateBuildFilesPath/UninstalledProducts/iphoneos/ExpoFileSystem_privacy.bundle/PrivacyInfo.xcprivacy ➜ ../../../../var/folders/q1/2sbmtgjx5bn59y9rn8g4q8q40000gn/T/eas-build-local-nodejs/f8856988-254a-4d92-a109-a73ab29a9e40/build/node_modules/expo-file-system/ios/PrivacyInfo.xcprivacy
[RUN_FASTLANE] › Preparing Pods/ExpoDevice-ExpoDevice_privacy » ResourceBundle-ExpoDevice_privacy-ExpoDevice-Info.plist
[RUN_FASTLANE] › Copying   ios/build/Build/Intermediates.noindex/ArchiveIntermediates/FanScores/IntermediateBuildFilesPath/UninstalledProducts/iphoneos/ExpoDevice_privacy.bundle/PrivacyInfo.xcprivacy ➜ ../../../../var/folders/q1/2sbmtgjx5bn59y9rn8g4q8q40000gn/T/eas-build-local-nodejs/f8856988-254a-4d92-a109-a73ab29a9e40/build/node_modules/expo-device/ios/PrivacyInfo.xcprivacy
[RUN_FASTLANE] › Preparing Pods/EXConstants-ExpoConstants_privacy » ResourceBundle-ExpoConstants_privacy-EXConstants-Info.plist
[RUN_FASTLANE] › Copying   ios/build/Build/Intermediates.noindex/ArchiveIntermediates/FanScores/IntermediateBuildFilesPath/UninstalledProducts/iphoneos/ExpoConstants_privacy.bundle/PrivacyInfo.xcprivacy ➜ ../../../../var/folders/q1/2sbmtgjx5bn59y9rn8g4q8q40000gn/T/eas-build-local-nodejs/f8856988-254a-4d92-a109-a73ab29a9e40/build/node_modules/expo-constants/ios/PrivacyInfo.xcprivacy
[RUN_FASTLANE] › Preparing expo-constants Pods/EXConstants-EXConstants » ResourceBundle-EXConstants-EXConstants-Info.plist
[RUN_FASTLANE] › Preparing Pods/BoringSSL-GRPC-openssl_grpc » ResourceBundle-openssl_grpc-BoringSSL-GRPC-Info.plist
[RUN_FASTLANE] › Copying   ios/build/Build/Intermediates.noindex/ArchiveIntermediates/FanScores/IntermediateBuildFilesPath/UninstalledProducts/iphoneos/openssl_grpc.bundle/PrivacyInfo.xcprivacy ➜ ../../../../var/folders/q1/2sbmtgjx5bn59y9rn8g4q8q40000gn/T/eas-build-local-nodejs/f8856988-254a-4d92-a109-a73ab29a9e40/build/ios/Pods/BoringSSL-GRPC/src/PrivacyInfo.xcprivacy
[RUN_FASTLANE] › Preparing expo-image Pods/libdav1d » libdav1d-Info.plist
[RUN_FASTLANE] › Preparing expo-image Pods/libwebp » libwebp-Info.plist
[RUN_FASTLANE] › Preparing expo-dev-menu-interface Pods/expo-dev-menu-interface » expo-dev-menu-interface-Info.plist
[RUN_FASTLANE] › Preparing @react-native-firebase/auth Pods/RecaptchaInterop » RecaptchaInterop-Info.plist
[RUN_FASTLANE] › Preparing @react-native-firebase/auth Pods/FirebaseAuthInterop » FirebaseAuthInterop-Info.plist
[RUN_FASTLANE] › Preparing @react-native-firebase/auth Pods/FirebaseAppCheckInterop » FirebaseAppCheckInterop-Info.plist
[RUN_FASTLANE] › Preparing expo-json-utils Pods/EXJSONUtils » EXJSONUtils-Info.plist
[RUN_FASTLANE] › Compiling @react-native-firebase/auth Pods/RecaptchaInterop » RecaptchaInterop_vers.c
[RUN_FASTLANE] › Compiling @react-native-firebase/auth Pods/FirebaseAppCheckInterop » FirebaseAppCheckInterop_vers.c
[RUN_FASTLANE] › Compiling expo-image Pods/libwebp » yuv_sse41.c
[RUN_FASTLANE] › Compiling expo-image Pods/libwebp » yuv_sse2.c
[RUN_FASTLANE] › Compiling expo-image Pods/libwebp » yuv_mips_dsp_r2.c
[RUN_FASTLANE] › Compiling expo-image Pods/libwebp » upsampling_sse41.c
[RUN_FASTLANE] › Compiling expo-image Pods/libwebp » upsampling_sse2.c
[RUN_FASTLANE] › Compiling expo-image Pods/libwebp » upsampling_mips_dsp_r2.c
[RUN_FASTLANE] › Compiling expo-image Pods/libwebp » upsampling.c
[RUN_FASTLANE] › Compiling expo-image Pods/libwebp » ssim_sse2.c
[RUN_FASTLANE] › Compiling expo-image Pods/libwebp » sharpyuv_sse2.c
[RUN_FASTLANE] › Compiling expo-image Pods/libwebp » sharpyuv_cpu.c
[RUN_FASTLANE] › Compiling expo-image Pods/libwebp » sharpyuv_csp.c
[RUN_FASTLANE] › Compiling expo-image Pods/libwebp » sharpyuv_gamma.c
[RUN_FASTLANE] › Compiling expo-image Pods/libwebp » rescaler_sse2.c
[RUN_FASTLANE] › Compiling expo-image Pods/libwebp » rescaler_neon.c
[RUN_FASTLANE] › Compiling expo-image Pods/libwebp » upsampling_neon.c
[RUN_FASTLANE] › Compiling expo-image Pods/libwebp » upsampling_msa.c
[RUN_FASTLANE] › Compiling expo-image Pods/libwebp » tree_enc.c
[RUN_FASTLANE] › Compiling expo-image Pods/libwebp » tree_dec.c
[RUN_FASTLANE] › Compiling expo-image Pods/libwebp » syntax_enc.c
[RUN_FASTLANE] › Compiling expo-image Pods/libwebp » rescaler_mips_dsp_r2.c
[RUN_FASTLANE] › Compiling expo-image Pods/libwebp » yuv_neon.c
[RUN_FASTLANE] › Compiling expo-image Pods/libwebp » yuv.c
[RUN_FASTLANE] › Compiling expo-image Pods/libwebp » webp_enc.c
[RUN_FASTLANE] › Compiling expo-image Pods/libwebp » webp_dec.c
[RUN_FASTLANE] › Compiling expo-image Pods/libwebp » vp8l_enc.c
[RUN_FASTLANE] › Compiling expo-image Pods/libwebp » vp8l_dec.c
[RUN_FASTLANE] › Compiling expo-image Pods/libwebp » vp8_dec.c
[RUN_FASTLANE] › Compiling expo-image Pods/libwebp » utils.c
[RUN_FASTLANE] › Compiling expo-image Pods/libwebp » token_enc.c
[RUN_FASTLANE] › Compiling expo-image Pods/libwebp » ssim.c
[RUN_FASTLANE] › Compiling expo-image Pods/libwebp » sharpyuv_neon.c
[RUN_FASTLANE] › Compiling expo-image Pods/libwebp » sharpyuv_dsp.c
[RUN_FASTLANE] › Compiling expo-image Pods/libwebp » sharpyuv.c
[RUN_FASTLANE] › Compiling expo-image Pods/libwebp » rescaler_utils.c
[RUN_FASTLANE] › Compiling expo-image Pods/libwebp » rescaler.c
[RUN_FASTLANE] › Compiling expo-image Pods/libwebp » random_utils.c
[RUN_FASTLANE] › Compiling expo-image Pods/libwebp » quant_levels_utils.c
[RUN_FASTLANE] › Compiling expo-image Pods/libwebp » quant_levels_dec_utils.c
[RUN_FASTLANE] › Compiling expo-image Pods/libwebp » quant_enc.c
[RUN_FASTLANE] › Compiling expo-image Pods/libwebp » quant_dec.c
[RUN_FASTLANE] › Compiling expo-image Pods/libwebp » predictor_enc.c
[RUN_FASTLANE] › Compiling expo-image Pods/libwebp » picture_tools_enc.c
[RUN_FASTLANE] › Compiling expo-image Pods/libwebp » picture_rescale_enc.c
[RUN_FASTLANE] › Compiling expo-image Pods/libwebp » picture_psnr_enc.c
[RUN_FASTLANE] › Compiling expo-image Pods/libwebp » picture_enc.c
[RUN_FASTLANE] › Compiling expo-image Pods/libwebp » palette.c
[RUN_FASTLANE] › Compiling expo-image Pods/libwebp » near_lossless_enc.c
[RUN_FASTLANE] › Compiling expo-image Pods/libwebp » muxinternal.c
[RUN_FASTLANE] › Compiling expo-image Pods/libwebp » muxedit.c
[RUN_FASTLANE] › Compiling expo-image Pods/libwebp » lossless_sse41.c
[RUN_FASTLANE] › Compiling expo-image Pods/libwebp » lossless_sse2.c
[RUN_FASTLANE] › Compiling expo-image Pods/libwebp » lossless_neon.c
[RUN_FASTLANE] › Compiling expo-image Pods/libwebp » lossless_mips_dsp_r2.c
[RUN_FASTLANE] › Compiling expo-image Pods/libwebp » lossless_enc_sse41.c
[RUN_FASTLANE] › Compiling expo-image Pods/libwebp » lossless_enc_sse2.c
[RUN_FASTLANE] › Compiling expo-image Pods/libwebp » lossless_enc_neon.c
[RUN_FASTLANE] › Compiling expo-image Pods/libwebp » lossless_enc_msa.c
[RUN_FASTLANE] › Compiling expo-image Pods/libwebp » lossless_enc_mips_dsp_r2.c
[RUN_FASTLANE] › Compiling expo-image Pods/libwebp » lossless_enc_mips32.c
[RUN_FASTLANE] › Compiling expo-image Pods/libwebp » lossless.c
[RUN_FASTLANE] › Compiling expo-image Pods/libwebp » libwebp_vers.c
[RUN_FASTLANE] › Compiling expo-image Pods/libwebp » iterator_enc.c
[RUN_FASTLANE] › Compiling expo-image Pods/libwebp » io_dec.c
[RUN_FASTLANE] › Compiling expo-image Pods/libwebp » idec_dec.c
[RUN_FASTLANE] › Compiling huffman_utils.c
[RUN_FASTLANE] › Compiling expo-image Pods/libwebp » huffman_encode_utils.c
[RUN_FASTLANE] › Compiling expo-image Pods/libwebp » histogram_enc.c
[RUN_FASTLANE] › Compiling @react-native-firebase/auth Pods/RecaptchaInterop » placeholder.m
[RUN_FASTLANE] › Compiling @react-native-firebase/auth Pods/FirebaseAuthInterop » dummy.m
[RUN_FASTLANE] › Compiling @react-native-firebase/auth Pods/FirebaseAppCheckInterop » dummy.m
[RUN_FASTLANE] › Compiling expo-image Pods/libwebp » frame_enc.c
[RUN_FASTLANE] › Compiling expo-image Pods/libwebp » frame_dec.c
[RUN_FASTLANE] › Compiling expo-image Pods/libwebp » filters_utils.c
[RUN_FASTLANE] › Compiling expo-image Pods/libwebp » filters_sse2.c
[RUN_FASTLANE] › Compiling expo-image Pods/libwebp » filters_neon.c
[RUN_FASTLANE] › Compiling expo-image Pods/libwebp » filters_msa.c
[RUN_FASTLANE] › Compiling expo-image Pods/libwebp » filters_mips_dsp_r2.c
[RUN_FASTLANE] › Compiling expo-image Pods/libwebp » filters.c
[RUN_FASTLANE] › Compiling expo-image Pods/libwebp » filter_enc.c
[RUN_FASTLANE] › Compiling expo-image Pods/libwebp » enc_sse41.c
[RUN_FASTLANE] › Compiling expo-image Pods/libwebp » enc_sse2.c
[RUN_FASTLANE] › Compiling expo-image Pods/libwebp » enc_neon.c
[RUN_FASTLANE] › Compiling expo-image Pods/libwebp » enc_msa.c
[RUN_FASTLANE] › Compiling expo-image Pods/libwebp » enc_mips_dsp_r2.c
[RUN_FASTLANE] › Compiling expo-image Pods/libwebp » enc_mips32.c
[RUN_FASTLANE] › Compiling expo-image Pods/libwebp » enc.c
[RUN_FASTLANE] › Compiling expo-image Pods/libwebp » demux.c
[RUN_FASTLANE] › Compiling expo-image Pods/libwebp » dec_sse41.c
[RUN_FASTLANE] › Compiling expo-image Pods/libwebp » dec_sse2.c
[RUN_FASTLANE] › Compiling expo-image Pods/libwebp » dec_neon.c
[RUN_FASTLANE] › Compiling expo-image Pods/libwebp » dec_msa.c
[RUN_FASTLANE] › Compiling expo-image Pods/libwebp » dec_mips_dsp_r2.c
[RUN_FASTLANE] › Compiling expo-image Pods/libwebp » dec_mips32.c
[RUN_FASTLANE] › Compiling expo-image Pods/libwebp » dec_clip_tables.c
[RUN_FASTLANE] › Compiling expo-image Pods/libwebp » dec.c
[RUN_FASTLANE] › Compiling expo-image Pods/libwebp » cpu.c
[RUN_FASTLANE] › Compiling expo-image Pods/libwebp » cost_sse2.c
[RUN_FASTLANE] › Compiling expo-image Pods/libwebp » cost_neon.c
[RUN_FASTLANE] › Compiling expo-image Pods/libwebp » cost_mips_dsp_r2.c
[RUN_FASTLANE] › Compiling cost_mips32.c
[RUN_FASTLANE] › Compiling expo-image Pods/libwebp » cost_enc.c
[RUN_FASTLANE] › Compiling expo-image Pods/libwebp » cost.c
[RUN_FASTLANE] › Compiling expo-image Pods/libwebp » config_enc.c
[RUN_FASTLANE] › Compiling expo-image Pods/libwebp » color_cache_utils.c
[RUN_FASTLANE] › Compiling expo-image Pods/libwebp » buffer_dec.c
[RUN_FASTLANE] › Compiling expo-image Pods/libwebp » bit_writer_utils.c
[RUN_FASTLANE] › Compiling expo-image Pods/libwebp » bit_reader_utils.c
[RUN_FASTLANE] › Compiling expo-image Pods/libwebp » backward_references_enc.c
[RUN_FASTLANE] › Compiling expo-image Pods/libwebp » backward_references_cost_enc.c
[RUN_FASTLANE] › Compiling expo-image Pods/libwebp » anim_decode.c
[RUN_FASTLANE] › Compiling expo-image Pods/libwebp » analysis_enc.c
[RUN_FASTLANE] › Compiling alpha_processing_sse41.c
[RUN_FASTLANE] › Compiling expo-image Pods/libwebp » alpha_processing_sse2.c
[RUN_FASTLANE] › Compiling expo-image Pods/libwebp » anim_encode.c
[RUN_FASTLANE] › Compiling expo-image Pods/libwebp » alpha_processing_neon.c
[RUN_FASTLANE] › Compiling expo-image Pods/libwebp » alpha_processing_mips_dsp_r2.c
[RUN_FASTLANE] › Compiling expo-image Pods/libwebp » alpha_processing.c
[RUN_FASTLANE] › Compiling expo-image Pods/libwebp » alpha_enc.c
[RUN_FASTLANE] › Compiling expo-image Pods/libwebp » alpha_dec.c
[RUN_FASTLANE] › Compiling expo-image Pods/libdav1d » libdav1d_vers.c
[RUN_FASTLANE] › Compiling expo-image Pods/libdav1d » cpu.c
[RUN_FASTLANE] › Compiling expo-image Pods/libdav1d » tables.c
[RUN_FASTLANE] › Compiling expo-image Pods/libdav1d » scan.c
[RUN_FASTLANE] › Compiling expo-image Pods/libdav1d » itx_1d.c
[RUN_FASTLANE] › Compiling expo-image Pods/libdav1d » wedge.c
[RUN_FASTLANE] › Compiling expo-image Pods/libdav1d » qm.c
[RUN_FASTLANE] › Compiling expo-image Pods/libdav1d » lf_mask.c
[RUN_FASTLANE] › Compiling itx_tmpl_16.c
[RUN_FASTLANE] › Compiling expo-image Pods/libdav1d » itx_tmpl.c
[RUN_FASTLANE] › Compiling expo-image Pods/libdav1d » getbits.c
[RUN_FASTLANE] › Compiling expo-image Pods/libdav1d » filmgrain_tmpl_16.c
[RUN_FASTLANE] › Compiling expo-image Pods/libdav1d » filmgrain_tmpl.c
[RUN_FASTLANE] › Compiling expo-image Pods/libdav1d » dequant_tables.c
[RUN_FASTLANE] › Compiling expo-image Pods/libdav1d » libdav1d-dummy.m
[RUN_FASTLANE] › Preparing Pods/expo-dev-menu-EXDevMenu » ResourceBundle-EXDevMenu-expo-dev-menu-Info.plist
[RUN_FASTLANE] › Preparing Pods/expo-dev-launcher-EXDevLauncher » ResourceBundle-EXDevLauncher-expo-dev-launcher-Info.plist
[RUN_FASTLANE] › Compiling @react-native-firebase/auth Pods/FirebaseAuthInterop » FirebaseAuthInterop_vers.c
[RUN_FASTLANE] › Compiling expo-json-utils Pods/EXJSONUtils » EXJSONUtils_vers.c
[RUN_FASTLANE] › Compiling @react-native-firebase/auth Pods/FirebaseAuthInterop » FirebaseAuthInterop-dummy.m
[RUN_FASTLANE] › Compiling @react-native-firebase/auth Pods/FirebaseAppCheckInterop » FirebaseAppCheckInterop-dummy.m
[RUN_FASTLANE] › Compiling expo-image Pods/libdav1d » warpmv.c
[RUN_FASTLANE] › Compiling @react-native-firebase/firestore Pods/nanopb » nanopb_vers.c
[RUN_FASTLANE] › Compiling expo-image Pods/libdav1d » thread_task.c
[RUN_FASTLANE] › Compiling expo-image Pods/libdav1d » refmvs.c
[RUN_FASTLANE] › Compiling expo-image Pods/libdav1d » ref.c
[RUN_FASTLANE] › Compiling expo-image Pods/libdav1d » recon_tmpl_16.c
[RUN_FASTLANE] › Compiling expo-image Pods/libdav1d » recon_tmpl.c
[RUN_FASTLANE] › Compiling expo-image Pods/libdav1d » picture.c
[RUN_FASTLANE] › Compiling expo-image Pods/libdav1d » obu.c
[RUN_FASTLANE] › Compiling expo-image Pods/libdav1d » msac.c
[RUN_FASTLANE] › Compiling expo-image Pods/libdav1d » mc_tmpl_16.c
[RUN_FASTLANE] › Compiling expo-image Pods/libdav1d » mc_tmpl.c
[RUN_FASTLANE] › Compiling expo-image Pods/libdav1d » lr_apply_tmpl.c
[RUN_FASTLANE] › Compiling expo-image Pods/libdav1d » looprestoration_tmpl_16.c
[RUN_FASTLANE] › Compiling expo-image Pods/libdav1d » looprestoration_tmpl.c
[RUN_FASTLANE] › Compiling expo-image Pods/libdav1d » loopfilter_tmpl_16.c
[RUN_FASTLANE] › Compiling expo-image Pods/libdav1d » loopfilter_tmpl.c
[RUN_FASTLANE] › Compiling expo-image Pods/libdav1d » log.c
[RUN_FASTLANE] › Compiling expo-image Pods/libdav1d » lib.c
[RUN_FASTLANE] › Compiling expo-image Pods/libdav1d » lf_apply_tmpl_16.c
[RUN_FASTLANE] › Compiling expo-image Pods/libdav1d » lf_apply_tmpl.c
[RUN_FASTLANE] › Compiling expo-image Pods/libdav1d » ipred_tmpl_16.c
[RUN_FASTLANE] › Compiling expo-image Pods/libdav1d » ipred_tmpl.c
[RUN_FASTLANE] › Compiling expo-image Pods/libdav1d » ipred_prepare_tmpl_16.c
[RUN_FASTLANE] › Compiling expo-image Pods/libdav1d » ipred_prepare_tmpl.c
[RUN_FASTLANE] › Compiling expo-image Pods/libdav1d » intra_edge.c
[RUN_FASTLANE] › Compiling expo-image Pods/libdav1d » fg_apply_tmpl_16.c
[RUN_FASTLANE] › Compiling expo-image Pods/libdav1d » fg_apply_tmpl.c
[RUN_FASTLANE] › Compiling expo-image Pods/libdav1d » decode.c
[RUN_FASTLANE] › Compiling expo-image Pods/libdav1d » data.c
[RUN_FASTLANE] › Compiling expo-image Pods/libdav1d » cdf.c
[RUN_FASTLANE] › Compiling expo-image Pods/libdav1d » cdef_tmpl_16.c
[RUN_FASTLANE] › Compiling expo-image Pods/libdav1d » cdef_tmpl.c
[RUN_FASTLANE] › Compiling expo-image Pods/libdav1d » cdef_apply_tmpl.c
[RUN_FASTLANE] › Compiling expo-image Pods/libdav1d » cpu.c
[RUN_FASTLANE] › Compiling Pods/libavif » libavif_vers.c
[RUN_FASTLANE] › Compiling @react-native-firebase/firestore Pods/nanopb » pb_encode.c
[RUN_FASTLANE] › Compiling @react-native-firebase/firestore Pods/nanopb » pb_decode.c
[RUN_FASTLANE] › Compiling @react-native-firebase/firestore Pods/nanopb » pb_common.c
[RUN_FASTLANE] › Compiling Pods/libavif » scale.c
[RUN_FASTLANE] › Compiling Pods/libavif » reformat_libyuv.c
[RUN_FASTLANE] › Compiling Pods/libavif » reformat_libsharpyuv.c
[RUN_FASTLANE] › Compiling Pods/libavif » write.c
[RUN_FASTLANE] › Compiling Pods/libavif » utils.c
[RUN_FASTLANE] › Compiling Pods/libavif » rawdata.c
[RUN_FASTLANE] › Compiling Pods/libavif » obu.c
[RUN_FASTLANE] › Compiling Pods/libavif » exif.c
[RUN_FASTLANE] › Compiling Pods/libavif » read.c
[RUN_FASTLANE] › Compiling Pods/libavif » io.c
[RUN_FASTLANE] › Compiling Pods/libavif » diag.c
[RUN_FASTLANE] › Compiling Pods/libavif » colr.c
[RUN_FASTLANE] › Compiling Pods/libavif » codec_dav1d.c
[RUN_FASTLANE] › Compiling Pods/libavif » avif.c
[RUN_FASTLANE] › Compiling Pods/libavif » alpha.c
[RUN_FASTLANE] › Compiling Pods/libavif » reformat.c
[RUN_FASTLANE] › Executing react-native Pods/hermes-engine » [CP] Copy XCFrameworks
[RUN_FASTLANE] › Executing react-native Pods/ReactNativeDependencies » [CP] Copy XCFrameworks
[RUN_FASTLANE] › Compiling Pods/libavif » stream.c
[RUN_FASTLANE] › Compiling Pods/libavif » mem.c
[RUN_FASTLANE] › Compiling @react-native-firebase/firestore Pods/leveldb-library » write_batch.cc
[RUN_FASTLANE] › Compiling @react-native-firebase/firestore Pods/leveldb-library » version_set.cc
[RUN_FASTLANE] › Compiling @react-native-firebase/firestore Pods/leveldb-library » version_edit.cc
[RUN_FASTLANE] › Compiling @react-native-firebase/firestore Pods/leveldb-library » two_level_iterator.cc
[RUN_FASTLANE] › Compiling @react-native-firebase/firestore Pods/leveldb-library » table_cache.cc
[RUN_FASTLANE] › Compiling @react-native-firebase/firestore Pods/leveldb-library » table_builder.cc
[RUN_FASTLANE] › Compiling @react-native-firebase/firestore Pods/leveldb-library » table.cc
[RUN_FASTLANE] › Compiling @react-native-firebase/firestore Pods/leveldb-library » status.cc
[RUN_FASTLANE] › Compiling @react-native-firebase/firestore Pods/leveldb-library » repair.cc
[RUN_FASTLANE] › Compiling @react-native-firebase/firestore Pods/leveldb-library » merger.cc
[RUN_FASTLANE] › Compiling @react-native-firebase/firestore Pods/leveldb-library » memtable.cc
[RUN_FASTLANE] › Compiling @react-native-firebase/firestore Pods/leveldb-library » logging.cc
[RUN_FASTLANE] › Compiling @react-native-firebase/firestore Pods/leveldb-library » log_writer.cc
[RUN_FASTLANE] › Compiling @react-native-firebase/firestore Pods/leveldb-library » log_reader.cc
[RUN_FASTLANE] › Compiling @react-native-firebase/firestore Pods/leveldb-library » iterator.cc
[RUN_FASTLANE] › Compiling @react-native-firebase/firestore Pods/leveldb-library » hash.cc
[RUN_FASTLANE] › Compiling @react-native-firebase/firestore Pods/leveldb-library » format.cc
[RUN_FASTLANE] › Compiling @react-native-firebase/firestore Pods/leveldb-library » filter_policy.cc
[RUN_FASTLANE] › Compiling @react-native-firebase/firestore Pods/leveldb-library » filter_block.cc
[RUN_FASTLANE] › Compiling @react-native-firebase/firestore Pods/leveldb-library » filename.cc
[RUN_FASTLANE] › Compiling @react-native-firebase/firestore Pods/leveldb-library » env_posix.cc
[RUN_FASTLANE] › Compiling @react-native-firebase/firestore Pods/leveldb-library » env.cc
[RUN_FASTLANE] › Compiling @react-native-firebase/firestore Pods/leveldb-library » dumpfile.cc
[RUN_FASTLANE] › Compiling @react-native-firebase/firestore Pods/leveldb-library » dbformat.cc
[RUN_FASTLANE] › Compiling @react-native-firebase/firestore Pods/leveldb-library » db_iter.cc
[RUN_FASTLANE] › Compiling @react-native-firebase/firestore Pods/leveldb-library » db_impl.cc
[RUN_FASTLANE] › Compiling @react-native-firebase/firestore Pods/leveldb-library » crc32c.cc
[RUN_FASTLANE] › Compiling @react-native-firebase/firestore Pods/leveldb-library » comparator.cc
[RUN_FASTLANE] › Compiling @react-native-firebase/firestore Pods/leveldb-library » coding.cc
[RUN_FASTLANE] › Compiling @react-native-firebase/firestore Pods/leveldb-library » cache.cc
[RUN_FASTLANE] › Compiling @react-native-firebase/firestore Pods/leveldb-library » c.cc
[RUN_FASTLANE] › Compiling @react-native-firebase/firestore Pods/leveldb-library » builder.cc
[RUN_FASTLANE] › Compiling @react-native-firebase/firestore Pods/leveldb-library » bloom.cc
[RUN_FASTLANE] › Compiling @react-native-firebase/firestore Pods/leveldb-library » block.cc
[RUN_FASTLANE] › Compiling @react-native-firebase/firestore Pods/leveldb-library » arena.cc
[RUN_FASTLANE] › Compiling @react-native-firebase/firestore Pods/leveldb-library » leveldb_vers.c
[RUN_FASTLANE] › Compiling expo-dev-menu-interface Pods/expo-dev-menu-interface » EXDevMenuInterface_vers.c
[RUN_FASTLANE] › Compiling expo-image Pods/SDWebImage » UIView+WebCacheState.m
[RUN_FASTLANE] › Compiling expo-image Pods/SDWebImage » UIView+WebCacheOperation.m
[RUN_FASTLANE] › Compiling expo-image Pods/SDWebImage » UIImageView+WebCache.m
[RUN_FASTLANE] › Compiling expo-image Pods/SDWebImage » UIImage+MultiFormat.m
[RUN_FASTLANE] › Compiling expo-image Pods/SDWebImage » UIView+WebCache.m
[RUN_FASTLANE] › Compiling expo-image Pods/SDWebImage » UIImageView+HighlightedWebCache.m
[RUN_FASTLANE] › Compiling expo-image Pods/SDWebImage » UIImage+Metadata.m
[RUN_FASTLANE] › Compiling expo-image Pods/SDWebImage » UIImage+MemoryCacheCost.m
[RUN_FASTLANE] › Compiling expo-image Pods/SDWebImage » UIImage+ForceDecode.m
[RUN_FASTLANE] › Compiling expo-dev-menu-interface Pods/expo-dev-menu-interface » expo-dev-menu-interface-dummy.m
[RUN_FASTLANE] › Compiling expo-json-utils Pods/EXJSONUtils » EXJSONUtils-dummy.m
[RUN_FASTLANE] › Compiling UIImage+ExtendedCacheData.m
[RUN_FASTLANE] › Compiling expo-image Pods/SDWebImage » UIColor+SDHexString.m
[RUN_FASTLANE] › Compiling expo-image Pods/SDWebImage » UIButton+WebCache.m
[RUN_FASTLANE] › Compiling expo-image Pods/SDWebImage » SDWebImage_vers.c
[RUN_FASTLANE] › Compiling expo-image Pods/SDWebImage » UIImage+Transform.m
[RUN_FASTLANE] › Compiling expo-image Pods/SDWebImage » SDWebImageTransition.m
[RUN_FASTLANE] › Compiling expo-image Pods/SDWebImage » SDWebImageOptionsProcessor.m
[RUN_FASTLANE] › Compiling expo-image Pods/SDWebImage » SDWebImageOperation.m
[RUN_FASTLANE] › Compiling expo-image Pods/SDWebImage » SDWebImageManager.m
[RUN_FASTLANE] › Compiling expo-image Pods/SDWebImage » SDWebImageIndicator.m
[RUN_FASTLANE] › Compiling expo-image Pods/SDWebImage » SDWebImageError.m
[RUN_FASTLANE] › Compiling expo-image Pods/SDWebImage » SDWebImageDownloaderResponseModifier.m
[RUN_FASTLANE] › Compiling expo-image Pods/SDWebImage » SDWebImageDownloaderRequestModifier.m
[RUN_FASTLANE] › Compiling expo-image Pods/SDWebImage » SDWebImageDownloaderOperation.m
[RUN_FASTLANE] › Compiling expo-image Pods/SDWebImage » SDWebImageDownloaderDecryptor.m
[RUN_FASTLANE] › Compiling SDWebImageDownloaderConfig.m
[RUN_FASTLANE] › Compiling expo-image Pods/SDWebImage » SDWebImageDownloader.m
[RUN_FASTLANE] › Compiling expo-image Pods/SDWebImage » SDWebImageDefine.m
[RUN_FASTLANE] › Compiling expo-image Pods/SDWebImage » SDWebImageCacheSerializer.m
[RUN_FASTLANE] › Compiling expo-image Pods/SDWebImage » SDWebImageCompat.m
[RUN_FASTLANE] › Compiling expo-image Pods/SDWebImage » SDWebImageCacheKeyFilter.m
[RUN_FASTLANE] › Compiling expo-image Pods/SDWebImage » SDWebImage-dummy.m
[RUN_FASTLANE] › Compiling expo-image Pods/SDWebImage » SDWeakProxy.m
[RUN_FASTLANE] › Compiling expo-image Pods/SDWebImage » SDMemoryCache.m
[RUN_FASTLANE] › Compiling expo-image Pods/SDWebImage » SDInternalMacros.m
[RUN_FASTLANE] › Compiling expo-image Pods/SDWebImage » SDImageTransformer.m
[RUN_FASTLANE] › Compiling expo-image Pods/SDWebImage » SDImageLoadersManager.m
[RUN_FASTLANE] › Compiling @react-native-firebase/firestore Pods/nanopb » nanopb-dummy.m
[RUN_FASTLANE] › Compiling expo-image Pods/SDWebImage » SDImageLoader.m
[RUN_FASTLANE] › Compiling expo-image Pods/SDWebImage » SDImageHEICCoder.m
[RUN_FASTLANE] › Compiling expo-image Pods/SDWebImage » SDImageGraphics.m
[RUN_FASTLANE] › Compiling expo-image Pods/SDWebImage » SDImageFramePool.m
[RUN_FASTLANE] › Compiling expo-image Pods/SDWebImage » SDImageIOCoder.m
[RUN_FASTLANE] › Compiling expo-image Pods/SDWebImage » SDImageIOAnimatedCoder.m
[RUN_FASTLANE] › Compiling expo-image Pods/SDWebImage » SDImageFrame.m
[RUN_FASTLANE] › Compiling Pods/libavif » libavif-dummy.m
[RUN_FASTLANE] › Compiling expo-image Pods/SDWebImage » SDImageCodersManager.m
[RUN_FASTLANE] › Compiling expo-image Pods/SDWebImage » SDImageCoderHelper.m
[RUN_FASTLANE] › Compiling expo-image Pods/SDWebImage » SDImageCachesManagerOperation.m
[RUN_FASTLANE] › Compiling expo-image Pods/SDWebImage » SDImageCoder.m
[RUN_FASTLANE] › Compiling expo-image Pods/SDWebImage » SDImageCachesManager.m
[RUN_FASTLANE] › Compiling expo-image Pods/SDWebImage » SDImageCacheDefine.m
[RUN_FASTLANE] › Compiling expo-image Pods/SDWebImage » SDImageCache.m
[RUN_FASTLANE] › Compiling expo-image Pods/SDWebImage » SDImageCacheConfig.m
[RUN_FASTLANE] › Compiling expo-image Pods/SDWebImage » SDImageAssetManager.m
[RUN_FASTLANE] › Compiling expo-image Pods/SDWebImage » SDImageAWebPCoder.m
[RUN_FASTLANE] › Compiling expo-image Pods/SDWebImage » SDImageAPNGCoder.m
[RUN_FASTLANE] › Compiling expo-image Pods/SDWebImage » SDGraphicsImageRenderer.m
[RUN_FASTLANE] › Compiling expo-image Pods/SDWebImage » SDFileAttributeHelper.m
[RUN_FASTLANE] › Compiling expo-image Pods/SDWebImage » SDDisplayLink.m
[RUN_FASTLANE] › Compiling expo-image Pods/SDWebImage » SDDeviceHelper.m
[RUN_FASTLANE] › Compiling expo-image Pods/SDWebImage » SDAssociatedObject.m
[RUN_FASTLANE] › Compiling expo-image Pods/SDWebImage » SDAsyncBlockOperation.m
[RUN_FASTLANE] › Compiling expo-image Pods/SDWebImage » SDCallbackQueue.m
[RUN_FASTLANE] › Compiling expo-image Pods/SDWebImage » SDDiskCache.m
[RUN_FASTLANE] › Compiling expo-image Pods/SDWebImage » SDAnimatedImageView.m
[RUN_FASTLANE] › Compiling expo-image Pods/SDWebImage » SDAnimatedImageView+WebCache.m
[RUN_FASTLANE] › Compiling expo-image Pods/SDWebImage » SDAnimatedImagePlayer.m
[RUN_FASTLANE] › Compiling expo-image Pods/SDWebImage » SDAnimatedImage.m
[RUN_FASTLANE] › Compiling expo-image Pods/SDWebImage » NSImage+Compatibility.m
[RUN_FASTLANE] › Compiling expo-image Pods/SDWebImage » NSData+ImageContentType.m
[RUN_FASTLANE] › Compiling expo-image Pods/SDWebImage » NSButton+WebCache.m
[RUN_FASTLANE] › Compiling Pods/GoogleUtilities » GoogleUtilities_vers.c
[RUN_FASTLANE] › Compiling @react-native-firebase/firestore Pods/leveldb-library » leveldb-library-dummy.m
[RUN_FASTLANE] › Compiling Pods/GTMSessionFetcher » GTMSessionFetcher_vers.c
[RUN_FASTLANE] › Compiling @react-native-firebase/firestore Pods/FirebaseSharedSwift » FirebaseSharedSwift_vers.c
[RUN_FASTLANE] › Compiling Pods/GTMSessionFetcher » GTMSessionFetcher-dummy.m
[RUN_FASTLANE] › Compiling @react-native-firebase/firestore Pods/FirebaseSharedSwift » FirebaseSharedSwift-dummy.m
[RUN_FASTLANE] › Compiling Pods/GTMSessionFetcher » GTMSessionUploadFetcher.m
[RUN_FASTLANE] › Executing react-native Pods/React-Core-prebuilt » [CP-User] [RNCore] Replace React Native Core for the right configuration, if needed
[RUN_FASTLANE] › Compiling Pods/GTMSessionFetcher » GTMSessionFetcherLogging.m
[RUN_FASTLANE] › Compiling Pods/GTMSessionFetcher » GTMSessionFetcherService.m
[RUN_FASTLANE] › Creating  Pods/nanopb-nanopb_Privacy » nanopb_Privacy.bundle
[RUN_FASTLANE] › Compiling Pods/GTMSessionFetcher » GTMSessionFetcher.m
[RUN_FASTLANE] › Creating  expo-image Pods/libwebp » libwebp.framework
[RUN_FASTLANE] › Preparing nanopb-Info.plist
[RUN_FASTLANE] › Creating  Pods/leveldb-library-leveldb_Privacy » leveldb_Privacy.bundle
[RUN_FASTLANE] › Preparing @react-native-firebase/firestore Pods/leveldb-library » leveldb-library-Info.plist
[RUN_FASTLANE] › Creating  Pods/gRPC-Core-grpc » grpc.bundle
[RUN_FASTLANE] › Creating  Pods/gRPC-C++-grpcpp » grpcpp.bundle
[RUN_FASTLANE] › Creating  ArchiveIn
[RUN_FASTLANE] › Creating  Pods/gRPC-C++-gRPCCertificates-Cpp » gRPCCertificates-Cpp.bundle
[RUN_FASTLANE] › Compiling expo-image Pods/SDWebImageWebPCoder » SDWebImageWebPCoder_vers.c
[RUN_FASTLANE] › Compiling expo-image Pods/SDWebImageSVGCoder » SDWebImageSVGCoder_vers.c
[RUN_FASTLANE] › Preparing Pods/libavif » libavif-Info.plist
[RUN_FASTLANE] › Compiling expo-image Pods/SDWebImageSVGCoder » SDWebImageSVGCoder-dummy.m
[RUN_FASTLANE] ▸ ** ARCHIVE FAILED **
[RUN_FASTLANE] ▸ The following build commands failed:
[RUN_FASTLANE] ▸ 	PhaseScriptExecution [CP-User]\ Build\ ExpoModulesJSI\ xcframework /var/folders/q1/2sbmtgjx5bn59y9rn8g4q8q40000gn/T/eas-build-local-nodejs/f8856988-254a-4d92-a109-a73ab29a9e40/build/ios/build/Build/Intermediates.noindex/ArchiveIntermediates/FanScores/IntermediateBuildFilesPath/Pods.build/Release-iphoneos/ExpoModulesJSI.build/Script-46EB2E000642E0.sh (in target 'ExpoModulesJSI' from project 'Pods')
[RUN_FASTLANE] › Compiling expo-image Pods/SDWebImageSVGCoder » SDImageSVGCoder.m
[RUN_FASTLANE] › Compiling Pods/GoogleUtilities » GoogleUtilities-dummy.m
[RUN_FASTLANE] › Compiling Pods/GoogleUtilities » GULReachabilityChecker.m
[RUN_FASTLANE] › Compiling Pods/GoogleUtilities » GULNetworkURLSession.m
[RUN_FASTLANE] › Compiling Pods/GoogleUtilities » GULNetworkConstants.m
[RUN_FASTLANE] › Compiling Pods/GoogleUtilities » GULNetwork.m
[RUN_FASTLANE] › Compiling Pods/GoogleUtilities » GULNSData+zlib.m
[RUN_FASTLANE] › Compiling Pods/GoogleUtilities » GULMutableDictionary.m
[RUN_FASTLANE] › Compiling Pods/GoogleUtilities » GULLogger.m
[RUN_FASTLANE] › Compiling Pods/GoogleUtilities » GULKeychainUtils.m
[RUN_FASTLANE] › Compiling Pods/GoogleUtilities » GULKeychainStorage.m
[RUN_FASTLANE] › Creating  Pods/abseil-xcprivacy » xcprivacy.bundle
[RUN_FASTLANE] ▸ 	Archiving workspace FanScores with scheme FanScores
[RUN_FASTLANE] ▸ (2 failures)
[RUN_FASTLANE] › Creating  @react-native-firebase/firestore Pods/nanopb » nanopb.framework
[RUN_FASTLANE] › Compiling expo-image Pods/SDWebImageAVIFCoder » SDWebImageAVIFCoder_vers.c
[RUN_FASTLANE] › Creating  expo-dev-menu-interface Pods/expo-dev-menu-interface » EXDevMenuInterface.framework
[RUN_FASTLANE] › Creating  Pods/expo-dev-menu-EXDevMenu » EXDevMenu.bundle
[RUN_FASTLANE] › Creating  Pods/libavif » libavif.framework
[RUN_FASTLANE] › Creating  @react-native-firebase/firestore Pods/leveldb-library » leveldb.framework
[RUN_FASTLANE] › Creating  Pods/expo-dev-launcher-EXDevLauncher » EXDevLauncher.bundle
[RUN_FASTLANE] › Executing react-native Pods/React-Core-prebuilt » [CP] Copy XCFrameworks
[RUN_FASTLANE] › Preparing Pods/abseil » abseil-Info.plist
[RUN_FASTLANE] › Creating  expo-image Pods/SDWebImage-SDWebImage » SDWebImage.bundle
[RUN_FASTLANE] › Creating  Pods/React-cxxreact-React-cxxreact_privacy » React-cxxreact_privacy.bundle
[RUN_FASTLANE] › Creating  @react-native-firebase/auth Pods/RecaptchaInterop » RecaptchaInterop.framework
[RUN_FASTLANE] › Creating  Pods/React-Core-React-Core_privacy » React-Core_privacy.bundle
[RUN_FASTLANE] › Preparing expo-image Pods/SDWebImage » SDWebImage-Info.plist
[RUN_FASTLANE] › Creating  Pods/RNCAsyncStorage-RNCAsyncStorage_resources » RNCAsyncStorage_resources.bundle
[RUN_FASTLANE] › Creating  Pods/GoogleUtilities-GoogleUtilities_Privacy » GoogleUtilities_Privacy.bundle
[RUN_FASTLANE] › Preparing Pods/GoogleUtilities » GoogleUtilities-Info.plist
[RUN_FASTLANE] › Creating  Pods/GTMSessionFetcher-GTMSessionFetcher_Core_Privacy » GTMSessionFetcher_Core_Privacy.bundle
[RUN_FASTLANE] › Creating  Pods/FirebaseFirestoreInternal-FirebaseFirestoreInternal_Privacy » FirebaseFirestoreInternal_Privacy.bundle
[RUN_FASTLANE] › Preparing Pods/GTMSessionFetcher » GTMSessionFetcher-Info.plist
[RUN_FASTLANE] › Creating  expo-image Pods/SDWebImage » SDWebImage.framework
[RUN_FASTLANE] › Creating  Pods/FirebaseFirestore-FirebaseFirestore_Privacy » FirebaseFirestore_Privacy.bundle
[RUN_FASTLANE] › Creating  Pods/FirebaseCoreInternal-FirebaseCoreInternal_Privacy » FirebaseCoreInternal_Privacy.bundle
[RUN_FASTLANE] › Creating  Pods/FirebaseCoreExtension-FirebaseCoreExtension_Privacy » FirebaseCoreExtension_Privacy.bundle
[RUN_FASTLANE] › Creating  Pods/FirebaseCore-FirebaseCore_Privacy » FirebaseCore_Privacy.bundle
[RUN_FASTLANE] › Creating  Pods/ExpoSystemUI-ExpoSystemUI_privacy » ExpoSystemUI_privacy.bundle
[RUN_FASTLANE] › Creating  Pods/FirebaseAuth-FirebaseAuth_Privacy » FirebaseAuth_Privacy.bundle
[RUN_FASTLANE] › Creating  Pods/ExpoFileSystem-ExpoFileSystem_privacy » ExpoFileSystem_privacy.bundle
[RUN_FASTLANE] › Creating  Pods/ExpoDevice-ExpoDevice_privacy » ExpoDevice_privacy.bundle
[RUN_FASTLANE] › Creating  expo-constants Pods/EXConstants-EXConstants » EXConstants.bundle
[RUN_FASTLANE] › Preparing expo-image Pods/SDWebImageWebPCoder » SDWebImageWebPCoder-Info.plist
[RUN_FASTLANE] › Preparing expo-image Pods/SDWebImageSVGCoder » SDWebImageSVGCoder-Info.plist
[RUN_FASTLANE] › Preparing expo-image Pods/SDWebImageAVIFCoder » SDWebImageAVIFCoder-Info.plist
[RUN_FASTLANE] › Compiling expo-image Pods/SDWebImageAVIFCoder » SDWebImageAVIFCoder-dummy.m
[RUN_FASTLANE] › Compiling Pods/GoogleUtilities » GULAppEnvironmentUtil.m
[RUN_FASTLANE] › Compiling Pods/GoogleUtilities » GULAppDelegateSwizzler.m
[RUN_FASTLANE] › Compiling Pods/GoogleUtilities » GULSceneDelegateSwizzler.m
[RUN_FASTLANE] › Creating  Pods/BoringSSL-GRPC-openssl_grpc » openssl_grpc.bundle
[RUN_FASTLANE] › Creating  @react-native-firebase/firestore Pods/FirebaseSharedSwift » FirebaseSharedSwift.framework
[RUN_FASTLANE] › Creating  @react-native-firebase/auth Pods/FirebaseAuthInterop » FirebaseAuthInterop.framework
[RUN_FASTLANE] › Creating  @react-native-firebase/auth Pods/FirebaseAppCheckInterop » FirebaseAppCheckInterop.framework
[RUN_FASTLANE] › Creating  Pods/EXConstants-ExpoConstants_privacy » ExpoConstants_privacy.bundle
[RUN_FASTLANE] › Preparing @react-native-firebase/firestore Pods/BoringSSL-GRPC » BoringSSL-GRPC-Info.plist
[RUN_FASTLANE] › Executing expo-modules-jsi Pods/ExpoModulesJSI » [CP-User] Build ExpoModulesJSI xcframework
[RUN_FASTLANE] › Compiling expo-image Pods/SDWebImageAVIFCoder » SDImageAVIFCoder.m
[RUN_FASTLANE] › Compiling expo-image Pods/SDWebImageAVIFCoder » Conversion.m
[RUN_FASTLANE] › Compiling expo-image Pods/SDWebImageAVIFCoder » ColorSpace.m
[RUN_FASTLANE] › Creating  expo-json-utils Pods/EXJSONUtils » EXJSONUtils.framework
[RUN_FASTLANE] › Executing react-native Pods/React-RCTFBReactNativeSpec » [CP-User] [RN]Check FBReactNativeSpec
[RUN_FASTLANE] › Creating  expo-image Pods/SDWebImageSVGCoder » SDWebImageSVGCoder.framework
[RUN_FASTLANE] › Creating  Pods/GTMSessionFetcher » GTMSessionFetcher.framework
[RUN_FASTLANE] › Compiling Pods/abseil » zone_info_source.cc
[RUN_FASTLANE] › Compiling Pods/abseil » win32_waiter.cc
[RUN_FASTLANE] › Compiling Pods/abseil » waiter_base.cc
[RUN_FASTLANE] › Compiling Pods/abseil » vlog_config.cc
[RUN_FASTLANE] › Compiling Pods/abseil » vdso_support.cc
[RUN_FASTLANE] › Compiling Pods/abseil » utf8_for_code_point.cc
[RUN_FASTLANE] › Compiling Pods/abseil » usage_config.cc
[RUN_FASTLANE] › Compiling Pods/abseil » unscaledcycleclock.cc
[RUN_FASTLANE] › Compiling Pods/abseil » time_zone_posix.cc
[RUN_FASTLANE] › Compiling Pods/abseil » time_zone_lookup.cc
[RUN_FASTLANE] › Compiling Pods/abseil » time_zone_info.cc
[RUN_FASTLANE] › Compiling Pods/abseil » time_zone_impl.cc
[RUN_FASTLANE] › Compiling Pods/abseil » time_zone_if.cc
[RUN_FASTLANE] › Compiling Pods/abseil » time_zone_format.cc
[RUN_FASTLANE] › Compiling Pods/abseil » time_zone_fixed.cc
[RUN_FASTLANE] › Compiling Pods/abseil » time.cc
[RUN_FASTLANE] › Compiling Pods/abseil » throw_delegate.cc
[RUN_FASTLANE] ⚠️  Script has ambiguous dependencies causing it to run on every build.
   To fix, go to: Xcode » FanScores/FanScores » Build Phases » '[Expo Dev Launcher] Strip Local Network Keys for Release'
   Either: Uncheck "Based on dependency analysis", or select output files to trigger the script

[RUN_FASTLANE] ⚠️  Script has ambiguous dependencies causing it to run on every build.
   To fix, go to: Xcode » FanScores/FanScores » Build Phases » '[CP-User] [RNFB] Core Configuration'
   Either: Uncheck "Based on dependency analysis", or select output files to trigger the script

[RUN_FASTLANE] ⚠️  Pods/leveldb-library-leveldb_Privacy: iOS@11.0 deployment version mismatch, expected >= 2.0 <= 18.2.99
[RUN_FASTLANE] ⚠️  Pods/gRPC-Core-grpc: iOS@11.0 deployment version mismatch, expected >= 2.0 <= 18.2.99
[RUN_FASTLANE] ⚠️  Pods/gRPC-C++-grpcpp: iOS@11.0 deployment version mismatch, expected >= 2.0 <= 18.2.99
[RUN_FASTLANE] ⚠️  Pods/gRPC-C++-gRPCCertificates-Cpp: iOS@11.0 deployment version mismatch, expected >= 2.0 <= 18.2.99
[RUN_FASTLANE] ⚠️  Pods/abseil-xcprivacy: iOS@9.0 deployment version mismatch, expected >= 2.0 <= 18.2.99
[RUN_FASTLANE] ⚠️  Script has ambiguous dependencies causing it to run on every build.
   To fix, go to: Xcode » Pods/abseil » Build Phases » 'Create Symlinks to Header Folders'
   Either: Uncheck "Based on dependency analysis", or select output files to trigger the script

[RUN_FASTLANE]     The iOS deployment target 'IPHONEOS_DEPLOYMENT_TARGET' is set to 9.0, but the range o
[RUN_FASTLANE] ⚠️  Pods/BoringSSL-GRPC-openssl_grpc: iOS@10.0 deployment version mismatch, expected >= 2.0 <= 18.2.99
[RUN_FASTLANE] Exit status: 65
[RUN_FASTLANE] 
[RUN_FASTLANE] +---------------------------------------+
[RUN_FASTLANE] |           Build environment           |
[RUN_FASTLANE] +-------------+-------------------------+
[RUN_FASTLANE] | xcode_path  | /Applications/Xcode.app |
[RUN_FASTLANE] | gym_version | 2.232.2                 |
[RUN_FASTLANE] | sdk         | iPhoneOS18.2.sdk        |
[RUN_FASTLANE] +-------------+-------------------------+
[RUN_FASTLANE] 
[RUN_FASTLANE] Looks like fastlane ran into a build/archive error with your project
[RUN_FASTLANE] It's hard to tell what's causing the error, so we wrote some guides on how
[RUN_FASTLANE] to troubleshoot build and signing issues: https://docs.fastlane.tools/codesigning/getting-started/
[RUN_FASTLANE] Before submitting an issue on GitHub, please follow the guide above and make
[RUN_FASTLANE] sure your project is set up correctly.
[RUN_FASTLANE] fastlane uses `xcodebuild` commands to generate your binary, you can see the
[RUN_FASTLANE] the full commands printed out in yellow in the above log.
[RUN_FASTLANE] Make sure to inspect the output above, as usually you'll find more error information there
[RUN_FASTLANE] [!] Error building the application - see the log above
[RUN_FASTLANE] Error: The "Run fastlane" step failed because of an error in the Xcode build process. We automatically detected following errors in your Xcode build logs:
- Could not resolve package dependencies:
Refer to "Xcode Logs" below for additional, more detailed logs.
[CLEAN_UP_CREDENTIALS] Destroying keychain - /var/folders/q1/2sbmtgjx5bn59y9rn8g4q8q40000gn/T/eas-build-a5a7851a-205a-4093-8027-0fb39830de53.keychain
[CLEAN_UP_CREDENTIALS] Removing provisioning profile

Build failed
The "Run fastlane" step failed because of an error in the Xcode build process. We automatically detected following errors in your Xcode build logs:
- Could not resolve package dependencies:
Refer to "Xcode Logs" below for additional, more detailed logs.
Error: The "Run fastlane" step failed because of an error in the Xcode build process. We automatically detected following errors in your Xcode build logs:
- Could not resolve package dependencies:
Refer to "Xcode Logs" below for additional, more detailed logs.
    at resolveBuildPhaseErrorAsync (/Users/hamzabinamin/.npm/_npx/cea154a2e66d8cb7/node_modules/@expo/build-tools/dist/buildErrors/detectError.js:61:12)
    at async BuildContext.handleBuildPhaseErrorAsync (/Users/hamzabinamin/.npm/_npx/cea154a2e66d8cb7/node_modules/@expo/build-tools/dist/context.js:193:28)
    at async BuildContext.runBuildPhase (/Users/hamzabinamin/.npm/_npx/cea154a2e66d8cb7/node_modules/@expo/build-tools/dist/context.js:138:35)
    at async buildAsync (/Users/hamzabinamin/.npm/_npx/cea154a2e66d8cb7/node_modules/@expo/build-tools/dist/builders/ios.js:138:26)
    at async runBuilderWithHooksAsync (/Users/hamzabinamin/.npm/_npx/cea154a2e66d8cb7/node_modules/@expo/build-tools/dist/builders/common.js:12:13)
    at async Object.iosBuilder (/Users/hamzabinamin/.npm/_npx/cea154a2e66d8cb7/node_modules/@expo/build-tools/dist/builders/ios.js:39:16)
    at async buildIosAsync (/Users/hamzabinamin/.npm/_npx/cea154a2e66d8cb7/node_modules/eas-cli-local-build-plugin/dist/ios.js:43:12)
    at async buildAsync (/Users/hamzabinamin/.npm/_npx/cea154a2e66d8cb7/node_modules/eas-cli-local-build-plugin/dist/build.js:58:29)
    at async main (/Users/hamzabinamin/.npm/_npx/cea154a2e66d8cb7/node_modules/eas-cli-local-build-plugin/dist/main.js:16:9)
npx -y eas-cli-local-build-plugin@19.1.0 eyJqb2IiOnsidHlwZSI6Im1hbmFnZWQiLCJwbGF0Zm9ybSI6ImlvcyIsInByb2plY3RBcmNoaXZlIjp7InR5cGUiOiJQQVRIIiwicGF0aCI6Ii92YXIvZm9sZGVycy9xMS8yc2JtdGdqeDVibjU5eTlybjhnNHE4cTQwMDAwZ24vVC9lYXMtY2xpLW5vZGVqcy9kNmJjMjA2Yy01M2ZhLTQ3ZGUtYTZmYi0zMTZhNWQyZDI2NjcudGFyLmd6In0sInByb2plY3RSb290RGlyZWN0b3J5IjoiLiIsImJ1aWxkZXJFbnZpcm9ubWVudCI6eyJlbnYiOnt9fSwiY2FjaGUiOnsiZGlzYWJsZWQiOmZhbHNlLCJwYXRocyI6W10sImNsZWFyIjpmYWxzZX0sInNlY3JldHMiOnsiYnVpbGRDcmVkZW50aWFscyI6eyJGYW5TY29yZXMiOnsicHJvdmlzaW9uaW5nUHJvZmlsZUJhc2U2NCI6Ik1JSXYwQVlKS29aSWh2Y05BUWNDb0lJdndUQ0NMNzBDQVFFeEN6QUpCZ1VyRGdNQ0dnVUFNSUlmM1FZSktvWklodmNOQVFjQm9JSWZ6Z1NDSDhvOFAzaHRiQ0IyWlhKemFXOXVQU0l4TGpBaUlHVnVZMjlrYVc1blBTSlZWRVl0T0NJL1BnbzhJVVJQUTFSWlVFVWdjR3hwYzNRZ1VGVkNURWxESUNJdEx5OUJjSEJzWlM4dlJGUkVJRkJNU1ZOVUlERXVNQzh2UlU0aUlDSm9kSFJ3T2k4dmQzZDNMbUZ3Y0d4bExtTnZiUzlFVkVSekwxQnliM0JsY25SNVRHbHpkQzB4TGpBdVpIUmtJajRLUEhCc2FYTjBJSFpsY25OcGIyNDlJakV1TUNJK0NqeGthV04wUGdvSlBHdGxlVDVCY0hCSlJFNWhiV1U4TDJ0bGVUNEtDVHh6ZEhKcGJtYythR0Z0ZW1GaWFXNWhiV2x1Um1GdVUyTnZjbVZ6SURsaFlqYzRaVGRsTlRoaVpHUmpORFZrWVRjMFpEUXhNR1l5T1RjMFlqSmlQQzl6ZEhKcGJtYytDZ2s4YTJWNVBrRndjR3hwWTJGMGFXOXVTV1JsYm5ScFptbGxjbEJ5WldacGVEd3ZhMlY1UGdvSlBHRnljbUY1UGdvSlBITjBjbWx1Wno1U1RVVklUa2RLT1ZCU1BDOXpkSEpwYm1jK0NnazhMMkZ5Y21GNVBnb0pQR3RsZVQ1RGNtVmhkR2x2YmtSaGRHVThMMnRsZVQ0S0NUeGtZWFJsUGpJd01qWXRNRFV0TWpsVU1UTTZNREU2TWpGYVBDOWtZWFJsUGdvSlBHdGxlVDVRYkdGMFptOXliVHd2YTJWNVBnb0pQR0Z5Y21GNVBnb0pDVHh6ZEhKcGJtYythVTlUUEM5emRISnBibWMrQ2drSlBITjBjbWx1Wno1NGNrOVRQQzl6ZEhKcGJtYytDZ2tKUEhOMGNtbHVaejUyYVhOcGIyNVBVend2YzNSeWFXNW5QZ29KUEM5aGNuSmhlVDRLQ1R4clpYaytTWE5ZWTI5a1pVMWhibUZuWldROEwydGxlVDRLQ1R4bVlXeHpaUzgrQ2drOGEyVjVQa1JsZG1Wc2IzQmxja05sY25ScFptbGpZWFJsY3p3dmEyVjVQZ29KUEdGeWNtRjVQZ29KQ1R4a1lYUmhQazFKU1VaMWVrTkRRa3RQWjBGM1NVSkJaMGxSVTBwaGNTdHdVMVZvTDFGSGVTdGlXbkpQVkRSUGFrRk9RbWRyY1docmFVYzVkekJDUVZGelJrRkVRakZOVlZGM1VXZFpSRlpSVVVSRVJIUkNZMGhDYzFwVFFsaGlNMHB6V2toa2NGcEhWV2RTUjFZeVdsZDRkbU5IVm5sSlJrcHNZa2RHTUdGWE9YVmplVUpFV2xoS01HRlhXbkJaTWtZd1lWYzVkVWxGUmpGa1IyaDJZMjFzTUdWVVJVeE5RV3RIUVRGVlJVTjNkME5TZWsxNFJYcEJVa0puVGxaQ1FXOU5RMnRHZDJOSGVHeEpSV3gxV1hrMGVFTjZRVXBDWjA1V1FrRlpWRUZzVmxSTlFqUllSRlJKTWsxRVVYaE9SRVY2VGtSUk1FNUdiMWhFVkVrelRVUlJlRTVFUlhwT1JGRXdUVEZ2ZDJkYVdYaEhha0ZaUW1kdlNtdHBZVXByTDBseldrRkZRa1JCY0ZOVVZWWkpWR3RrUzA5V1FsTk5WSE4zVDFGWlJGWlJVVVJFUkVwd1ZVZG9kbUp0VldkU1IyeDZaRWhLY0ZsdVZqQmhWemwxVDJsQ1FtSkhTbXhqYmxJeFkzbENSMlJYZUhOWldFcHJTVU5vVTFSVlZrbFVhMlJMVDFaQ1UwdFVSVlJOUWtWSFFURlZSVU4zZDB0VmF6RkdVMFUxU0ZOcWJGRlZha1ZhVFVKalIwRXhWVVZEWjNkUlVWZDRhVnBZU2pCa1dFMW5VbTVXYzJKSFJubGFSRVZNVFVGclIwRXhWVVZDYUUxRFZsWk5kMmRuUldsTlFUQkhRMU54UjFOSllqTkVVVVZDUVZGVlFVRTBTVUpFZDBGM1oyZEZTMEZ2U1VKQlVVTTVXWHBuUjBWeFprTlVhR0pyWldWUUwzWlhaVTQxVkVob2JYQkxWME5wYUhCakwxbzNaME5pZEZONFNIUnpNV2xuV2xORVNuTTVSRzlHTDFKS2JXTnNlVGRoWTNZMFEyeGtNRFZxTVdab2EwOHZaRzF3ZVhndmVucExWRTl6YjJWWWMxTm1jVTVaVkc5WU9GSlNWbGxIVmpSWlFVeHJhRGhLWWtSNFZuTjFOWGRUYmtwTVVVZzNaa0ZuV2xCWldHTnRWakp2YzFWc2RXWnVablpIU2xaYWFsbHlhM2hhU2pneU4weDFTRlEwVVRKSWNtRk1NR3hwYTFSVFZrZHhTa3huVVd4T1oxaE5aa05YYWt0amNIbzFUREJsUVZwRldYaFVVbTFsWW05bmNEQnRUa2xhYVV0T1ptbHlkR2gxVVRKRmFEWjZUbU52UjIxS1RrNW5LMlpXVFV0M2VqaElhVkkzVFZocWQxZE5XbEp0YVdWb056ZHJhM2d4ZUV0amJXVXJSWFkwWkdWQlYySjVSRWxWT0hKWE5uUnZSRGxyUzBOeFUzTklialZVZEVkdFVESlJLekpCUVZjNU9HeFlWMFZQVW5KYVZrRm5UVUpCUVVkcVoyZEphazFKU1VOSWVrRk5RbWRPVmtoU1RVSkJaamhGUVdwQlFVMUNPRWRCTVZWa1NYZFJXVTFDWVVGR1FXNHJkMEpYVVN0aE9XdERjRWxUZFZOWmIxbDNlVmczUzJWNVRVaEJSME5EYzBkQlVWVkdRbmRGUWtKSFVYZFpha0YwUW1kbmNrSm5SVVpDVVdOM1FXOVphR0ZJVWpCalJHOTJUREpPYkdOdVVucE1iVVozWTBkNGJFeHRUblppVXprelpESlNlVnA2VFhWYVIxWjVUVVJGUjBORGMwZEJVVlZHUW5wQlFtaHBWbTlrU0ZKM1QyazRkbUl5VG5walF6Vm9ZMGhDYzFwVE5XcGlNakIyWWpKT2VtTkVRWHBNV0dReldraEtiazE2UVhsTlNVbENTR2RaUkZaU01HZENTVWxDUmxSRFEwRlNSWGRuWjBWT1FtZHJjV2hyYVVjNU1rNXJRbEZGZDJkbU9IZG5ZMDFIUTBOelIwRlJWVVpDZDBsRFRVbEhNa1JKUjNwVmJWWnpZVmRHZFZreVZXZGlNalJuWkVkb2NHTjVRbXBhV0Vvd1lWZGFjRmt5UmpCYVUwSnBaVk5DYUdKdWEyZGpSMFo1WkVocloxbFlUbnBrVnpGc1kzbENhRmt5VG14alNGSm9ZbTFPYkVsSE9XMUpTRkp2V2xOQ01HRkhWblZKUjBaM1kwZDRjRmt5Um1saVIxVm5Zek5TYUdKdFVtaGpiVkZuWkVkV2VXSllUV2RaVnpWclNVZE9kbUp0VW5Ca1IyeDJZbTVOWjJJeVdXZGtXRTVzVEVOQ2FscFlTakJoVjFwd1dUSkdNRnBUUW5kaU1uaHdXVE5yWjFsWE5XdEpSMDVzWTI1U2NGcHRiR3BaV0ZKd1lqSTBaMk5JU21oWk0xSndXVEpWWjJNelVtaGtSMVowV2xjMU1HTjVOSGRPZDFsSlMzZFpRa0pSVlVoQlowVlhTekpvTUdSSVFucFBhVGgyWkROa00weHRSbmRqUjNoc1RHMU9kbUpUT1dwYVdFb3dZVmRhY0ZreVJqQmFWMFl4WkVkb2RtTnRiREJsVXpoM1JtZFpSRlpTTUd4QlVVZ3ZRa0YzZDBObldVbExkMWxDUWxGVlNFRjNUWGRJVVZsRVZsSXdUMEpDV1VWR1JsWnVkMWN2UVd4cWRHTmxSSE5uTVdkVmJsSTRaV1ZCY21GYVRVRTBSMEV4VldSRWQwVkNMM2RSUlVGM1NVaG5SRUZVUW1kdmNXaHJhVWM1TWs1clFtZEZSVUZSU0M5Q1FVbEdRVVJCVGtKbmEzRm9hMmxIT1hjd1FrRlJjMFpCUVU5RFFWRkZRVlZIYVcxME1rUlNXbk5LVDNjNE1HZERRMkV5UzFKUWVIQkdNbXhpYWt4SWNXZDBObEJoYVc5QmVWTkVkMGs0U1ROd2VXOW9TbTFNUWxWNVlUbFNia1pIWjFWNmNtNXBTV0pVUmpONFltUmlNalpNUkdWNFFtZFFUSFJCTUdnNVdqRmtla0paSzFOSlVEWjJjWEF4VVdaWlJEZFhXVE5PUTFka2MwOVhjRXB6TkV0VFJFUmpZMkV4WldGc1YwMUhRMUI2UW10bk1EWnNLM0kyZHpOUGRXaFFLMk5KYnlzMldVSjBkMkpzT0VONmFXUkhLMWh5Ymk4Mk1IVlpPVWRQVm10RU5FZHphbG8zVW5sQ2RHWkZTa3A0Wkd3MFVUWklLM0JLVm1STU56ZFRjbVUzTlVsdE1HOWpWbXRYWVVob09IYzRTbm92VjNnMlVYbFlhVWt2WlRZNFZYbHRUMmt2VFNzMVFVZzBZVTVSV21aelkwRXhiRlJHT1doUFRYcDRZekJYSzFaMGNsZFBSM3BMUkZCRUswRkxibGQ0TDA5bVJXRnlWRmhXZDBsdVdXUTNRMjQ0ZGtSeU1VRlpibnBHWldZMVEwMHhVVDA5UEM5a1lYUmhQZ29KUEM5aGNuSmhlVDRLQ2drOGEyVjVQa1JGVWkxRmJtTnZaR1ZrTFZCeWIyWnBiR1U4TDJ0bGVUNEtDVHhrWVhSaFBrMUpTVTVaVVZsS1MyOWFTV2gyWTA1QlVXTkRiMGxKVGxWcVEwTkVWVFJEUVZGRmVFUlVRVXhDWjJ4bmFHdG5RbHBSVFVWQlowVjNaMmROWjBKbmEzRm9hMmxIT1hjd1FrSjNSMmRuWjAxU1FrbEpSRVJVUjBOQmQydDNSRUYzU0ZadFZubGpNbXgyWW1kSlFrRlVRVkZFUVhCVllWY3hiRlpIT1UxaFdGcHNRV2RKUWxGRVFWUkVRVFZLWXpGb2FtSXlVbXhVVjBaMVdWZGtiRnBCUlVKQlJFRmpSRUZvVlZwWFJuUlViVVowV2xGM1VWRlhlR2xhV0Vvd1pGaE5aMUp1Vm5OaVIwWjVXa1JCWkVSQmVFUmpiVlpvWkVkc2RtSnJVbWhrUjFWWVJGUkpNazFFVlhsUFZFVjZUVVJGZVUxV2IzZElaM2RQVmtkV2FHSlZiR3RhVnpVd1lWZGFjRnBZU1hkRVFYZExWV3N4UmxORk5VaFRhbXhSVldwQlprUkJOVVpsU0VKd1kyMUdNR0ZYT1hWU1IwWXdXbEpqVGsxcVkzZE9SRVV3VFZSTk1FNUVVWHBYYWtGblJFSmtVV050T1cxaFYzaHNVa2RzZW1SSVNuQlpibFl3WVZjNWRWWkliSGRhVVhkR1ZURlNVRlZyVlhkSlVYZEpWVWQ0YUdSSFduWmpiVEIzUmxGM1JHRlZPVlJFUVZJMFkyczVWRVJCYURKaFdFNXdZakkxVUZWNlFYSkVRblJDWTBoQ2MyRlhUbWhrUjJ4MlltdHNhMXBYTlRCaFYxcHdXbGhLVVdOdFZtMWhXR2QzUkVGM1MxVnJNVVpUUlRWSVUycHNVVlZxUVhORVFWSldWbFZzUlVSRFVtMU5SMHBzV1hwc2FGcFRNRFZhUkdzd1RGUlJlazlIVFhSUFYxa3lUV2t3TTFwdFdUVmFhbEV4VFhwVmQxbDZTWGRQZDNkV1VrZFdNbHBYZUhaalIxWjVVVEpXZVdSSGJHMWhWMDVvWkVkV2VrMURTVVZKVUN0a2FYbFBjVGxDWmtvNUwyczFNWE53WVRsT1FVdG1ZbGxvVW01VGRWZDVRV3RYTWxGTk1WTlhjRTFGVFUxQ1JUVm9ZbGRWVFU5NWNHSmFXR2gzWWpFd1oxa3lPWFJNYlZwb1ltNU9hbUl6U214amVUVm9ZMGhCWjFGWVFuZFZNMUoyWTIxVlowMXFRWGxPYVRCM1RsTXdlVTlXVVhoTmVtOTNUVlJ2ZUU5RE5EUk9hbHBoVFVWTlRVTlZSbmRqUld4RlZHMUdkRnBSZHpKaFIwWjBaVzFHYVdGWE5XaGlWMngxVW0xR2RWVXlUblpqYlZaNlNVUnNhRmxxWXpSYVZHUnNUbFJvYVZwSFVtcE9SRlpyV1ZSak1GcEVVWGhOUjFsNVQxUmpNRmxxU21sTlNVaHpSRUY0Um1KdVVuQmtSM2hzWWxkV2RXUklUbmRuWkhORFFWRkhkMmRrVlhkT1ozZFhXVmhDZDJKSGJHcFpXRkp3WWpJMGRHRlhVbXhpYmxKd1dtMXNiR05uZDJOVmF6RkdVMFUxU0ZOcWJGRlZhVFZxWWpJd2RWcHRSblZqTWs1MlkyMVdla3h0Um5kalJFRlpSRUpPYVZwWVVtaE1XRXBzWTBjNWVXUklUWFJaVjA0d1lWaGFiRUZSU0M5TlJFVk5TVEpPZG1KVE5XaGpTRUp6V2xNMWExcFlXbXhpUnpsM1dsaEpkV1JIVm1oaVV6RndXa2RXZFdSSGJHMWhWMVo1UkVGd1UxUlZWa2xVYTJSTFQxWkNVMDFDVFUxRWJXUnNaRU14TUZsWVRuSk1WMFp6WWtjNU0wRlJSVUZOUkd0TlJtMTBiR1ZYVG05WlYyeDFURmRHYWxreVZucGplVEZ1WTIwNU1XTklUWGRJZDNkTlZXc3hSbE5GTlVoVGFteFJWV2swY1VSQk9XcGlNakIxV1ZoQ2QySkhWWFZrUnpseVdsYzJaMmRuWnpsTlNVbERVWHBEUTBGamJXZEJkMGxDUVdkSlNVeGpXRGhwVGt4R1V6VlZkME5uV1VsTGIxcEplbW93UlVGM1RYZGFla1ZpVFVKclIwRXhWVVZCZDNkVFVWaENkMkpIVldkVmJUbDJaRU5DUkZGVFFYUkpSV042VFZOWmQwcEJXVVJXVVZGTVJFSXhRbU5JUW5OYVUwSkVXbGhLTUdGWFduQlpNa1l3WVZjNWRVbEZSakZrUjJoMlkyMXNNR1ZVUlZSTlFrVkhRVEZWUlVObmQwdFJXRUozWWtkVloxTlhOV3BNYWtWTVRVRnJSMEV4VlVWQ2FFMURWbFpOZDBob1kwNU5WRkYzVGtSTmQwMVVaM2hQVkVFeVYyaGpUazE2YTNkT1JFMTNUVlJuZUU5VVFUSlhha0p1VFZKemQwZFJXVVJXVVZGRVJFSktRbU5JUW5OYVUwSlRZakk1TUVsRlRrSkpRekJuVW5wTmVFcHFRV3RDWjA1V1FrRnpUVWhWUm5kalIzaHNTVVZPYkdOdVVuQmFiV3hxV1ZoU2NHSXlOR2RSV0ZZd1lVYzVlV0ZZVWpWTlVrMTNSVkZaUkZaUlVVdEVRWEJDWTBoQ2MxcFRRa3BpYlUxMVRWRnpkME5SV1VSV1VWRkhSWGRLVmxWNlFqSk5Ra0ZIUW5seFIxTk5ORGxCWjBWSFFsTjFRa0pCUVdsQk1rbEJRa3BxY0V4Nk1VRmpjVlIwYTNsS2VXZFNUV016VWtOV09HTlhhbFJ1U0dOR1FtSmFSSFZYYlVKVGNETmFTSFJtVkdwcVZIVjRlRVYwV0M4eFNEZFplVmxzTTBvMldWSmlWSHBDVUVWV2IwRXZWbWhaUkV0WU1VUjVlRTVDTUdOVVpHUnhXR3cxWkhaTlZucDBTelV4TjBsRWRsbDFWbFJhV0hCdGEwOXNSVXROWVU1RFRVVkJkMGhSV1VSV1VqQlBRa0paUlVaTWRYY3pjVVpaVFRScFlYQkpjVm96Y2pZNU5qWXZZWGw1VTNKTlFUaEhRVEZWWkVWM1JVSXZkMUZHVFVGTlFrRm1PSGRFWjFsRVZsSXdVRUZSU0M5Q1FWRkVRV2RGUjAxQmIwZERRM0ZIVTAwME9VSkJUVVJCTW1kQlRVZFZRMDFSUTBRMlkwaEZSbXcwWVZoVVVWa3laVE4yT1VkM1QwRkZXa3gxVGl0NVVtaElSa1F2TTIxbGIzbG9jRzEyVDNkblVGVnVVRmRVZUc1VE5HRjBLM0ZKZUZWRFRVY3hiV2xvUkVzeFFUTlZWRGd5VGxGNk5qQnBiVTlzVFRJM2FtSmtiMWgwTWxGbWVVWk5iU3RaYUdsa1JHdE1SakYyVEZWaFowMDJRbWRFTlRaTGVVdEVRME5CZFZsM1oyZEtkRzlCVFVOQlVVbERRMFJOVGpkMmFTOVVSMmQxVFVGdlIwTkRjVWRUVFRRNVFrRk5SRTFIWTNoSGVrRmFRbWRPVmtKQlRVMUZhMFozWTBkNGJFbEdTblppTTFGblVUQkZaMHhUUWtoTmVrVnRUVU5SUjBFeFZVVkRkM2RrVVZoQ2QySkhWV2RSTWxaNVpFZHNiV0ZYVG1oa1IyeDJZbWxDUW1SWVVtOWlNMHB3WkVocmVFVjZRVkpDWjA1V1FrRnZUVU5yUm5kalIzaHNTVVZzZFZsNU5IaERla0ZLUW1kT1ZrSkJXVlJCYkZaVVRVSTBXRVJVUlROTlJFbDVUV3BKZVUxcVRYbE5iRzlZUkZSTmVVMUVTWGhQUkVGM1RVUkJkMDFHYjNkamFrVnRUVU5SUjBFeFZVVkJkM2RrVVZoQ2QySkhWV2RWTTJ4NlpFZFdkRWxGYkhWa1IxWnVZMjFHTUdGWE9YVkpSVTVDU1VSUmVFcHFRV3RDWjA1V1FrRnpUVWhWUm5kalIzaHNTVVZPYkdOdVVuQmFiV3hxV1ZoU2NHSXlOR2RSV0ZZd1lVYzVlV0ZZVWpWTlVrMTNSVkZaUkZaUlVVdEVRWEJDWTBoQ2MxcFRRa3BpYlUxMVRWRnpkME5SV1VSV1VWRkhSWGRLVmxWNlFscE5RazFIUW5seFIxTk5ORGxCWjBWSFEwTnhSMU5OTkRsQmQwVklRVEJKUVVKQlduSndSbHAyWmxvNGJqQmpOREpxY0VsaVZuTXhWVTV0VWt0NVdsSnZiV1p5U2tsSU4yazVWbWRRTTA5S2NUWjRiRWhNZVRkMlR6WlJRblJCUlZSU1NIaGhTbkV5WjI1RGEyeHBkVmh0UW0wNVVHWkdjV3BuWm1OM1oyWlJkMFIzV1VSV1VqQlVRVkZJTDBKQlZYZEJkMFZDTDNwQlprSm5UbFpJVTAxRlIwUkJWMmRDVXpkelRqWm9WMFJQU1cxeFUwdHRaRFlyZG1WMWRqSnpjMnR4ZWtKSFFtZG5ja0puUlVaQ1VXTkNRVkZSTmsxRVozZE9aMWxKUzNkWlFrSlJWVWhOUVVkSFMyMW9NR1JJUVRaTWVUbDJXVE5PZDB4dFJuZGpSM2hzVEcxT2RtSlRPWFpaTTA1M1RVUk5kRmxZUW5kaVIxWjVZakk1TUZreVJtNU5la0V6UW1kT1ZraFNPRVZOUkVGMVRVTjVaMHR4UVc5b2FWcHZaRWhTZDA5cE9IWlpNMHB6VEcxR2QyTkhlR3hNYlU1MllsTTVhR05JUW5OYVdFcDJZak5TYWxsWFkzcE1iVTU1WWtSQlpFSm5UbFpJVVRSRlJtZFJWV1ZyWlRaUFNXOVdTa1ZuYVZKek1pdHFlRzlyWlhwUlJFdHRhM2RFWjFsRVZsSXdVRUZSU0M5Q1FWRkVRV2RGUjAxQ1FVZERhWEZIVTBsaU0xa3lVVWRCYUVWRlFXZFZRVTFCYjBkRFEzRkhVMDAwT1VKQlRVUkJNbU5CVFVkUlEwMUNWVTF4V1RkSGNqVmFjR0UyWldZelZucFZRVEZzYzNKc1RGVlpUV0ZNWkhWRE0zaGhUSGhEV0hwbmJYVk9jbk5sVGpoTlkxRnVaWEZsVDJsbU1uSmtkMGwzV1ZSTlp6aFRiaThyV1dONWNtbHVTVnBFTVRKbE1VZHJNR2RKZG1SeU5XZEpjRWg0TVZSd01UTk1WR2w0YVhGWEwzTlpTak5GY0ZBeFUxUjNMMDF4ZVUxSlNVUkRSRU5EUVhFeVowRjNTVUpCWjBsSlpFRjNLMDlsVjFOeGJVRjNRMmRaU1V0dldrbDZhakJGUVhkSmQyTnFSVzFOUTFGSFFURlZSVUYzZDJSUldFSjNZa2RWWjFVemJIcGtSMVowU1VWc2RXUkhWbTVqYlVZd1lWYzVkVWxGVGtKSlJGRjRTbXBCYTBKblRsWkNRWE5OU0ZWR2QyTkhlR3hKUlU1c1kyNVNjRnB0YkdwWldGSndZakkwWjFGWVZqQmhSemw1WVZoU05VMVNUWGRGVVZsRVZsRlJTMFJCY0VKalNFSnpXbE5DU21KdFRYVk5VWE4zUTFGWlJGWlJVVWRGZDBwV1ZYcEJaVVozTUhsT2FrRjRUV3BGZUU5VVNUTk5ha0poUm5jd2VrMUVRWGxOVkd0NFQxUkpNMDFVYkdGTlJUUjRTMnBCYjBKblRsWkNRVTFOU1Zaa1dGSkdTV2RWU0VwMlpHMXNlbUZYT1hWaFZ6VnVTVVpDZVdJeVduQmlSMVZuVlRKc2JtSnRiSFZhZWtWVVRVSkZSMEV4VlVWRFozZExVVmhDZDJKSFZXZFRWelZxVEdwRlRFMUJhMGRCTVZWRlFtaE5RMVpXVFhkWFZFRlVRbWRqY1docmFrOVFVVWxDUW1kbmNXaHJhazlRVVUxQ1FuZE9RMEZCVTFGRGJTdEtlamxQUW1kRVFsVjBZbk0yY0hkMWNISjViVEpGWkVaMmF5c3lLemd3Ym1GbFdFaDFZWEF5WW1nNFJsSXZhVlI1UkZocVVVNWlkRXRKVjA5UFFrNUhMM0J5Y1U5eU5YWTBNRWxSVDJaV1JUUnZORWxDVkhwRFEwRlZjM2RFUVZsRVZsSXdWRUZSU0M5Q1FVbDNRVVJCWmtKblRsWklVMDFGUjBSQlYyZENValpTTjI4MGFXaFZhMU5EU2tkNllqWlFSMmxTTjA1QlRYRmhWRUpDUW1kbmNrSm5SVVpDVVdOQ1FWRlJNVTFFVFhkTlVWbEpTM2RaUWtKUlZVaE5RVWRIU2xkb01HUklRVFpNZVRsMldUTk9kMHh0Um5kalIzaHNURzFPZG1KVE9YWlpNMDUzVFVSTmRGbFlUbkJaTWtVd1RVUk5kMmRhV1VkQk1WVmtTVUZUUW1wcVEwSnBla05DYVVGWlNrdHZXa2xvZG1ScVdrRlZRazFJYzNkbFVWbEpTM2RaUWtKUlZVaEJaMGwzWWxGNGNsWkhhSEJqZVVKcVdsaEtNR0ZYV25CWk1rWXdXbE5DY0dONVFqQmllVUpwV2xOQ01XTXlWbXRKUjFZMFdUSjRNV015YkRKYVYzZzFTVWRhZG1OcFFtMWtWelZxWkVkc2RtSnVUV2RoVnpVd1dsaEtkVmxYZDJka1J6aG5VVmhDZDJKSFZXZFZTRXAyV2toV2FtUklUV2RaVnpWclRESTVlVWxGUm5kalIzaHNTVWhDZVdJeVRteGpNMDVzWTNrMGQwaFJXVVJXVWpCUFFrSlpSVVpQVDFJMFdXd3dRVmRoYTJnck55OXpNVk5NTTFSR1RIaFdMMUZOUVRSSFFURlZaRVIzUlVJdmQxRkZRWGRKU0dkRVFWQkNaMnR4YUd0cFJ6a3lUbXRFUWsxRlFXZFZRVTFCYjBkRFEzRkhVMDAwT1VKQlRVTkJNR3RCVFVWWlEwbFJRMHRNUVc0MGJtdHJVazVEWm5KbGRVSkRRaXRPYUUxdUwzbG9VbkZRYmtaQmNUSkdNa0l6UWpCelZsRkphRUZQUmxadVlubzJaak5oVkdsak4wUk5Oa1JFUkhsck5qbGFlbmRyUXk5YVdEQTVORkZ1YWpGTlpIcFZUVmxKUWpCNlEwTkJZemhEUVZGRmQyWnFRbmxOVTFsM1NrRlpSRlpSVVVSRVFqRkNZMGhDYzFwVFFsUmxXRTR3V2xjd1oxTlhOVEJhVjJSNVdWaFNjR0l5TkdkUk1FVm5Ua1JGYlUxRFVVZEJNVlZGUTNkM1pGRllRbmRpUjFWblVUSldlV1JIYkcxaFYwNW9aRWRzZG1KcFFrSmtXRkp2WWpOS2NHUklhM2hGZWtGU1FtZE9Wa0pCYjAxRGEwWjNZMGQ0YkVsRmJIVlplVFI0UTNwQlNrSm5UbFpDUVZsVVFXeFdWRUZuYURCRVJEUTFOVnBMY1ZsRVFVeENaMnhuYUd0blFscFJUVVZCWjBkbloyVmpkMGRCV1VwTGIxcEphSFpqVGtGUmEwUk5VWE5IUTFOeFIxTkpZak5FVVVWSVFWUkJZMEpuYTNGb2EybEhPWGN3UWtOUlZYaEVlR05PVFdwWmQwNVVTVFZOVkUxM1RWUkplRmRxUVc5Q1oydHhhR3RwUnpsM01FSkRWRkY0UjNwQldrMUJjMGREVjBOSFUwRkdiRUYzVVVOQllVVkxRbWRuY1docmFrOVFVVkZFUVdwQmRrSm5hM0ZvYTJsSE9YY3dRa05SVVhoSloxRm5lR3RUZWxod1MwMXllVXQ1UlVSd1JEbElWbWhPT0RaU2RsSTFURkF4UmtSMlJXMUNSMkoyUlVkNGQzZFZaMWxLUzI5YVNXaDJZMDVCVVd0UVRWVlZkMUY2UVV0Q1oyZHhhR3RwUnpsM01FUkNla0ZQUW1kbmNXaHJhVWM1ZHpCRVFXZEpRMEZKUVhkRVVWbEpTMjlhU1doMlkwNUJkMGxEUVZWQmQwSjNXVVpMZHpSRVFXZGpkMFJSV1VsTGIxcEphSFpqVGtGM1NVTkJVMmQzUTJkWlNVdHZXa2w2YWpCRlFYZEpSVko2UWtaQmFVRkxZbk5qYjJSQ1FVdHZWR0ZEZUdGbE5XOVFkWGhwZVZJM00wbExUMDFXTlVsdE1Fd3daelUxSzNSblNXaEJUR2d6YzFacFlUVnVjVXRXTUZVM2RtWmphSEZ1VFZaaFVtTnVPRFppUkZKaE4yRm1RbGRtYlhwTVV6d3ZaR0YwWVQ0S0NRa0pDUWtKQ1FrS0NUeHJaWGsrUlc1MGFYUnNaVzFsYm5SelBDOXJaWGsrQ2drOFpHbGpkRDRLQ1FrOGEyVjVQbUpsZEdFdGNtVndiM0owY3kxaFkzUnBkbVU4TDJ0bGVUNEtDUWs4ZEhKMVpTOCtDZ2tKQ1FrS0NRa0pDVHhyWlhrK1lYQndiR2xqWVhScGIyNHRhV1JsYm5ScFptbGxjand2YTJWNVBnb0pDVHh6ZEhKcGJtYytVazFGU0U1SFNqbFFVaTVqYjIwdVptRnVjMk52Y21WekxtRndjRHd2YzNSeWFXNW5QZ29KQ1FrSkNna0pDUWs4YTJWNVBtdGxlV05vWVdsdUxXRmpZMlZ6Y3kxbmNtOTFjSE04TDJ0bGVUNEtDUWs4WVhKeVlYaytDZ2tKQ1FrOGMzUnlhVzVuUGxKTlJVaE9SMG81VUZJdUtqd3ZjM1J5YVc1blBnb0pDUWtKUEhOMGNtbHVaejVqYjIwdVlYQndiR1V1ZEc5clpXNDhMM04wY21sdVp6NEtDUWs4TDJGeWNtRjVQZ29KQ1FrSkNna0pDUWs4YTJWNVBtZGxkQzEwWVhOckxXRnNiRzkzUEM5clpYaytDZ2tKUEdaaGJITmxMejRLQ1FrSkNRb0pDUWtKUEd0bGVUNWpiMjB1WVhCd2JHVXVaR1YyWld4dmNHVnlMblJsWVcwdGFXUmxiblJwWm1sbGNqd3ZhMlY1UGdvSkNUeHpkSEpwYm1jK1VrMUZTRTVIU2psUVVqd3ZjM1J5YVc1blBnb0tDVHd2WkdsamRENEtDVHhyWlhrK1JYaHdhWEpoZEdsdmJrUmhkR1U4TDJ0bGVUNEtDVHhrWVhSbFBqSXdNamN0TURRdE1UUlVNVE02TkRRNk5ETmFQQzlrWVhSbFBnb0pQR3RsZVQ1T1lXMWxQQzlyWlhrK0NnazhjM1J5YVc1blBpcGJaWGh3YjEwZ1kyOXRMbVpoYm5OamIzSmxjeTVoY0hBZ1FYQndVM1J2Y21VZ01qQXlOaTB3TlMweU9WUXhNem93TVRveE9DNDROalphUEM5emRISnBibWMrQ2drOGEyVjVQbFJsWVcxSlpHVnVkR2xtYVdWeVBDOXJaWGsrQ2drOFlYSnlZWGsrQ2drSlBITjBjbWx1Wno1U1RVVklUa2RLT1ZCU1BDOXpkSEpwYm1jK0NnazhMMkZ5Y21GNVBnb0pQR3RsZVQ1VVpXRnRUbUZ0WlR3dmEyVjVQZ29KUEhOMGNtbHVaejVCYkdKbGNuUjFjeUJHZFd4c1lYSmtQQzl6ZEhKcGJtYytDZ2s4YTJWNVBsUnBiV1ZVYjB4cGRtVThMMnRsZVQ0S0NUeHBiblJsWjJWeVBqTXlNRHd2YVc1MFpXZGxjajRLQ1R4clpYaytWVlZKUkR3dmEyVjVQZ29KUEhOMGNtbHVaejVtTUdKbFl6bGhaUzA1WkRrMExUUXpPR010T1dZMk1pMDNabVk1WmpRMU16VXdZekk4TDNOMGNtbHVaejRLQ1R4clpYaytWbVZ5YzJsdmJqd3ZhMlY1UGdvSlBHbHVkR1ZuWlhJK01Ud3ZhVzUwWldkbGNqNEtQQzlrYVdOMFBnbzhMM0JzYVhOMFBxQ0NEVDh3Z2dRME1JSURIS0FEQWdFQ0FnaEdJQzI4QTArUHRqQU5CZ2txaGtpRzl3MEJBUXNGQURCek1TMHdLd1lEVlFRRERDUkJjSEJzWlNCcFVHaHZibVVnUTJWeWRHbG1hV05oZEdsdmJpQkJkWFJvYjNKcGRIa3hJREFlQmdOVkJBc01GME5sY25ScFptbGpZWFJwYjI0Z1FYVjBhRzl5YVhSNU1STXdFUVlEVlFRS0RBcEJjSEJzWlNCSmJtTXVNUXN3Q1FZRFZRUUdFd0pWVXpBZUZ3MHlOakF4TWpneE9UVTFOVEphRncwek1ERXlNekV3TURBd01EQmFNRmt4TlRBekJnTlZCQU1NTEVGd2NHeGxJR2xRYUc5dVpTQlBVeUJRY205MmFYTnBiMjVwYm1jZ1VISnZabWxzWlNCVGFXZHVhVzVuTVJNd0VRWURWUVFLREFwQmNIQnNaU0JKYm1NdU1Rc3dDUVlEVlFRR0V3SlZVekNDQVNJd0RRWUpLb1pJaHZjTkFRRUJCUUFEZ2dFUEFEQ0NBUW9DZ2dFQkFMZ0J4Z0tuK2kwZ3E4NUdyUlZZY3k3cHZEVmw1YXh5MlFaWUhSbVhPZ09pa0IzbnFrRjk2L25rQTE1ckNlS29kSThQczBJenhVZWQwOU9GcklzcVlpNXRMRTJPaVhyS0RGUHAzYVFlYnFVQ2FmeDI2QVJzT0QwdDhxb3pkWUVqeTRjSjN1YmIvM3FaRXArY1VvTnhNVlg1ZnEwN0pYVlNVK0F5czJCaFRobXJld1JGdkt0WGF3Z1BsTTZWTWtRQ1c0cXRjaURBcW1jN01zODNoMVZGbzVPaTRoNXcvNlJ2Z2dXRXdaaythZFpxZHhNS1dVRTBXaEVOcEM0UTJiSEdhejloVlNBRFFxTk9RWXI1UEVYZjFaY0V2MDBvVFh3UXVYNXRMRDZ3STNyZGFKYVRhU2RhanFlNWRCR0I1OEVnMi95ZG0yVEtEeTNNRFpsVU13TVh2bjBDQXdFQUFhT0I1VENCNGpBTUJnTlZIUk1CQWY4RUFqQUFNQjhHQTFVZEl3UVlNQmFBRkcveGxSaGlYT0RJOGNYdGJCako0Tk5rVXBnZ01FQUdDQ3NHQVFVRkJ3RUJCRFF3TWpBd0JnZ3JCZ0VGQlFjd0FZWWthSFIwY0RvdkwyOWpjM0F1WVhCd2JHVXVZMjl0TDI5amMzQXdNeTFoYVhCallUQTNNQzhHQTFVZEh3UW9NQ1l3SktBaW9DQ0dIbWgwZEhBNkx5OWpjbXd1WVhCd2JHVXVZMjl0TDJGcGNHTmhMbU55YkRBZEJnTlZIUTRFRmdRVU94Um9FRThtTFk3YUMwbFFGMjJ1WkQ3L2xoRXdEZ1lEVlIwUEFRSC9CQVFEQWdlQU1BOEdDU3FHU0liM1kyUUdPZ1FDQlFBd0RRWUpLb1pJaHZjTkFRRUxCUUFEZ2dFQkFEcEFlS25GYkFzY2p1RHgvaEp0TTA2K2JnL1NWczR2dmdrMjRyWnBrVW14Q3FOOGFCSkRXSHI1WThmam51c0hma1JHbHZCMXA2UjhlaDcrUGZ6ZlF2YThjNHl6UU1wUk9kRkM4K0gzaW4zV3lHZHFQdk1rd1BWTndod245enJyaFY3bTd6dGpHM3hJQnJJd2lNTzNBRmxvOVVEdGhjK1lHdUhXMG1JdFRKV2IwaTVMNUMzcUhjR0JSSjVxTTRFdUZrdnlWMUNORHM0Sk5wZ1hJRDMrQk9DeS9KelRPbU9sSXY3VGdERGpJbU1QblhkQURxTnM0c2ptR3JkWmpUVWgyUEtlTjUwOFJVM2FNWVpUcXg2UzhVbGlBQ1d3VGc4TVloRXc2MkowY1B6b0JObUdWNkZlS05QaTVkcUtHSGtXNUhEQmVaaTVRNHpQeHdYZjNpcHhwNzh3Z2dSRU1JSURMS0FEQWdFQ0FnaGNZOHJrU2pkVHlUQU5CZ2txaGtpRzl3MEJBUXNGQURCaU1Rc3dDUVlEVlFRR0V3SlZVekVUTUJFR0ExVUVDaE1LUVhCd2JHVWdTVzVqTGpFbU1DUUdBMVVFQ3hNZFFYQndiR1VnUTJWeWRHbG1hV05oZEdsdmJpQkJkWFJvYjNKcGRIa3hGakFVQmdOVkJBTVREVUZ3Y0d4bElGSnZiM1FnUTBFd0hoY05NVGN3TlRFd01qRXlOek13V2hjTk16QXhNak14TURBd01EQXdXakJ6TVMwd0t3WURWUVFERENSQmNIQnNaU0JwVUdodmJtVWdRMlZ5ZEdsbWFXTmhkR2x2YmlCQmRYUm9iM0pwZEhreElEQWVCZ05WQkFzTUYwTmxjblJwWm1sallYUnBiMjRnUVhWMGFHOXlhWFI1TVJNd0VRWURWUVFLREFwQmNIQnNaU0JKYm1NdU1Rc3dDUVlEVlFRR0V3SlZVekNDQVNJd0RRWUpLb1pJaHZjTkFRRUJCUUFEZ2dFUEFEQ0NBUW9DZ2dFQkFNbEZhZ0VQUG9NRWhzZjh2OXhlOEI2QjdoY3djMk1tTHQ0OWVpVE5rejVQT1VlNmRiN3p3Tkx4V2FLckgvNEtoanpaTFpvSDhnNXJ1U21SR2w4aUNvdnhjbGdGcmt4TFJNVjVwNEE4c0lqZ2pBd25oRjBaNVljWk5zdmp4WGEzc1BSQmNsSDBCVnlEUzZKdHBsRzQ4U2JmZTE2dFpRekdzcGhSakx0OUcwekJUc2dJeDlMdFpBdTAzUnVOVDBCOUc0OUlscEpiODlDWWZ0bThwQmtPbVdHN1FWMEJ6RnQzZW4wazBOelRVLy9EM01XVUxMWmFUWTRZSXptOTJjWlNQdEh5OUNXS29TcUgvZGdNUmlsUi8rMFhiSWtsYTRlL2lta1VuM2Vmd3hXM2FMT0lSYjJFNWdZQ1FXUVByU29vdUJYSjRLeW5pcnB5QkRTeWVJejRzb1VDQXdFQUFhT0I3RENCNlRBUEJnTlZIUk1CQWY4RUJUQURBUUgvTUI4R0ExVWRJd1FZTUJhQUZDdlFhVWVVZGduKzlHdU5Ma0NtOTBkTmZ3aGVNRVFHQ0NzR0FRVUZCd0VCQkRnd05qQTBCZ2dyQmdFRkJRY3dBWVlvYUhSMGNEb3ZMMjlqYzNBdVlYQndiR1V1WTI5dEwyOWpjM0F3TXkxaGNIQnNaWEp2YjNSallUQXVCZ05WSFI4RUp6QWxNQ09nSWFBZmhoMW9kSFJ3T2k4dlkzSnNMbUZ3Y0d4bExtTnZiUzl5YjI5MExtTnliREFkQmdOVkhRNEVGZ1FVYi9HVkdHSmM0TWp4eGUxc0dNbmcwMlJTbUNBd0RnWURWUjBQQVFIL0JBUURBZ0VHTUJBR0NpcUdTSWIzWTJRR0FoSUVBZ1VBTUEwR0NTcUdTSWIzRFFFQkN3VUFBNElCQVFBNno2eVlqYjZTSUNFSnJaWHpzVndoK2pZdFZ5QkVkSE5ra2dpemxxejNiWmY2V3pRNEo4OFNSdE04RWZBSHlabVFzZEhvRVFtbDQ2VnJiR01JUDU0bCt0V1puRXptNWM2T3NrMW83SXVybzZKUGloRVZQdHdVS3h6R1JMWnZaOFZiVDVVcExZZGNQOXlESG5kUDdkcFVweTNuRTRIQlk4UlVDeHRMQ21vb0lnalVONUo4ZjJjb1g2ODlQN2VzV1IwNE5HUmE3ak5LR1VKRUtjVEtHR3Zod1ZNdExmUk53aFgyTXpJWWVQRW1iNHBONjVSTW8rai9EN01EaTJYYTZ5N1laVkNmM0orSzN6R29oRlRjVWxKQjBySVRIVEZHUjRoZlB1N0Q4b3dqQkpYcnJJbytnbXdHbnk3amkwT2FZbHMwRGZTWnp5enV1bktHR1NPbC9JNjFNSUlFdXpDQ0E2T2dBd0lCQWdJQkFqQU5CZ2txaGtpRzl3MEJBUVVGQURCaU1Rc3dDUVlEVlFRR0V3SlZVekVUTUJFR0ExVUVDaE1LUVhCd2JHVWdTVzVqTGpFbU1DUUdBMVVFQ3hNZFFYQndiR1VnUTJWeWRHbG1hV05oZEdsdmJpQkJkWFJvYjNKcGRIa3hGakFVQmdOVkJBTVREVUZ3Y0d4bElGSnZiM1FnUTBFd0hoY05NRFl3TkRJMU1qRTBNRE0yV2hjTk16VXdNakE1TWpFME1ETTJXakJpTVFzd0NRWURWUVFHRXdKVlV6RVRNQkVHQTFVRUNoTUtRWEJ3YkdVZ1NXNWpMakVtTUNRR0ExVUVDeE1kUVhCd2JHVWdRMlZ5ZEdsbWFXTmhkR2x2YmlCQmRYUm9iM0pwZEhreEZqQVVCZ05WQkFNVERVRndjR3hsSUZKdmIzUWdRMEV3Z2dFaU1BMEdDU3FHU0liM0RRRUJBUVVBQTRJQkR3QXdnZ0VLQW9JQkFRRGtrYWtKSDVIYkhrZFE2d1h0WG5tRUxlczJvbGRNVmV5TEdZbmUrVXRzOVFlcklqQUM2QmcrK0ZBSjAzOUJxSmo1MGNwbW5DUnJFZENqdStRYktzTWZsWjU2REtSSGkxdlVGamN6eThRUFRjNFVhZEhKR1hMMVhRN1ZmMStiOGlVRHVsV1BUVjBOOFdRMUl4VkxGVmtkczVUMzlweWV6MUM2d1ZoUVo0OEl0Q0QzeTZ3c0lHOXd0ajhCTUl5M1E4OFBuVDN6SzBrb0dzait6clc1RHRsZUhOYkxQYlU2cmZRUERnQ1NDN0VoRmk1MDFUd04yMklXcTZOeGtrZFRWY0d2TDBHeitQdmpjTTNtbzB4RmZoOU1hMUNXUVluRWRHSUxFSU5CaHpPS2diRXdXT3hhQkRLTWFMT1BIZDVsYy85blhtVzhTZGgybnpNVVphRjNsTWt0QWdNQkFBR2pnZ0Y2TUlJQmRqQU9CZ05WSFE4QkFmOEVCQU1DQVFZd0R3WURWUjBUQVFIL0JBVXdBd0VCL3pBZEJnTlZIUTRFRmdRVUs5QnBSNVIyQ2Y3MGE0MHVRS2IzUjAxL0NGNHdId1lEVlIwakJCZ3dGb0FVSzlCcFI1UjJDZjcwYTQwdVFLYjNSMDEvQ0Y0d2dnRVJCZ05WSFNBRWdnRUlNSUlCQkRDQ0FRQUdDU3FHU0liM1kyUUZBVENCOGpBcUJnZ3JCZ0VGQlFjQ0FSWWVhSFIwY0hNNkx5OTNkM2N1WVhCd2JHVXVZMjl0TDJGd2NHeGxZMkV2TUlIREJnZ3JCZ0VGQlFjQ0FqQ0J0aHFCczFKbGJHbGhibU5sSUc5dUlIUm9hWE1nWTJWeWRHbG1hV05oZEdVZ1lua2dZVzU1SUhCaGNuUjVJR0Z6YzNWdFpYTWdZV05qWlhCMFlXNWpaU0J2WmlCMGFHVWdkR2hsYmlCaGNIQnNhV05oWW14bElITjBZVzVrWVhKa0lIUmxjbTF6SUdGdVpDQmpiMjVrYVhScGIyNXpJRzltSUhWelpTd2dZMlZ5ZEdsbWFXTmhkR1VnY0c5c2FXTjVJR0Z1WkNCalpYSjBhV1pwWTJGMGFXOXVJSEJ5WVdOMGFXTmxJSE4wWVhSbGJXVnVkSE11TUEwR0NTcUdTSWIzRFFFQkJRVUFBNElCQVFCY05wbE1MWGkzN1l5YjNQTjNtL0oyMG5jd1Q4RWZoWU9GRzVrOVJ6ZnlxWnRBaml6VXNaQVMyTDcwYzV2dTBtUVB5M2xQTk5paVB2bDQvMnZJQit4OU9ZT0xVeURUT01TeHY1cFBDbXYvSy94WnB3VUpmQmRBVmhFZWROTzNpeU03UjZQVmJ5VGk2OUczY044UFJlRW55dkZ0ZU8zbnRSY1hxTngrSWpYS0pkWFpEOVpyMUtJa0l4SDNvYXlQYzRGZ3hodGJDUytTc3ZoRVNQQmdPSjRWOVQwbVp5Q0tNMnIzRFlMUDN1dWpML2xUYWx0a3dHTXpkL2M2Qnl4VzY5b1BJUTdhdW5NWlQ3WFpObi9CaDFYWnA1bTVNa0w3Mk5WeG5uNmhVcmNidlpOQ0pCSXF4dzhkdGsyY1htUElTNEFYVUtxSzFkcmsvTkFKQnpld2RYVWhNWUlDaFRDQ0FvRUNBUUV3ZnpCek1TMHdLd1lEVlFRRERDUkJjSEJzWlNCcFVHaHZibVVnUTJWeWRHbG1hV05oZEdsdmJpQkJkWFJvYjNKcGRIa3hJREFlQmdOVkJBc01GME5sY25ScFptbGpZWFJwYjI0Z1FYVjBhRzl5YVhSNU1STXdFUVlEVlFRS0RBcEJjSEJzWlNCSmJtTXVNUXN3Q1FZRFZRUUdFd0pWVXdJSVJpQXR2QU5QajdZd0NRWUZLdzREQWhvRkFLQ0IzREFZQmdrcWhraUc5dzBCQ1FNeEN3WUpLb1pJaHZjTkFRY0JNQndHQ1NxR1NJYjNEUUVKQlRFUEZ3MHlOakExTWpreE16QXhNakZhTUNNR0NTcUdTSWIzRFFFSkJERVdCQlJiUWQrMkpFaHhRMnlrYURaUStoWmFwS1Roa2pBcEJna3Foa2lHOXcwQkNUUXhIREFhTUFrR0JTc09Bd0lhQlFDaERRWUpLb1pJaHZjTkFRRUJCUUF3VWdZSktvWklodmNOQVFrUE1VVXdRekFLQmdncWhraUc5dzBEQnpBT0JnZ3Foa2lHOXcwREFnSUNBSUF3RFFZSUtvWklodmNOQXdJQ0FVQXdCd1lGS3c0REFnY3dEUVlJS29aSWh2Y05Bd0lDQVNnd0RRWUpLb1pJaHZjTkFRRUJCUUFFZ2dFQWtJTEpSdjZKUi9sL1YzR3hGbVRYVUxVUUpoelV0WVJmczFHY0hTRitHY3QrOURlTkNvNXY5MmpaMktySk44RHJXYWhyWUhPTzZtYTJLcVVCRWoyWFByTzQvUEZKY3ovYWJWT3JORG00SC83UW9UZFNIM3ZnK1hPS2lMY3kveGdaRlBhVWt4NlFrWUlxWHk1MmpwZW9SWlA1cDJJejVNYk5OYWNLcTd2WDBOQjRHL043VmFRQlRYbWpzUWgrbkl2Nzlacnc0c29kcXZSdjFYTjlnWm5nbDJOeW92U2Q2THJ0VlJXZGlFZHg0VysxT3QyNTgrcTQyNk1lUUFUOHdBQW1XVStZM1dZYVVIMDZETHRjSWVKeGxGaDN0OHVhNjF1dytXK2pURE55YVl2bHVtaEgrRFB6YkJZbVFONXlKY0dIMU1GK3FRSjhjbDh5NXEwMXlkWmdudz09IiwiZGlzdHJpYnV0aW9uQ2VydGlmaWNhdGUiOnsiZGF0YUJhc2U2NCI6Ik1JSUw4Z0lCQXpDQ0M3Z0dDU3FHU0liM0RRRUhBYUNDQzZrRWdndWxNSUlMb1RDQ0JrRUdDU3FHU0liM0RRRUhBYUNDQmpJRWdnWXVNSUlHS2pDQ0JpWUdDeXFHU0liM0RRRU1DZ0VEb0lJRjF6Q0NCZE1HQ2lxR1NJYjNEUUVKRmdHZ2dnWERCSUlGdnpDQ0Jic3dnZ1Nqb0FNQ0FRSUNFRWlXcXZxVWxJZjBCc3ZtMmF6aytEb3dEUVlKS29aSWh2Y05BUUVMQlFBd2RURkVNRUlHQTFVRUF3dzdRWEJ3YkdVZ1YyOXliR1IzYVdSbElFUmxkbVZzYjNCbGNpQlNaV3hoZEdsdmJuTWdRMlZ5ZEdsbWFXTmhkR2x2YmlCQmRYUm9iM0pwZEhreEN6QUpCZ05WQkFzTUFrY3pNUk13RVFZRFZRUUtEQXBCY0hCc1pTQkpibU11TVFzd0NRWURWUVFHRXdKVlV6QWVGdzB5TmpBME1UUXhNelEwTkRSYUZ3MHlOekEwTVRReE16UTBORE5hTUlHV01Sb3dHQVlLQ1pJbWlaUHlMR1FCQVF3S1VrMUZTRTVIU2psUVVqRTdNRGtHQTFVRUF3d3lhVkJvYjI1bElFUnBjM1J5YVdKMWRHbHZiam9nUVd4aVpYSjBkWE1nUm5Wc2JHRnlaQ0FvVWsxRlNFNUhTamxRVWlreEV6QVJCZ05WQkFzTUNsSk5SVWhPUjBvNVVGSXhHVEFYQmdOVkJBb01FRUZzWW1WeWRIVnpJRVoxYkd4aGNtUXhDekFKQmdOVkJBWVRBbFZUTUlJQklqQU5CZ2txaGtpRzl3MEJBUUVGQUFPQ0FROEFNSUlCQ2dLQ0FRRUF2V000QmhLbndrNFc1SG5qLzcxbmplVXg0WnFTbGdvb2FYUDJlNEFtN1VzUjdiTllvR1VneWJQUTZCZjBTWm5KY3UybkwrQXBYZE9ZOVg0WkR2M1pxY3NmODh5a3pyS0hsN0VuNmpXRTZGL0VVVldCbGVHQUM1SWZDV3c4VmJMdWNFcHlTMEIrM3dJR1QyRjNKbGRxTEZKYm41Mzd4aVZXWTJLNU1XU2ZOdXk3aDArRU5oNjJpOUpZcEUwbFJxaVM0RUpUWUZ6SHdsb3luS2MrUzlIZ0dSR01VMFpubTZJS2RKalNHWWlqWDRxN1lia05oSWVzelhLQnBpVFRZUG4xVENzTS9CNGtlekY0OEZqR1Vab25vZSs1Sk1kY1NuSm52aEwrSFhnRm04Z3lGUEsxdXJhQS9aQ2dxa3JCNStVN1JwajlrUHRnQUZ2ZkpWMWhEa2EyVlFJREFRQUJvNElDSXpDQ0FoOHdEQVlEVlIwVEFRSC9CQUl3QURBZkJnTlZIU01FR0RBV2dCUUovc0FWa1BtdlpBcVNFcmttS0dNTWwreW5zakJ3QmdnckJnRUZCUWNCQVFSa01HSXdMUVlJS3dZQkJRVUhNQUtHSVdoMGRIQTZMeTlqWlhKMGN5NWhjSEJzWlM1amIyMHZkM2RrY21jekxtUmxjakF4QmdnckJnRUZCUWN3QVlZbGFIUjBjRG92TDI5amMzQXVZWEJ3YkdVdVkyOXRMMjlqYzNBd015MTNkMlJ5WnpNd01qQ0NBUjRHQTFVZElBU0NBUlV3Z2dFUk1JSUJEUVlKS29aSWh2ZGpaQVVCTUlIL01JSERCZ2dyQmdFRkJRY0NBakNCdGd5QnMxSmxiR2xoYm1ObElHOXVJSFJvYVhNZ1kyVnlkR2xtYVdOaGRHVWdZbmtnWVc1NUlIQmhjblI1SUdGemMzVnRaWE1nWVdOalpYQjBZVzVqWlNCdlppQjBhR1VnZEdobGJpQmhjSEJzYVdOaFlteGxJSE4wWVc1a1lYSmtJSFJsY20xeklHRnVaQ0JqYjI1a2FYUnBiMjV6SUc5bUlIVnpaU3dnWTJWeWRHbG1hV05oZEdVZ2NHOXNhV041SUdGdVpDQmpaWEowYVdacFkyRjBhVzl1SUhCeVlXTjBhV05sSUhOMFlYUmxiV1Z1ZEhNdU1EY0dDQ3NHQVFVRkJ3SUJGaXRvZEhSd2N6b3ZMM2QzZHk1aGNIQnNaUzVqYjIwdlkyVnlkR2xtYVdOaGRHVmhkWFJvYjNKcGRIa3ZNQllHQTFVZEpRRUIvd1FNTUFvR0NDc0dBUVVGQndNRE1CMEdBMVVkRGdRV0JCUlZaOEZ2d0pZN1hIZzdJTllGSjBmSG5nSzJtVEFPQmdOVkhROEJBZjhFQkFNQ0I0QXdFd1lLS29aSWh2ZGpaQVlCQkFFQi93UUNCUUF3RFFZSktvWklodmNOQVFFTEJRQURnZ0VCQUZCb3ByZGcwV2JDVHNQTklBZ210aWtUOGFSZHBXNHl4Nm9MZWoyb3FBTWtnOENQQ042Y3FJU1ppd1ZNbXZVWnhSb0ZNNjU0aUcweGQ4VzNXOXVpdzNzUVlEeTdRTklmV2RYY3dXUGtpRCtyNnFkVUgyQSsxbU56UWxuYkRscVNiT0NrZ3czSEd0WG1wVmpCZ2o4d1pJTk9wZnErc056cm9UL25DS1B1bUFiY0c1ZkFzNG5Sdmw2NS8rdExtUFJqbFpBK0JySTJlMGNnYlh4Q1NjWFplRU9oL3FTVlhTKyswcTN1K1NKdEtIRlpGbWg0Zk1QQ2MvMXNla01sNGlQM3V2Rk1wam92elB1UUIrR2pVR1g3SEFOWlV4ZllUak04WE5GdmxiYTFqaHN5Z3p3L2dDcDFzZnpueEdxMDExY0NKMkhld3AvTHc2OVFHSjh4WG4rUWpOVXhQREFqQmdrcWhraUc5dzBCQ1JVeEZnUVVRQ2xpNk9HR1NVakJybGhJaDUxMUlTTmFSWVV3RlFZSktvWklodmNOQVFrVU1RZ2VCZ0JyQUdVQWVUQ0NCVmdHQ1NxR1NJYjNEUUVIQWFDQ0JVa0VnZ1ZGTUlJRlFUQ0NCVDBHQ3lxR1NJYjNEUUVNQ2dFQ29JSUU3akNDQk9vd0hBWUtLb1pJaHZjTkFRd0JBekFPQkFnemJ0TkJ2clBvTmdJQ0NBQUVnZ1RJMVYwUm5MVTRuZmo1QlpJZVN4bllld0p4YVk5cDZHaFh6ZlV0Q3d0b3BjY3h1SkVDNENIeGcrdUZuZ3AxVWFMeXMrWHVtWWo2cGRvNE9WaXdMTzRrS1N3RHBWdmt0Y2VZeVJZUlQ1bVNhblJEUG5pWXNwbitJQjFGeDBzWkNPdTZ2S2NSampSem5hcXNCV1NZUGlLdWJjeG11S2pYT3VSRk5JYVpIQjNLOGtyam5iclIzNityTkIyS2s2eFNPaHZqdEFVcjY5SmdMU2xxeDhveHdIRzdQbG14ZmJ4MlErdzNwT1A3NkVKRC9rajRQRStaWkM3NEhZc2tieVcvem9odnpkY3haMko3YnVLdCtvT285Q0pFV1NvZVZXRXpzQm9wdVF0MVBkNmJDMzR1cnl5SXpCbkJjR2VrT05Rc0RvQ2ZNT1JzcTZiQlNYOTE1dE43OCsxYmxRSk5uVVh6R1YyUnYzMVo2NkVoZXFVM2JZYVZNdVRmcy9qZWNINnMyc2xoUVkzZTBkbFVJbTdyelVIUWJIRUE0NTlNdFBOOXEvZmx0c2pOSG84ZjQzUFluZ3hUNGdjWjAza1pDb3ZVUjU3Si8ybDJDUWtURlJhTzFyamFqV1B4TEgvaVBNelFkcmV6USs0YkhkL1NSV2RkMmlBdWpsN2hXOEprenBHZWtUckd5OE4yMytVdHlJOTYyYi8xVWVJRTJRUmRTVHk1c0lObE9lNlVVeEVuYTlHMVdlZUowc2syZ3J4eitsRWoyY1Y2dkVjT1ZCWXRBQmsrRGRYRjZwSlVMaDlnaFlsSTZBeEExS282ZkkrVzlaNXlQd250U2Nld3ZuamZRWE9NYUtFMUUzUlk4RlRvQ21HNjlmbHR6YjJUT3NzeE9tSE5jVm8xK3JjZm9EY1U5NlBRTmdKclg0bW95OUNWL1c2NTFyZVBISG04c0RySjlNSXJ3dnBUS0JGbDRSclkzbUorZ21QVGpGU3doVUZRNThmKzd4cXZEMmJUWUJUbHQ3L3Y1bHU4VVl5b3BHSU5KcVNBSmpUWnB4YlNhTEVKZzVMWjJSUzJnTUFBYjJKdG1LZlFQSDBMRmZSWXd4aHJQQTJMS3QzbGNTTkRYNUU1QXkyVjEvNXRHTjlyNm9CTEVUUTJSVFVIYnlTbGlnNTlYNm02bWEzZ2lFQk9uYU9mUVBucC80QWNFWlZSNkJKU3VwUTVYejlqcDZLT294Ump3SFlTNVY3NysxOUd5ckIva2J5dUh0QzNDQ0FyTGcwZTVkU3ZMVEVsd3J5aUJuYlJwQ3g4bEx4K1FGMjFWWUh5L1hYNEphLzcrYUJLUDNZZ200blpqOG9WWXhFUm13Qm8zNTUvZ1hDZG5KU29tQ2NYRXJxWVh4clk4ZFc1R1Mramhqc0I5MGRWb3owbWtMSlNQRVFlNkxIOHhtUk12ME1kVEZyZWQyaldPK01aUUx1SE00Zm5PbmpaVGQveXZJSjdvaWExT0t5MlJRVC93YWhzVHNsdVFEWnN0NlNqc2pacjRXRGtTaVltUE5TTzVSOHo3bjhXeEE5SjJVcks4Unk3UW9MUFhJUElPN3FzVDRXcFh5RWJqNDZmK3ZMRUZLNlZZSlRLVWgvU2Fpa2hxNUY0YWdZM0llRGNLSDBzckFrQW1EYWVoQ1hhTzhSSEIyQVd4cWp0QkFvb3doSTB5TGlCOXk5Nnl3a2plUGNNTURJZGVvL0lIWW1XeXZkcWMvNjVRWE5yRy9GaVptM2RpV1Z5cERGcFJKRHA4V3NOQTNnMmY3RkxSbzZoOHpvU2dnS1VubjEwL3BtU2JmdlRWeE5iV01iQ2lhbGYvUTcrMUZCMll1dENHTVlPbHRIdlFJdTE0dFVPVWJVZWk5dGtBcVBGUWNORmlDL1A3VFVub3YramtQSEd5UEV6OHhrNlpYY3dDYXlkTDIzY0dkR1JtVzdWUHpKTmEzYWdqaEtmcitjY3VBM1BHTzg5ZmpyUm1SaXM0UWlIdERNYi9abEZMaHpadEwrbmdhQmpVTC9SUDNQTGJ0dm9jcHdkU2JBemtjQzkvZTVoSWpNZzdzaW53dzVzTHpYME96eXVZT3pTM1pUeHVRaXBxdVlzQ2dmQThid2tTOFN1eWk5NUszeEtNMzBIbzFPK2JWWG15WnZ5cHcwTVQzVld5Z09oTVR3d0l3WUpLb1pJaHZjTkFRa1ZNUllFRkVBcFl1amhoa2xJd2E1WVNJZWRkU0VqV2tXRk1CVUdDU3FHU0liM0RRRUpGREVJSGdZQWF3QmxBSGt3TVRBaE1Ba0dCU3NPQXdJYUJRQUVGTEx0UHRlUUoxaVRjN3UwYUlzVzg2T1lNUHdFQkFoVVMyamFId1J1RndJQ0NBQT0iLCJwYXNzd29yZCI6IitNMVNqN2pxZExiTVZvYm52RUdOY3c9PSJ9fX19LCJ1cGRhdGVzIjp7fSwic2NoZW1lIjoiRmFuU2NvcmVzIiwidXNlcm5hbWUiOiJoYW16YWJpbmFtaW4iLCJ2ZXJzaW9uIjp7ImJ1aWxkTnVtYmVyIjoiNSJ9LCJleHBlcmltZW50YWwiOnt9LCJtb2RlIjoiYnVpbGQiLCJ0cmlnZ2VyZWRCeSI6IkVBU19DTEkiLCJhcHBJZCI6IjgyMTY3YWI0LWEyMzktNGI0Ni1iMjhkLTdjYzdlOWU3YWVjMyIsImluaXRpYXRpbmdVc2VySWQiOiIxOTVlM2Y0ZS0wNzhmLTQ4ZDQtYjdlMC0xZjUxYzY1M2VhYWEifSwibWV0YWRhdGEiOnsidHJhY2tpbmdDb250ZXh0Ijp7InRyYWNraW5nX2lkIjoiNWM2YjAxZjktNmI1Mi00YWUxLWFiZDgtZDU5YTE3NGRhOTYwIiwicGxhdGZvcm0iOiJpb3MiLCJzZGtfdmVyc2lvbiI6IjU2LjAuMCIsImFjY291bnRfaWQiOiI3ZGRkYjk1My0xYmZjLTRiNGMtOGVmYy04YTk2NTFkMWYzMWEiLCJwcm9qZWN0X2lkIjoiODIxNjdhYjQtYTIzOS00YjQ2LWIyOGQtN2NjN2U5ZTdhZWMzIiwicHJvamVjdF90eXBlIjoibWFuYWdlZCIsImRldl9jbGllbnQiOmZhbHNlLCJkZXZfY2xpZW50X3ZlcnNpb24iOiI1Ni4wLjE4Iiwibm9fd2FpdCI6ZmFsc2UsInJ1bl9mcm9tX2NpIjpmYWxzZSwibG9jYWwiOnRydWV9LCJhcHBCdWlsZFZlcnNpb24iOiI1IiwiYXBwVmVyc2lvbiI6IjEuMC4wIiwiY2xpVmVyc2lvbiI6IjE5LjEuMCIsIndvcmtmbG93IjoibWFuYWdlZCIsImNyZWRlbnRpYWxzU291cmNlIjoicmVtb3RlIiwic2RrVmVyc2lvbiI6IjU2LjAuMCIsImZpbmdlcnByaW50SGFzaCI6IjQ1M2Q1MDYzYzJmOGQ3NDI4ZjEyNmI1ZDBiMDgyOGRiZWQ2YzNlZDYiLCJyZWFjdE5hdGl2ZVZlcnNpb24iOiIwLjg1LjMiLCJleHBvUGFja2FnZVZlcnNpb24iOiI1Ni4wLjciLCJkaXN0cmlidXRpb24iOiJzdG9yZSIsImFwcE5hbWUiOiJGYW5TY29yZXMiLCJhcHBJZGVudGlmaWVyIjoiY29tLmZhbnNjb3Jlcy5hcHAiLCJidWlsZFByb2ZpbGUiOiJwcm9kdWN0aW9uIiwiZ2l0Q29tbWl0SGFzaCI6ImVlOWFkYzljNTJmZjVjZGZmN2Y2M2RkOTMxNzBhNGQwOTIzOGQ3MDgiLCJnaXRDb21taXRNZXNzYWdlIjoiMS4gVXBkYXRlZCBSRUFETUUubWQiLCJpc0dpdFdvcmtpbmdUcmVlRGlydHkiOnRydWUsInVzZXJuYW1lIjoiaGFtemFiaW5hbWluIiwicnVuV2l0aE5vV2FpdEZsYWciOmZhbHNlLCJydW5Gcm9tQ0kiOmZhbHNlLCJkZXZlbG9wbWVudENsaWVudCI6ZmFsc2UsInJlcXVpcmVkUGFja2FnZU1hbmFnZXIiOiJucG0iLCJzaW11bGF0b3IiOmZhbHNlfX0= exited with non-zero code: 1
    Error: build command failed.
